<html>
<body>
<pre>
<h1>礦ision Build Log</h1>
<h2>Tool Versions:</h2>
IDE-Version: μVision V5.26.2.0
Copyright (C) 2018 ARM Ltd and ARM Germany GmbH. All rights reserved.
License Information: 1 devil, 1, LIC=EXJT4-FY1MN-MM09I-T0FTP-F28WH-18L8C
 
Tool Versions:
Toolchain:       MDK-ARM Plus  Version: 5.26.2.0
Toolchain Path:  D:\develop_tools\keil526\ARM\ARMCC\Bin
C Compiler:      Armcc.exe V5.06 update 6 (build 750)
Assembler:       Armasm.exe V5.06 update 6 (build 750)
Linker/Locator:  ArmLink.exe V5.06 update 6 (build 750)
Library Manager: ArmAr.exe V5.06 update 6 (build 750)
Hex Converter:   FromElf.exe V5.06 update 6 (build 750)
CPU DLL:         SARMCM3.DLL V5.26.2.0
Dialog DLL:      DCM.DLL V1.17.2.0
Target DLL:      CMSIS_AGDI.dll V1.30.6.0
Dialog DLL:      TCM.DLL V1.36.1.0
 
<h2>Project:</h2>
D:\develop_code_pro\项目合集\呼吸机工程合集\呼吸机_整合_全局变量_副\Project\RVMDK（uv5）\Fire_RT-Thread.uvprojx
Project File Date:  11/18/2024

<h2>Output:</h2>
*** Using Compiler 'V5.06 update 6 (build 750)', folder: 'D:\develop_tools\keil526\ARM\ARMCC\Bin'
Build target 'ventilator'
assembling startup_stm32f40xx.s...
compiling stm32f4xx_cec.c...
compiling stm32f4xx_can.c...
compiling system_stm32f4xx.c...
compiling stm32f4xx_dbgmcu.c...
compiling misc.c...
compiling stm32f4xx_cryp.c...
compiling stm32f4xx_dcmi.c...
compiling stm32f4xx_dac.c...
compiling stm32f4xx_exti.c...
compiling stm32f4xx_crc.c...
compiling stm32f4xx_cryp_des.c...
compiling stm32f4xx_dma.c...
compiling stm32f4xx_cryp_tdes.c...
compiling stm32f4xx_adc.c...
compiling stm32f4xx_cryp_aes.c...
compiling stm32f4xx_flash.c...
compiling stm32f4xx_flash_ramfunc.c...
compiling stm32f4xx_fmpi2c.c...
compiling stm32f4xx_hash_md5.c...
compiling stm32f4xx_gpio.c...
compiling stm32f4xx_qspi.c...
compiling stm32f4xx_fsmc.c...
compiling stm32f4xx_iwdg.c...
compiling stm32f4xx_hash.c...
compiling stm32f4xx_hash_sha1.c...
compiling stm32f4xx_pwr.c...
compiling stm32f4xx_i2c.c...
compiling stm32f4xx_rcc.c...
compiling stm32f4xx_rng.c...
compiling stm32f4xx_sai.c...
compiling stm32f4xx_sdio.c...
compiling stm32f4xx_rtc.c...
compiling stm32f4xx_spdifrx.c...
compiling stm32f4xx_syscfg.c...
compiling stm32f4xx_spi.c...
compiling stm32f4xx_usart.c...
compiling stm32f4xx_wwdg.c...
compiling bsp_debug_usart.c...
compiling stm32f4xx_it.c...
compiling stm32f4xx_tim.c...
compiling SDP8XX.c...
compiling board.c...
compiling xgzp6859.c...
..\..\User\Bsp\xgzp6859\xgzp6859.c(43): warning:  #177-D: variable "result"  was declared but never referenced
      uint8_t result = 0;
..\..\User\Bsp\xgzp6859\xgzp6859.c: 1 warning, 0 errors
compiling siic.c...
compiling air_blower.c...
compiling key.c...
compiling main.c...
..\..\User\main.c(74): warning:  #177-D: variable "thread_rtc"  was declared but never referenced
  static rt_thread_t thread_rtc= RT_NULL;
..\..\User\main.c: 1 warning, 0 errors
compiling clock.c...
compiling humidification.c...
..\..\User\Bsp\humidification\humidification.c(37): warning:  #1-D: last line of file ends without a newline
  }
..\..\User\Bsp\humidification\humidification.c: 1 warning, 0 errors
compiling components.c...
compiling device.c...
compiling idle.c...
compiling irq.c...
compiling memheap.c...
compiling ipc.c...
compiling lcd_init.c...
compiling mempool.c...
compiling scheduler.c...
compiling signal.c...
compiling object.c...
compiling mem.c...
compiling kservice.c...
assembling context_rvds.S...
compiling timer.c...
compiling thread.c...
compiling myflash.c...
compiling MyRTC.c...
..\..\User\Bsp\rtc\MyRTC.c(93): warning:  #1-D: last line of file ends without a newline
  // }
..\..\User\Bsp\rtc\MyRTC.c: 1 warning, 0 errors
compiling cpuport.c...
compiling led.c...
compiling lcd.c...
compiling wkup.c...
compiling Ventilator_function.c...
linking...
Program Size: Code=30432 RO-data=4436 RW-data=3884 ZI-data=6612  
FromELF: creating hex file...
"..\..\Output\Fire_RT-Thread.axf" - 0 Error(s), 4 Warning(s).

<h2>Software Packages used:</h2>

Package Vendor: Keil
                http://www.keil.com/pack/Keil.STM32F4xx_DFP.2.12.0.pack
                Keil.STM32F4xx_DFP.2.12.0
                STMicroelectronics STM32F4 Series Device Support, Drivers and Examples

<h2>Collection of Component include folders:</h2>
  .\RTE\_ventilator
  D:\develop_tools\keil526\ARM\PACK\Keil\STM32F4xx_DFP\2.12.0\Drivers\CMSIS\Device\ST\STM32F4xx\Include

<h2>Collection of Component Files used:</h2>
Build Time Elapsed:  00:00:10
</pre>
</body>
</html>
