<html>
<body>
<pre>
<h1>礦ision Build Log</h1>
<h2>Tool Versions:</h2>
IDE-Version: μVision V5.40.0.0
Copyright (C) 2024 ARM Ltd and ARM Germany GmbH. All rights reserved.
License Information: 1 1845598311@qq.com, 1, LIC=ATTQ1-CJILX-56VQ2-9564W-I5FIW-1VT2Z
 
Tool Versions:
Toolchain:       MDK-ARM Plus  Version: 5.40.0.3
Toolchain Path:  D:\software\keilc51\ARM\ARMCC\Bin
C Compiler:      Armcc.exe V5.06 update 5 (build 528)
Assembler:       Armasm.exe V5.06 update 5 (build 528)
Linker/Locator:  ArmLink.exe V5.06 update 5 (build 528)
Library Manager: ArmAr.exe V5.06 update 5 (build 528)
Hex Converter:   FromElf.exe V5.06 update 5 (build 528)
CPU DLL:         SARMCM3.DLL V5.40.0.3
Dialog DLL:      DCM.DLL V1.17.5.0
Target DLL:      CMSIS_AGDI.dll V1.33.18.0
Dialog DLL:      TCM.DLL V1.56.4.0
 
<h2>Project:</h2>
D:\workplace\2025qiansaiHXJ\Project\RVMDK（uv5）\VENTILATOR.uvprojx
Project File Date:  07/01/2025

<h2>Output:</h2>
*** Using Compiler 'V5.06 update 5 (build 528)', folder: 'D:\software\keilc51\ARM\ARMCC\Bin'
Build target 'VENTILATOR'
compiling main.c...
..\..\User\Bsp\ds18b20\ds18b20.h(31): warning:  #1-D: last line of file ends without a newline
  					
..\..\User\main.c(262): warning:  #177-D: variable "Inspiratory_pressure_F"  was declared but never referenced
  	uint32_t Inspiratory_pressure_F=0; //吸气气压      
..\..\User\main.c(266): warning:  #177-D: variable "Expiratory_pressure_F"  was declared but never referenced
  	uint32_t Expiratory_pressure_F=0;  //呼气气压
..\..\User\main.c(275): warning:  #177-D: variable "al_flag"  was declared but never referenced
  	uint8_t al_flag=0;
..\..\User\main.c(468): warning:  #177-D: variable "Temperature"  was declared but never referenced
  	float Temperature=0; 
..\..\User\main.c(469): warning:  #177-D: variable "Tem"  was declared but never referenced
  	int32_t Tem = 0;
..\..\User\main.c(470): warning:  #177-D: variable "preassure"  was declared but never referenced
    int32_t preassure=0;	
..\..\User\main.c(473): warning:  #550-D: variable "Hum_Room"  was set but never used
  	uint8_t Hum_Room;		//室内湿度
..\..\User\main.c(474): warning:  #550-D: variable "Tem_Room"  was set but never used
  	uint8_t Tem_Room;		//室内温度
..\..\User\main.c(580): warning:  #177-D: variable "buf"  was declared but never referenced
    char buf[64];
..\..\User\main.c(581): warning:  #177-D: variable "test"  was declared but never referenced
    int test;
..\..\User\main.c(691): warning:  #177-D: variable "buf"  was declared but never referenced
  	char buf[32];
..\..\User\main.c(928): warning:  #177-D: variable "j"  was declared but never referenced
  	int j = 0;	
..\..\User\main.c(57): warning:  #177-D: function "rtc_thread_entry"  was declared but never referenced
  static void rtc_thread_entry(void* parameter);
..\..\User\main.c(1587): warning:  #177-D: function "uart_input"  was declared but never referenced
  static rt_err_t uart_input(rt_device_t dev, rt_size_t size){
..\..\User\main.c: 15 warnings, 0 errors
linking...
Program Size: Code=35768 RO-data=60296 RW-data=3964 ZI-data=6732  
FromELF: creating hex file...
"..\..\Output\VENTILATOR.axf" - 0 Error(s), 15 Warning(s).

<h2>Software Packages used:</h2>

Package Vendor: Keil
                https://www.keil.com/pack/Keil.STM32F4xx_DFP.2.17.1.pack
                Keil::STM32F4xx_DFP@2.17.1
                STMicroelectronics STM32F4 Series Device Support, Drivers and Examples

<h2>Collection of Component include folders:</h2>
  D:/software/keilc51/ARM/PACK/Keil/STM32F4xx_DFP/2.17.1/Drivers/CMSIS/Device/ST/STM32F4xx/Include

<h2>Collection of Component Files used:</h2>
Build Time Elapsed:  00:00:01
</pre>
</body>
</html>
