Component: ARM Compiler 5.06 update 6 (build 750) Tool: armlink [4d35ed]

==============================================================================

Section Cross References

    startup_stm32f40xx.o(RESET) refers to startup_stm32f40xx.o(STACK) for __initial_sp
    startup_stm32f40xx.o(RESET) refers to startup_stm32f40xx.o(.text) for Reset_Handler
    startup_stm32f40xx.o(RESET) refers to context_rvds.o(.text) for HardFault_Handler
    startup_stm32f40xx.o(RESET) refers to board.o(i.SysTick_Handler) for SysTick_Handler
    startup_stm32f40xx.o(RESET) refers to wkup.o(i.EXTI0_IRQHandler) for EXTI0_IRQHandler
    startup_stm32f40xx.o(.text) refers to system_stm32f4xx.o(i.SystemInit) for SystemInit
    startup_stm32f40xx.o(.text) refers to entry.o(.ARM.Collect$$$$00000000) for __main
    system_stm32f4xx.o(i.SystemCoreClockUpdate) refers to system_stm32f4xx.o(.data) for SystemCoreClock
    system_stm32f4xx.o(i.SystemInit) refers to system_stm32f4xx.o(i.SetSysClock) for SetSysClock
    stm32f4xx_adc.o(i.ADC_DeInit) refers to stm32f4xx_rcc.o(i.RCC_APB2PeriphResetCmd) for RCC_APB2PeriphResetCmd
    stm32f4xx_can.o(i.CAN_DeInit) refers to stm32f4xx_rcc.o(i.RCC_APB1PeriphResetCmd) for RCC_APB1PeriphResetCmd
    stm32f4xx_can.o(i.CAN_GetITStatus) refers to stm32f4xx_can.o(i.CheckITStatus) for CheckITStatus
    stm32f4xx_cryp.o(i.CRYP_DeInit) refers to stm32f4xx_rcc.o(i.RCC_AHB2PeriphResetCmd) for RCC_AHB2PeriphResetCmd
    stm32f4xx_cryp_aes.o(i.CRYP_AES_CBC) refers to stm32f4xx_cryp.o(i.CRYP_KeyStructInit) for CRYP_KeyStructInit
    stm32f4xx_cryp_aes.o(i.CRYP_AES_CBC) refers to stm32f4xx_cryp.o(i.CRYP_FIFOFlush) for CRYP_FIFOFlush
    stm32f4xx_cryp_aes.o(i.CRYP_AES_CBC) refers to stm32f4xx_cryp.o(i.CRYP_Init) for CRYP_Init
    stm32f4xx_cryp_aes.o(i.CRYP_AES_CBC) refers to stm32f4xx_cryp.o(i.CRYP_KeyInit) for CRYP_KeyInit
    stm32f4xx_cryp_aes.o(i.CRYP_AES_CBC) refers to stm32f4xx_cryp.o(i.CRYP_Cmd) for CRYP_Cmd
    stm32f4xx_cryp_aes.o(i.CRYP_AES_CBC) refers to stm32f4xx_cryp.o(i.CRYP_GetFlagStatus) for CRYP_GetFlagStatus
    stm32f4xx_cryp_aes.o(i.CRYP_AES_CBC) refers to stm32f4xx_cryp.o(i.CRYP_IVInit) for CRYP_IVInit
    stm32f4xx_cryp_aes.o(i.CRYP_AES_CBC) refers to stm32f4xx_cryp.o(i.CRYP_GetCmdStatus) for CRYP_GetCmdStatus
    stm32f4xx_cryp_aes.o(i.CRYP_AES_CBC) refers to stm32f4xx_cryp.o(i.CRYP_DataIn) for CRYP_DataIn
    stm32f4xx_cryp_aes.o(i.CRYP_AES_CBC) refers to stm32f4xx_cryp.o(i.CRYP_DataOut) for CRYP_DataOut
    stm32f4xx_cryp_aes.o(i.CRYP_AES_CCM) refers to stm32f4xx_cryp.o(i.CRYP_KeyStructInit) for CRYP_KeyStructInit
    stm32f4xx_cryp_aes.o(i.CRYP_AES_CCM) refers to stm32f4xx_cryp.o(i.CRYP_FIFOFlush) for CRYP_FIFOFlush
    stm32f4xx_cryp_aes.o(i.CRYP_AES_CCM) refers to stm32f4xx_cryp.o(i.CRYP_KeyInit) for CRYP_KeyInit
    stm32f4xx_cryp_aes.o(i.CRYP_AES_CCM) refers to stm32f4xx_cryp.o(i.CRYP_IVInit) for CRYP_IVInit
    stm32f4xx_cryp_aes.o(i.CRYP_AES_CCM) refers to stm32f4xx_cryp.o(i.CRYP_Init) for CRYP_Init
    stm32f4xx_cryp_aes.o(i.CRYP_AES_CCM) refers to stm32f4xx_cryp.o(i.CRYP_PhaseConfig) for CRYP_PhaseConfig
    stm32f4xx_cryp_aes.o(i.CRYP_AES_CCM) refers to stm32f4xx_cryp.o(i.CRYP_DataIn) for CRYP_DataIn
    stm32f4xx_cryp_aes.o(i.CRYP_AES_CCM) refers to stm32f4xx_cryp.o(i.CRYP_Cmd) for CRYP_Cmd
    stm32f4xx_cryp_aes.o(i.CRYP_AES_CCM) refers to stm32f4xx_cryp.o(i.CRYP_GetCmdStatus) for CRYP_GetCmdStatus
    stm32f4xx_cryp_aes.o(i.CRYP_AES_CCM) refers to stm32f4xx_cryp.o(i.CRYP_GetFlagStatus) for CRYP_GetFlagStatus
    stm32f4xx_cryp_aes.o(i.CRYP_AES_CCM) refers to stm32f4xx_cryp.o(i.CRYP_DataOut) for CRYP_DataOut
    stm32f4xx_cryp_aes.o(i.CRYP_AES_CTR) refers to stm32f4xx_cryp.o(i.CRYP_KeyStructInit) for CRYP_KeyStructInit
    stm32f4xx_cryp_aes.o(i.CRYP_AES_CTR) refers to stm32f4xx_cryp.o(i.CRYP_KeyInit) for CRYP_KeyInit
    stm32f4xx_cryp_aes.o(i.CRYP_AES_CTR) refers to stm32f4xx_cryp.o(i.CRYP_Init) for CRYP_Init
    stm32f4xx_cryp_aes.o(i.CRYP_AES_CTR) refers to stm32f4xx_cryp.o(i.CRYP_IVInit) for CRYP_IVInit
    stm32f4xx_cryp_aes.o(i.CRYP_AES_CTR) refers to stm32f4xx_cryp.o(i.CRYP_FIFOFlush) for CRYP_FIFOFlush
    stm32f4xx_cryp_aes.o(i.CRYP_AES_CTR) refers to stm32f4xx_cryp.o(i.CRYP_Cmd) for CRYP_Cmd
    stm32f4xx_cryp_aes.o(i.CRYP_AES_CTR) refers to stm32f4xx_cryp.o(i.CRYP_GetCmdStatus) for CRYP_GetCmdStatus
    stm32f4xx_cryp_aes.o(i.CRYP_AES_CTR) refers to stm32f4xx_cryp.o(i.CRYP_DataIn) for CRYP_DataIn
    stm32f4xx_cryp_aes.o(i.CRYP_AES_CTR) refers to stm32f4xx_cryp.o(i.CRYP_GetFlagStatus) for CRYP_GetFlagStatus
    stm32f4xx_cryp_aes.o(i.CRYP_AES_CTR) refers to stm32f4xx_cryp.o(i.CRYP_DataOut) for CRYP_DataOut
    stm32f4xx_cryp_aes.o(i.CRYP_AES_ECB) refers to stm32f4xx_cryp.o(i.CRYP_KeyStructInit) for CRYP_KeyStructInit
    stm32f4xx_cryp_aes.o(i.CRYP_AES_ECB) refers to stm32f4xx_cryp.o(i.CRYP_FIFOFlush) for CRYP_FIFOFlush
    stm32f4xx_cryp_aes.o(i.CRYP_AES_ECB) refers to stm32f4xx_cryp.o(i.CRYP_Init) for CRYP_Init
[...]
    i.rt_enter_critical                      0x08004998   Section        0  scheduler.o(i.rt_enter_critical)
    i.rt_event_create                        0x080049b8   Section        0  ipc.o(i.rt_event_create)
    i.rt_event_recv                          0x080049de   Section        0  ipc.o(i.rt_event_recv)
    i.rt_event_send                          0x08004ab8   Section        0  ipc.o(i.rt_event_send)
    i.rt_exit_critical                       0x08004b6c   Section        0  scheduler.o(i.rt_exit_critical)
    i.rt_free                                0x08004ba8   Section        0  mem.o(i.rt_free)
    i.rt_heap_begin_get                      0x08004c88   Section        0  board.o(i.rt_heap_begin_get)
    i.rt_heap_end_get                        0x08004c90   Section        0  board.o(i.rt_heap_end_get)
    i.rt_hw_board_init                       0x08004c98   Section        0  board.o(i.rt_hw_board_init)
    i.rt_hw_console_output                   0x08004d38   Section        0  board.o(i.rt_hw_console_output)
    i.rt_hw_hard_fault_exception             0x08004d88   Section        0  cpuport.o(i.rt_hw_hard_fault_exception)
    i.rt_hw_stack_init                       0x08004e94   Section        0  cpuport.o(i.rt_hw_stack_init)
    i.rt_interrupt_enter                     0x08004ee4   Section        0  irq.o(i.rt_interrupt_enter)
    i.rt_interrupt_leave                     0x08004f04   Section        0  irq.o(i.rt_interrupt_leave)
    i.rt_ipc_list_resume                     0x08004f24   Section        0  ipc.o(i.rt_ipc_list_resume)
    rt_ipc_list_resume                       0x08004f25   Thumb Code    20  ipc.o(i.rt_ipc_list_resume)
    i.rt_ipc_list_resume_all                 0x08004f38   Section        0  ipc.o(i.rt_ipc_list_resume_all)
    rt_ipc_list_resume_all                   0x08004f39   Thumb Code    50  ipc.o(i.rt_ipc_list_resume_all)
    i.rt_ipc_list_suspend                    0x08004f6a   Section        0  ipc.o(i.rt_ipc_list_suspend)
    rt_ipc_list_suspend                      0x08004f6b   Thumb Code   108  ipc.o(i.rt_ipc_list_suspend)
    i.rt_ipc_object_init                     0x08004fd6   Section        0  ipc.o(i.rt_ipc_object_init)
    rt_ipc_object_init                       0x08004fd7   Thumb Code    16  ipc.o(i.rt_ipc_object_init)
    i.rt_kprintf                             0x08004fe8   Section        0  kservice.o(i.rt_kprintf)
    i.rt_list_init                           0x08005018   Section        0  ipc.o(i.rt_list_init)
    rt_list_init                             0x08005019   Thumb Code     6  ipc.o(i.rt_list_init)
    i.rt_list_init                           0x0800501e   Section        0  scheduler.o(i.rt_list_init)
    rt_list_init                             0x0800501f   Thumb Code     6  scheduler.o(i.rt_list_init)
    i.rt_list_init                           0x08005024   Section        0  timer.o(i.rt_list_init)
    rt_list_init                             0x08005025   Thumb Code     6  timer.o(i.rt_list_init)
    i.rt_list_insert_after                   0x0800502a   Section        0  object.o(i.rt_list_insert_after)
    rt_list_insert_after                     0x0800502b   Thumb Code    14  object.o(i.rt_list_insert_after)
    i.rt_list_insert_after                   0x08005038   Section        0  thread.o(i.rt_list_insert_after)
    rt_list_insert_after                     0x08005039   Thumb Code    14  thread.o(i.rt_list_insert_after)
    i.rt_list_insert_after                   0x08005046   Section        0  timer.o(i.rt_list_insert_after)
    rt_list_insert_after                     0x08005047   Thumb Code    14  timer.o(i.rt_list_insert_after)
    i.rt_list_insert_before                  0x08005054   Section        0  ipc.o(i.rt_list_insert_before)
    rt_list_insert_before                    0x08005055   Thumb Code    14  ipc.o(i.rt_list_insert_before)
    i.rt_list_isempty                        0x08005062   Section        0  ipc.o(i.rt_list_isempty)
    rt_list_isempty                          0x08005063   Thumb Code    16  ipc.o(i.rt_list_isempty)
    i.rt_list_isempty                        0x08005072   Section        0  timer.o(i.rt_list_isempty)
    rt_list_isempty                          0x08005073   Thumb Code    16  timer.o(i.rt_list_isempty)
    i.rt_list_remove                         0x08005082   Section        0  object.o(i.rt_list_remove)
    rt_list_remove                           0x08005083   Thumb Code    18  object.o(i.rt_list_remove)
    i.rt_list_remove                         0x08005094   Section        0  thread.o(i.rt_list_remove)
    rt_list_remove                           0x08005095   Thumb Code    18  thread.o(i.rt_list_remove)
    i.rt_malloc                              0x080050a8   Section        0  mem.o(i.rt_malloc)
    i.rt_memcpy                              0x08005214   Section        0  kservice.o(i.rt_memcpy)
    i.rt_memset                              0x08005290   Section        0  kservice.o(i.rt_memset)
    i.rt_mq_create                           0x080052d8   Section        0  ipc.o(i.rt_mq_create)
    i.rt_mq_delete                           0x08005358   Section        0  ipc.o(i.rt_mq_delete)
    i.rt_mq_recv                             0x08005374   Section        0  ipc.o(i.rt_mq_recv)
    i.rt_mq_send                             0x08005470   Section        0  ipc.o(i.rt_mq_send)
    i.rt_object_allocate                     0x080054fc   Section        0  object.o(i.rt_object_allocate)
    i.rt_object_delete                       0x08005546   Section        0  object.o(i.rt_object_delete)
    i.rt_object_detach                       0x08005566   Section        0  object.o(i.rt_object_detach)
    i.rt_object_get_information              0x08005580   Section        0  object.o(i.rt_object_get_information)
    i.rt_object_init                         0x080055a8   Section        0  object.o(i.rt_object_init)
    i.rt_object_is_systemobject              0x080055e4   Section        0  object.o(i.rt_object_is_systemobject)
    i.rt_schedule                            0x080055f8   Section        0  scheduler.o(i.rt_schedule)
    i.rt_schedule_insert_thread              0x08005688   Section        0  scheduler.o(i.rt_schedule_insert_thread)
    i.rt_schedule_remove_thread              0x080056d8   Section        0  scheduler.o(i.rt_schedule_remove_thread)
    i.rt_sem_init                            0x0800572c   Section        0  ipc.o(i.rt_sem_init)
    i.rt_sem_release                         0x08005752   Section        0  ipc.o(i.rt_sem_release)
    i.rt_sem_take                            0x0800578c   Section        0  ipc.o(i.rt_sem_take)
    i.rt_show_version                        0x08005800   Section        0  kservice.o(i.rt_show_version)
    i.rt_strncpy                             0x080058b0   Section        0  kservice.o(i.rt_strncpy)
    i.rt_system_heap_init                    0x080058e4   Section        0  mem.o(i.rt_system_heap_init)
    i.rt_system_scheduler_init               0x080059dc   Section        0  scheduler.o(i.rt_system_scheduler_init)
    i.rt_system_scheduler_start              0x08005a28   Section        0  scheduler.o(i.rt_system_scheduler_start)
    i.rt_system_timer_init                   0x08005a58   Section        0  timer.o(i.rt_system_timer_init)
    i.rt_system_timer_thread_init            0x08005a74   Section        0  timer.o(i.rt_system_timer_thread_init)
    i.rt_thread_create                       0x08005a76   Section        0  thread.o(i.rt_thread_create)
    i.rt_thread_delay                        0x08005ac6   Section        0  thread.o(i.rt_thread_delay)
    i.rt_thread_exit                         0x08005ad4   Section        0  thread.o(i.rt_thread_exit)
    i.rt_thread_idle_entry                   0x08005b28   Section        0  idle.o(i.rt_thread_idle_entry)
    rt_thread_idle_entry                     0x08005b29   Thumb Code     8  idle.o(i.rt_thread_idle_entry)
    i.rt_thread_idle_excute                  0x08005b30   Section        0  idle.o(i.rt_thread_idle_excute)
    i.rt_thread_idle_init                    0x08005bb4   Section        0  idle.o(i.rt_thread_idle_init)
    i.rt_thread_init                         0x08005bf0   Section        0  thread.o(i.rt_thread_init)
    i.rt_thread_resume                       0x08005c24   Section        0  thread.o(i.rt_thread_resume)
    i.rt_thread_self                         0x08005c60   Section        0  thread.o(i.rt_thread_self)
    i.rt_thread_sleep                        0x08005c6c   Section        0  thread.o(i.rt_thread_sleep)
    i.rt_thread_startup                      0x08005cb0   Section        0  thread.o(i.rt_thread_startup)
    i.rt_thread_suspend                      0x08005cdc   Section        0  thread.o(i.rt_thread_suspend)
    i.rt_thread_timeout                      0x08005d20   Section        0  thread.o(i.rt_thread_timeout)
    i.rt_thread_yield                        0x08005d40   Section        0  thread.o(i.rt_thread_yield)
    i.rt_tick_get                            0x08005da4   Section        0  clock.o(i.rt_tick_get)
    i.rt_tick_increase                       0x08005db0   Section        0  clock.o(i.rt_tick_increase)
    i.rt_timer_check                         0x08005de0   Section        0  timer.o(i.rt_timer_check)
    i.rt_timer_control                       0x08005e5c   Section        0  timer.o(i.rt_timer_control)
    i.rt_timer_detach                        0x08005e94   Section        0  timer.o(i.rt_timer_detach)
    i.rt_timer_init                          0x08005eb4   Section        0  timer.o(i.rt_timer_init)
    i.rt_timer_start                         0x08005ee4   Section        0  timer.o(i.rt_timer_start)
    i.rt_timer_stop                          0x08005fdc   Section        0  timer.o(i.rt_timer_stop)
    i.rti_board_end                          0x0800600c   Section        0  components.o(i.rti_board_end)
    rti_board_end                            0x0800600d   Thumb Code     4  components.o(i.rti_board_end)
    i.rti_board_start                        0x08006010   Section        0  components.o(i.rti_board_start)
    rti_board_start                          0x08006011   Thumb Code     4  components.o(i.rti_board_start)
    i.rti_end                                0x08006014   Section        0  components.o(i.rti_end)
    rti_end                                  0x08006015   Thumb Code     4  components.o(i.rti_end)
    i.rti_start                              0x08006018   Section        0  components.o(i.rti_start)
    rti_start                                0x08006019   Thumb Code     4  components.o(i.rti_start)
    i.rtthread_startup                       0x0800601c   Section        0  components.o(i.rtthread_startup)
    i.thread_Key_entry                       0x08006048   Section        0  main.o(i.thread_Key_entry)
    i.thread_lcd_entry                       0x08006174   Section        0  main.o(i.thread_lcd_entry)
    i.ui_0                                   0x08006268   Section        0  main.o(i.ui_0)
    i.ui_1                                   0x08006288   Section        0  main.o(i.ui_1)
    i.ui_2                                   0x08006450   Section        0  main.o(i.ui_2)
    i.ui_3                                   0x08006804   Section        0  main.o(i.ui_3)
    i.ui_4                                   0x08006fdc   Section        0  main.o(i.ui_4)
    i.ui_5                                   0x080074f8   Section        0  main.o(i.ui_5)
    i.ui_clear                               0x080077f4   Section        0  main.o(i.ui_clear)
    i.ui_welcome                             0x08007810   Section        0  main.o(i.ui_welcome)
    .constdata                               0x08007868   Section     3706  lcd.o(.constdata)
    .constdata                               0x080086e2   Section      290  kservice.o(.constdata)
    small_digits                             0x080087e2   Data          17  kservice.o(.constdata)
    large_digits                             0x080087f3   Data          17  kservice.o(.constdata)
    .rti_fn.0                                0x08008804   Section        4  components.o(.rti_fn.0)
    __tagsym$$used                           0x08008804   Number         0  components.o(.rti_fn.0)
    .rti_fn.0.end                            0x08008808   Section        4  components.o(.rti_fn.0.end)
    __tagsym$$used                           0x08008808   Number         0  components.o(.rti_fn.0.end)
    .rti_fn.1.end                            0x0800880c   Section        4  components.o(.rti_fn.1.end)
    __tagsym$$used                           0x0800880c   Number         0  components.o(.rti_fn.1.end)
    .rti_fn.6.end                            0x08008810   Section        4  components.o(.rti_fn.6.end)
    __tagsym$$used                           0x08008810   Number         0  components.o(.rti_fn.6.end)
    .data                                    0x20000000   Section       20  system_stm32f4xx.o(.data)
    .data                                    0x20000014   Section       16  stm32f4xx_rcc.o(.data)
    APBAHBPrescTable                         0x20000014   Data          16  stm32f4xx_rcc.o(.data)
    .data                                    0x20000024   Section      328  main.o(.data)
    Feature_thread                           0x20000028   Data           4  main.o(.data)
    humidification_thread                    0x2000002c   Data           4  main.o(.data)
    ketctrl_event                            0x20000030   Data           4  main.o(.data)
    thread_Key                               0x200000cc   Data           4  main.o(.data)
    thread_lcd                               0x200000d0   Data           4  main.o(.data)
    thread_rtc                               0x200000d4   Data           4  main.o(.data)
    .data                                    0x2000016c   Section       12  sdp8xx.o(.data)
    .data                                    0x20000178   Section      144  siic.o(.data)
    .data                                    0x20000208   Section     3184  lcd.o(.data)
    .data                                    0x20000e78   Section        4  clock.o(.data)
    rt_tick                                  0x20000e78   Data           4  clock.o(.data)
    .data                                    0x20000e7c   Section        1  irq.o(.data)
    .data                                    0x20000e80   Section       24  mem.o(.data)
    heap_ptr                                 0x20000e80   Data           4  mem.o(.data)
    heap_end                                 0x20000e84   Data           4  mem.o(.data)
    lfree                                    0x20000e88   Data           4  mem.o(.data)
    mem_size_aligned                         0x20000e8c   Data           4  mem.o(.data)
    used_mem                                 0x20000e90   Data           4  mem.o(.data)
    max_mem                                  0x20000e94   Data           4  mem.o(.data)
    .data                                    0x20000e98   Section       96  object.o(.data)
    rt_object_container                      0x20000e98   Data          96  object.o(.data)
    .data                                    0x20000ef8   Section       24  scheduler.o(.data)
    rt_scheduler_lock_nest                   0x20000ef8   Data           2  scheduler.o(.data)
    .data                                    0x20000f10   Section       12  timer.o(.data)
    rt_timer_list                            0x20000f10   Data           8  timer.o(.data)
    random_nr                                0x20000f18   Data           4  timer.o(.data)
    .data                                    0x20000f1c   Section       16  cpuport.o(.data)
    rt_exception_hook                        0x20000f28   Data           4  cpuport.o(.data)
    .bss                                     0x20000f2c   Section      884  main.o(.bss)
    .bss                                     0x200012a0   Section     4096  board.o(.bss)
    rt_heap                                  0x200012a0   Data        4096  board.o(.bss)
    .bss                                     0x200022a0   Section      384  idle.o(.bss)
    idle                                     0x200022a0   Data         128  idle.o(.bss)
    rt_thread_stack                          0x20002320   Data         256  idle.o(.bss)
    .bss                                     0x20002420   Section      128  kservice.o(.bss)
    rt_log_buf                               0x20002420   Data         128  kservice.o(.bss)
    .bss                                     0x200024a0   Section       32  mem.o(.bss)
    heap_sem                                 0x200024a0   Data          32  mem.o(.bss)
    .bss                                     0x200024c0   Section       64  scheduler.o(.bss)
    STACK                                    0x20002500   Section     1024  startup_stm32f40xx.o(STACK)

    Global Symbols

    Symbol Name                              Value     Ov Type        Size  Object(Section)

    BuildAttributes$$THM_ISAv4$E$P$D$K$B$S$7EM$VFPi3$EXTD16$VFPS$VFMA$PE$A:L22UL41UL21$X:L11$S22US41US21$IEEE1$IW$USESV6$~STKCKD$USESV7$~SHL$OTIME$ROPI$EBA8$MICROLIB$REQ8$PRES8$EABIv2 0x00000000   Number         0  anon$$obj.o ABSOLUTE
    __ARM_use_no_argv                        0x00000000   Number         0  main.o ABSOLUTE
    __cpp_initialize__aeabi_                  - Undefined Weak Reference
    __cxa_finalize                            - Undefined Weak Reference
    _clock_init                               - Undefined Weak Reference
    _microlib_exit                            - Undefined Weak Reference
    __Vectors_Size                           0x00000188   Number         0  startup_stm32f40xx.o ABSOLUTE
    __Vectors                                0x08000000   Data           4  startup_stm32f40xx.o(RESET)
    __Vectors_End                            0x08000188   Data           0  startup_stm32f40xx.o(RESET)
    __main                                   0x08000189   Thumb Code     0  entry.o(.ARM.Collect$$$$00000000)
    _main_stk                                0x08000189   Thumb Code     0  entry2.o(.ARM.Collect$$$$00000001)
    _main_scatterload                        0x0800018d   Thumb Code     0  entry5.o(.ARM.Collect$$$$00000004)
    __main_after_scatterload                 0x08000191   Thumb Code     0  entry5.o(.ARM.Collect$$$$00000004)
    _main_clock                              0x08000191   Thumb Code     0  entry7b.o(.ARM.Collect$$$$00000008)
    _main_cpp_init                           0x08000191   Thumb Code     0  entry8b.o(.ARM.Collect$$$$0000000A)
    _main_init                               0x08000191   Thumb Code     0  entry9a.o(.ARM.Collect$$$$0000000B)
    __rt_final_cpp                           0x08000199   Thumb Code     0  entry10a.o(.ARM.Collect$$$$0000000D)
    __rt_final_exit                          0x08000199   Thumb Code     0  entry11a.o(.ARM.Collect$$$$0000000F)
    Reset_Handler                            0x0800019d   Thumb Code     8  startup_stm32f40xx.o(.text)
    NMI_Handler                              0x080001a5   Thumb Code     2  startup_stm32f40xx.o(.text)
    MemManage_Handler                        0x080001a9   Thumb Code     2  startup_stm32f40xx.o(.text)
    BusFault_Handler                         0x080001ab   Thumb Code     2  startup_stm32f40xx.o(.text)
    UsageFault_Handler                       0x080001ad   Thumb Code     2  startup_stm32f40xx.o(.text)
    SVC_Handler                              0x080001af   Thumb Code     2  startup_stm32f40xx.o(.text)
    DebugMon_Handler                         0x080001b1   Thumb Code     2  startup_stm32f40xx.o(.text)
    ADC_IRQHandler                           0x080001b7   Thumb Code     0  startup_stm32f40xx.o(.text)
    CAN1_RX0_IRQHandler                      0x080001b7   Thumb Code     0  startup_stm32f40xx.o(.text)
    CAN1_RX1_IRQHandler                      0x080001b7   Thumb Code     0  startup_stm32f40xx.o(.text)
    CAN1_SCE_IRQHandler                      0x080001b7   Thumb Code     0  startup_stm32f40xx.o(.text)
    CAN1_TX_IRQHandler                       0x080001b7   Thumb Code     0  startup_stm32f40xx.o(.text)
    CAN2_RX0_IRQHandler                      0x080001b7   Thumb Code     0  startup_stm32f40xx.o(.text)
    CAN2_RX1_IRQHandler                      0x080001b7   Thumb Code     0  startup_stm32f40xx.o(.text)
    CAN2_SCE_IRQHandler                      0x080001b7   Thumb Code     0  startup_stm32f40xx.o(.text)
    CAN2_TX_IRQHandler                       0x080001b7   Thumb Code     0  startup_stm32f40xx.o(.text)
    CRYP_IRQHandler                          0x080001b7   Thumb Code     0  startup_stm32f40xx.o(.text)
    DCMI_IRQHandler                          0x080001b7   Thumb Code     0  startup_stm32f40xx.o(.text)
    DMA1_Stream0_IRQHandler                  0x080001b7   Thumb Code     0  startup_stm32f40xx.o(.text)
    DMA1_Stream1_IRQHandler                  0x080001b7   Thumb Code     0  startup_stm32f40xx.o(.text)
    DMA1_Stream2_IRQHandler                  0x080001b7   Thumb Code     0  startup_stm32f40xx.o(.text)
    DMA1_Stream3_IRQHandler                  0x080001b7   Thumb Code     0  startup_stm32f40xx.o(.text)
    DMA1_Stream4_IRQHandler                  0x080001b7   Thumb Code     0  startup_stm32f40xx.o(.text)
    DMA1_Stream5_IRQHandler                  0x080001b7   Thumb Code     0  startup_stm32f40xx.o(.text)
    DMA1_Stream6_IRQHandler                  0x080001b7   Thumb Code     0  startup_stm32f40xx.o(.text)
    DMA1_Stream7_IRQHandler                  0x080001b7   Thumb Code     0  startup_stm32f40xx.o(.text)
    DMA2_Stream0_IRQHandler                  0x080001b7   Thumb Code     0  startup_stm32f40xx.o(.text)
    DMA2_Stream1_IRQHandler                  0x080001b7   Thumb Code     0  startup_stm32f40xx.o(.text)
    DMA2_Stream2_IRQHandler                  0x080001b7   Thumb Code     0  startup_stm32f40xx.o(.text)
    DMA2_Stream3_IRQHandler                  0x080001b7   Thumb Code     0  startup_stm32f40xx.o(.text)
    DMA2_Stream4_IRQHandler                  0x080001b7   Thumb Code     0  startup_stm32f40xx.o(.text)
    DMA2_Stream5_IRQHandler                  0x080001b7   Thumb Code     0  startup_stm32f40xx.o(.text)
    DMA2_Stream6_IRQHandler                  0x080001b7   Thumb Code     0  startup_stm32f40xx.o(.text)
    DMA2_Stream7_IRQHandler                  0x080001b7   Thumb Code     0  startup_stm32f40xx.o(.text)
    ETH_IRQHandler                           0x080001b7   Thumb Code     0  startup_stm32f40xx.o(.text)
    ETH_WKUP_IRQHandler                      0x080001b7   Thumb Code     0  startup_stm32f40xx.o(.text)
    EXTI15_10_IRQHandler                     0x080001b7   Thumb Code     0  startup_stm32f40xx.o(.text)
    EXTI1_IRQHandler                         0x080001b7   Thumb Code     0  startup_stm32f40xx.o(.text)
    EXTI2_IRQHandler                         0x080001b7   Thumb Code     0  startup_stm32f40xx.o(.text)
    EXTI3_IRQHandler                         0x080001b7   Thumb Code     0  startup_stm32f40xx.o(.text)
    EXTI4_IRQHandler                         0x080001b7   Thumb Code     0  startup_stm32f40xx.o(.text)
    EXTI9_5_IRQHandler                       0x080001b7   Thumb Code     0  startup_stm32f40xx.o(.text)
    FLASH_IRQHandler                         0x080001b7   Thumb Code     0  startup_stm32f40xx.o(.text)
    FPU_IRQHandler                           0x080001b7   Thumb Code     0  startup_stm32f40xx.o(.text)
    FSMC_IRQHandler                          0x080001b7   Thumb Code     0  startup_stm32f40xx.o(.text)
    HASH_RNG_IRQHandler                      0x080001b7   Thumb Code     0  startup_stm32f40xx.o(.text)
    I2C1_ER_IRQHandler                       0x080001b7   Thumb Code     0  startup_stm32f40xx.o(.text)
    I2C1_EV_IRQHandler                       0x080001b7   Thumb Code     0  startup_stm32f40xx.o(.text)
    I2C2_ER_IRQHandler                       0x080001b7   Thumb Code     0  startup_stm32f40xx.o(.text)
    I2C2_EV_IRQHandler                       0x080001b7   Thumb Code     0  startup_stm32f40xx.o(.text)
    I2C3_ER_IRQHandler                       0x080001b7   Thumb Code     0  startup_stm32f40xx.o(.text)
    I2C3_EV_IRQHandler                       0x080001b7   Thumb Code     0  startup_stm32f40xx.o(.text)
    OTG_FS_IRQHandler                        0x080001b7   Thumb Code     0  startup_stm32f40xx.o(.text)
    OTG_FS_WKUP_IRQHandler                   0x080001b7   Thumb Code     0  startup_stm32f40xx.o(.text)
    OTG_HS_EP1_IN_IRQHandler                 0x080001b7   Thumb Code     0  startup_stm32f40xx.o(.text)
    OTG_HS_EP1_OUT_IRQHandler                0x080001b7   Thumb Code     0  startup_stm32f40xx.o(.text)
    OTG_HS_IRQHandler                        0x080001b7   Thumb Code     0  startup_stm32f40xx.o(.text)
    OTG_HS_WKUP_IRQHandler                   0x080001b7   Thumb Code     0  startup_stm32f40xx.o(.text)
    PVD_IRQHandler                           0x080001b7   Thumb Code     0  startup_stm32f40xx.o(.text)
    RCC_IRQHandler                           0x080001b7   Thumb Code     0  startup_stm32f40xx.o(.text)
    RTC_Alarm_IRQHandler                     0x080001b7   Thumb Code     0  startup_stm32f40xx.o(.text)
    RTC_WKUP_IRQHandler                      0x080001b7   Thumb Code     0  startup_stm32f40xx.o(.text)
    SDIO_IRQHandler                          0x080001b7   Thumb Code     0  startup_stm32f40xx.o(.text)
    SPI1_IRQHandler                          0x080001b7   Thumb Code     0  startup_stm32f40xx.o(.text)
    SPI2_IRQHandler                          0x080001b7   Thumb Code     0  startup_stm32f40xx.o(.text)
    SPI3_IRQHandler                          0x080001b7   Thumb Code     0  startup_stm32f40xx.o(.text)
    TAMP_STAMP_IRQHandler                    0x080001b7   Thumb Code     0  startup_stm32f40xx.o(.text)
    TIM1_BRK_TIM9_IRQHandler                 0x080001b7   Thumb Code     0  startup_stm32f40xx.o(.text)
    TIM1_CC_IRQHandler                       0x080001b7   Thumb Code     0  startup_stm32f40xx.o(.text)
    TIM1_TRG_COM_TIM11_IRQHandler            0x080001b7   Thumb Code     0  startup_stm32f40xx.o(.text)
    TIM1_UP_TIM10_IRQHandler                 0x080001b7   Thumb Code     0  startup_stm32f40xx.o(.text)
    TIM2_IRQHandler                          0x080001b7   Thumb Code     0  startup_stm32f40xx.o(.text)
    TIM3_IRQHandler                          0x080001b7   Thumb Code     0  startup_stm32f40xx.o(.text)
    TIM4_IRQHandler                          0x080001b7   Thumb Code     0  startup_stm32f40xx.o(.text)
    TIM5_IRQHandler                          0x080001b7   Thumb Code     0  startup_stm32f40xx.o(.text)
    TIM6_DAC_IRQHandler                      0x080001b7   Thumb Code     0  startup_stm32f40xx.o(.text)
    TIM7_IRQHandler                          0x080001b7   Thumb Code     0  startup_stm32f40xx.o(.text)
    TIM8_BRK_TIM12_IRQHandler                0x080001b7   Thumb Code     0  startup_stm32f40xx.o(.text)
    TIM8_CC_IRQHandler                       0x080001b7   Thumb Code     0  startup_stm32f40xx.o(.text)
    TIM8_TRG_COM_TIM14_IRQHandler            0x080001b7   Thumb Code     0  startup_stm32f40xx.o(.text)
    TIM8_UP_TIM13_IRQHandler                 0x080001b7   Thumb Code     0  startup_stm32f40xx.o(.text)
    UART4_IRQHandler                         0x080001b7   Thumb Code     0  startup_stm32f40xx.o(.text)
    UART5_IRQHandler                         0x080001b7   Thumb Code     0  startup_stm32f40xx.o(.text)
    USART1_IRQHandler                        0x080001b7   Thumb Code     0  startup_stm32f40xx.o(.text)
    USART2_IRQHandler                        0x080001b7   Thumb Code     0  startup_stm32f40xx.o(.text)
    USART3_IRQHandler                        0x080001b7   Thumb Code     0  startup_stm32f40xx.o(.text)
    USART6_IRQHandler                        0x080001b7   Thumb Code     0  startup_stm32f40xx.o(.text)
    WWDG_IRQHandler                          0x080001b7   Thumb Code     0  startup_stm32f40xx.o(.text)
    rt_hw_interrupt_disable                  0x080001c1   Thumb Code     8  context_rvds.o(.text)
    rt_hw_interrupt_enable                   0x080001c9   Thumb Code     6  context_rvds.o(.text)
    rt_hw_context_switch                     0x080001cf   Thumb Code    32  context_rvds.o(.text)
    rt_hw_context_switch_interrupt           0x080001cf   Thumb Code     0  context_rvds.o(.text)
    PendSV_Handler                           0x080001ef   Thumb Code   108  context_rvds.o(.text)
    rt_hw_context_switch_to                  0x0800025b   Thumb Code    70  context_rvds.o(.text)
    rt_hw_interrupt_thread_switch            0x080002a1   Thumb Code     2  context_rvds.o(.text)
    HardFault_Handler                        0x080002a3   Thumb Code    20  context_rvds.o(.text)
    __aeabi_memcpy                           0x080002d1   Thumb Code    36  memcpya.o(.text)
    __aeabi_memcpy4                          0x080002d1   Thumb Code     0  memcpya.o(.text)
    __aeabi_memcpy8                          0x080002d1   Thumb Code     0  memcpya.o(.text)
    __aeabi_ddiv                             0x080002f5   Thumb Code   222  ddiv.o(.text)
    __aeabi_i2d                              0x080003d3   Thumb Code    34  dflti.o(.text)
    __aeabi_d2f                              0x080003f5   Thumb Code    56  d2f.o(.text)
    __aeabi_uidiv                            0x0800042d   Thumb Code     0  uidiv.o(.text)
    __aeabi_uidivmod                         0x0800042d   Thumb Code    44  uidiv.o(.text)
    __aeabi_uldivmod                         0x08000459   Thumb Code    98  uldiv.o(.text)
    __I$use$fp                               0x080004bb   Thumb Code     0  iusefp.o(.text)
    _float_round                             0x080004bb   Thumb Code    18  fepilogue.o(.text)
    _float_epilogue                          0x080004cd   Thumb Code    92  fepilogue.o(.text)
    _double_round                            0x08000529   Thumb Code    30  depilogue.o(.text)
    _double_epilogue                         0x08000547   Thumb Code   156  depilogue.o(.text)
    __aeabi_dadd                             0x080005e3   Thumb Code   322  dadd.o(.text)
    __aeabi_dsub                             0x08000725   Thumb Code     6  dadd.o(.text)
    __aeabi_drsub                            0x0800072b   Thumb Code     6  dadd.o(.text)
    __aeabi_dmul                             0x08000731   Thumb Code   228  dmul.o(.text)
    __aeabi_d2ulz                            0x08000815   Thumb Code    48  dfixul.o(.text)
    __aeabi_cdrcmple                         0x08000845   Thumb Code    48  cdrcmple.o(.text)
    __scatterload                            0x08000875   Thumb Code    28  init.o(.text)
    __scatterload_rt2                        0x08000875   Thumb Code     0  init.o(.text)
    __aeabi_llsl                             0x08000899   Thumb Code    30  llshl.o(.text)
    _ll_shift_l                              0x08000899   Thumb Code     0  llshl.o(.text)
    __aeabi_llsr                             0x080008b7   Thumb Code    32  llushr.o(.text)
    _ll_ushift_r                             0x080008b7   Thumb Code     0  llushr.o(.text)
    __aeabi_lasr                             0x080008d7   Thumb Code    36  llsshr.o(.text)
    _ll_sshift_r                             0x080008d7   Thumb Code     0  llsshr.o(.text)
    __decompress                             0x080008fb   Thumb Code     0  __dczerorl2.o(.text)
    __decompress1                            0x080008fb   Thumb Code    86  __dczerorl2.o(.text)
    main                                     0x08000951   Thumb Code    14  components.o(i.$Sub$$main)
    AIR_BLOWER_CONTROL_GPIO_Init             0x08000961   Thumb Code    54  air_blower.o(i.AIR_BLOWER_CONTROL_GPIO_Init)
    Check_WKUP                               0x0800099d   Thumb Code    50  wkup.o(i.Check_WKUP)
    Debug_USART_Config                       0x080009d5   Thumb Code   158  bsp_debug_usart.o(i.Debug_USART_Config)
    Draw_Circle                              0x08000a7d   Thumb Code   158  lcd.o(i.Draw_Circle)
    EXTI0_IRQHandler                         0x08000b1b   Thumb Code    20  wkup.o(i.EXTI0_IRQHandler)
    EXTI_ClearITPendingBit                   0x08000b31   Thumb Code     6  stm32f4xx_exti.o(i.EXTI_ClearITPendingBit)
    EXTI_Init                                0x08000b3d   Thumb Code   142  stm32f4xx_exti.o(i.EXTI_Init)
    FLASH_EraseSector                        0x08000bd1   Thumb Code   130  stm32f4xx_flash.o(i.FLASH_EraseSector)
    FLASH_GetStatus                          0x08000c59   Thumb Code    80  stm32f4xx_flash.o(i.FLASH_GetStatus)
    FLASH_Lock                               0x08000cad   Thumb Code    14  stm32f4xx_flash.o(i.FLASH_Lock)
    FLASH_ProgramWord                        0x08000cc1   Thumb Code    74  stm32f4xx_flash.o(i.FLASH_ProgramWord)
    FLASH_Unlock                             0x08000d11   Thumb Code    24  stm32f4xx_flash.o(i.FLASH_Unlock)
    FLASH_WaitForLastOperation               0x08000d35   Thumb Code    34  stm32f4xx_flash.o(i.FLASH_WaitForLastOperation)
    GPIO_Init                                0x08000ea9   Thumb Code   144  stm32f4xx_gpio.o(i.GPIO_Init)
    GPIO_PinAFConfig                         0x08000f39   Thumb Code    70  stm32f4xx_gpio.o(i.GPIO_PinAFConfig)
    GPIO_ReadInputDataBit                    0x08000f7f   Thumb Code    18  stm32f4xx_gpio.o(i.GPIO_ReadInputDataBit)
    GPIO_ResetBits                           0x08000f91   Thumb Code     4  stm32f4xx_gpio.o(i.GPIO_ResetBits)
    GPIO_SetBits                             0x08000f95   Thumb Code     4  stm32f4xx_gpio.o(i.GPIO_SetBits)
    GZP6859D_ReadCombinedModeData            0x08000f99   Thumb Code   174  xgzp6859.o(i.GZP6859D_ReadCombinedModeData)
    KEY_Init                                 0x080012a9   Thumb Code   160  key.o(i.KEY_Init)
    LCD_Address_Set                          0x08001355   Thumb Code    58  lcd_init.o(i.LCD_Address_Set)
    LCD_DrawPoint                            0x0800138f   Thumb Code    28  lcd.o(i.LCD_DrawPoint)
    LCD_Fill                                 0x080013ab   Thumb Code    74  lcd.o(i.LCD_Fill)
    LCD_Init                                 0x080013f5   Thumb Code   464  lcd_init.o(i.LCD_Init)
    LCD_ShowChar                             0x080015c9   Thumb Code   328  lcd.o(i.LCD_ShowChar)
    LCD_ShowChinese                          0x08001721   Thumb Code   140  lcd.o(i.LCD_ShowChinese)
    LCD_ShowChinese12x12                     0x080017ad   Thumb Code   322  lcd.o(i.LCD_ShowChinese12x12)
    LCD_ShowChinese16x16                     0x080018f5   Thumb Code   306  lcd.o(i.LCD_ShowChinese16x16)
    LCD_ShowChinese24x24                     0x08001a2d   Thumb Code   322  lcd.o(i.LCD_ShowChinese24x24)
    LCD_ShowChinese32x32                     0x08001b75   Thumb Code   306  lcd.o(i.LCD_ShowChinese32x32)
    LCD_ShowFloatNum1                        0x08001cad   Thumb Code   174  lcd.o(i.LCD_ShowFloatNum1)
    LCD_ShowIntNum                           0x08001d61   Thumb Code   150  lcd.o(i.LCD_ShowIntNum)
    LCD_ShowString                           0x08001df7   Thumb Code    66  lcd.o(i.LCD_ShowString)
    LCD_WR_DATA                              0x08001e39   Thumb Code    18  lcd_init.o(i.LCD_WR_DATA)
    LCD_WR_DATA8                             0x08001e4b   Thumb Code    12  lcd_init.o(i.LCD_WR_DATA8)
    LCD_WR_REG                               0x08001e59   Thumb Code    32  lcd_init.o(i.LCD_WR_REG)
    LCD_Writ_Bus                             0x08001e7d   Thumb Code    62  lcd_init.o(i.LCD_Writ_Bus)
    LED_Init                                 0x08001ec5   Thumb Code    58  led.o(i.LED_Init)
    NVIC_Init                                0x08001f35   Thumb Code   106  misc.o(i.NVIC_Init)
    NVIC_PriorityGroupConfig                 0x08001fad   Thumb Code    10  misc.o(i.NVIC_PriorityGroupConfig)
    PID_SET                                  0x08001fc1   Thumb Code    48  ventilator_function.o(i.PID_SET)
    PID_SETPRESSURE                          0x08001ff5   Thumb Code   216  ventilator_function.o(i.PID_SETPRESSURE)
    PWR_BackupAccessCmd                      0x080020f1   Thumb Code     6  stm32f4xx_pwr.o(i.PWR_BackupAccessCmd)
    PWR_ClearFlag                            0x080020fd   Thumb Code    14  stm32f4xx_pwr.o(i.PWR_ClearFlag)
    PWR_EnterSTANDBYMode                     0x08002111   Thumb Code    32  stm32f4xx_pwr.o(i.PWR_EnterSTANDBYMode)
    PWR_WakeUpPinCmd                         0x08002139   Thumb Code     6  stm32f4xx_pwr.o(i.PWR_WakeUpPinCmd)
    RCC_AHB1PeriphClockCmd                   0x08002145   Thumb Code    26  stm32f4xx_rcc.o(i.RCC_AHB1PeriphClockCmd)
    RCC_AHB1PeriphResetCmd                   0x08002165   Thumb Code    26  stm32f4xx_rcc.o(i.RCC_AHB1PeriphResetCmd)
    RCC_APB1PeriphClockCmd                   0x08002185   Thumb Code    26  stm32f4xx_rcc.o(i.RCC_APB1PeriphClockCmd)
    RCC_APB2PeriphClockCmd                   0x080021a5   Thumb Code    26  stm32f4xx_rcc.o(i.RCC_APB2PeriphClockCmd)
    RCC_GetClocksFreq                        0x080021c5   Thumb Code   214  stm32f4xx_rcc.o(i.RCC_GetClocksFreq)
    RCC_GetFlagStatus                        0x080022ad   Thumb Code    60  stm32f4xx_rcc.o(i.RCC_GetFlagStatus)
    RCC_LSEConfig                            0x080022ed   Thumb Code    40  stm32f4xx_rcc.o(i.RCC_LSEConfig)
    RCC_RTCCLKCmd                            0x08002319   Thumb Code     6  stm32f4xx_rcc.o(i.RCC_RTCCLKCmd)
    RCC_RTCCLKConfig                         0x08002325   Thumb Code    50  stm32f4xx_rcc.o(i.RCC_RTCCLKConfig)
    RTC_ClearITPendingBit                    0x08002395   Thumb Code    28  stm32f4xx_rtc.o(i.RTC_ClearITPendingBit)
    RTC_EnterInitMode                        0x080023b5   Thumb Code    76  stm32f4xx_rtc.o(i.RTC_EnterInitMode)
    RTC_ExitInitMode                         0x08002405   Thumb Code    14  stm32f4xx_rtc.o(i.RTC_ExitInitMode)
    RTC_ITConfig                             0x08002419   Thumb Code    94  stm32f4xx_rtc.o(i.RTC_ITConfig)
    RTC_Init                                 0x0800247d   Thumb Code    94  stm32f4xx_rtc.o(i.RTC_Init)
    RTC_SetDate                              0x080024e1   Thumb Code   190  stm32f4xx_rtc.o(i.RTC_SetDate)
    RTC_SetTime                              0x080025a9   Thumb Code   198  stm32f4xx_rtc.o(i.RTC_SetTime)
    RTC_WaitForSynchro                       0x08002679   Thumb Code    92  stm32f4xx_rtc.o(i.RTC_WaitForSynchro)
    SPI_Cmd                                  0x080027d5   Thumb Code    24  stm32f4xx_spi.o(i.SPI_Cmd)
    SPI_I2S_GetFlagStatus                    0x080027ed   Thumb Code    18  stm32f4xx_spi.o(i.SPI_I2S_GetFlagStatus)
    SPI_I2S_SendData                         0x080027ff   Thumb Code     4  stm32f4xx_spi.o(i.SPI_I2S_SendData)
    SPI_Init                                 0x08002803   Thumb Code    60  stm32f4xx_spi.o(i.SPI_Init)
    SYSCFG_EXTILineConfig                    0x08002841   Thumb Code    60  stm32f4xx_syscfg.o(i.SYSCFG_EXTILineConfig)
    Standby_mode                             0x0800296d   Thumb Code    62  wkup.o(i.Standby_mode)
    SysTick_Handler                          0x080029ab   Thumb Code    16  board.o(i.SysTick_Handler)
    SystemInit                               0x080029bd   Thumb Code    88  system_stm32f4xx.o(i.SystemInit)
    TIMX_PWM_Init                            0x08002a25   Thumb Code   144  air_blower.o(i.TIMX_PWM_Init)
    TIM_Cmd                                  0x08002abd   Thumb Code    24  stm32f4xx_tim.o(i.TIM_Cmd)
    TIM_OC1Init                              0x08002ad5   Thumb Code   114  stm32f4xx_tim.o(i.TIM_OC1Init)
    TIM_OC1PreloadConfig                     0x08002b51   Thumb Code    18  stm32f4xx_tim.o(i.TIM_OC1PreloadConfig)
    TIM_TimeBaseInit                         0x08002b65   Thumb Code   104  stm32f4xx_tim.o(i.TIM_TimeBaseInit)
    USART_Cmd                                0x08002be9   Thumb Code    24  stm32f4xx_usart.o(i.USART_Cmd)
    USART_GetFlagStatus                      0x08002c01   Thumb Code    26  stm32f4xx_usart.o(i.USART_GetFlagStatus)
    USART_ITConfig                           0x08002c1b   Thumb Code    74  stm32f4xx_usart.o(i.USART_ITConfig)
    USART_Init                               0x08002c65   Thumb Code   204  stm32f4xx_usart.o(i.USART_Init)
    USART_SendData                           0x08002d39   Thumb Code     8  stm32f4xx_usart.o(i.USART_SendData)
    WKUP_Init                                0x08002d41   Thumb Code   142  wkup.o(i.WKUP_Init)
    WPID_GetValue                            0x08002dd5   Thumb Code   226  ventilator_function.o(i.WPID_GetValue)
    XGZP6859_Init                            0x08002ec1   Thumb Code    12  xgzp6859.o(i.XGZP6859_Init)
    __0vsnprintf                             0x08002f91   Thumb Code    40  printfa.o(i.__0vsnprintf)
    __1vsnprintf                             0x08002f91   Thumb Code     0  printfa.o(i.__0vsnprintf)
    __2vsnprintf                             0x08002f91   Thumb Code     0  printfa.o(i.__0vsnprintf)
    __c89vsnprintf                           0x08002f91   Thumb Code     0  printfa.o(i.__0vsnprintf)
    vsnprintf                                0x08002f91   Thumb Code     0  printfa.o(i.__0vsnprintf)
    __rt_ffs                                 0x08002fbd   Thumb Code    70  kservice.o(i.__rt_ffs)
    __scatterload_copy                       0x08003009   Thumb Code    14  handlers.o(i.__scatterload_copy)
    __scatterload_null                       0x08003017   Thumb Code     2  handlers.o(i.__scatterload_null)
    __scatterload_zeroinit                   0x08003019   Thumb Code    14  handlers.o(i.__scatterload_zeroinit)
    flash_readInfo                           0x08003a71   Thumb Code   102  main.o(i.flash_readInfo)
    flash_writeInfo                          0x08003af1   Thumb Code    80  main.o(i.flash_writeInfo)
    key_UIchange                             0x08003bed   Thumb Code   376  main.o(i.key_UIchange)
    key_sonSelect                            0x08003d91   Thumb Code   632  main.o(i.key_sonSelect)
    key_valueChange                          0x0800402d   Thumb Code  1524  main.o(i.key_valueChange)
    lcdInit                                  0x08004635   Thumb Code   186  lcd_init.o(i.lcdInit)
    $Super$$main                             0x080046fd   Thumb Code   196  main.o(i.main)
    main_thread_entry                        0x0800483d   Thumb Code    14  components.o(i.main_thread_entry)
    myRTC_Config                             0x0800484b   Thumb Code    22  myrtc.o(i.myRTC_Config)
    myRTC_init                               0x08004861   Thumb Code    64  myrtc.o(i.myRTC_init)
    mypow                                    0x080048a5   Thumb Code    22  lcd.o(i.mypow)
    rt_application_init                      0x08004935   Thumb Code    32  components.o(i.rt_application_init)
    rt_components_board_init                 0x08004961   Thumb Code    20  components.o(i.rt_components_board_init)
    rt_components_init                       0x0800497d   Thumb Code    20  components.o(i.rt_components_init)
    rt_enter_critical                        0x08004999   Thumb Code    28  scheduler.o(i.rt_enter_critical)
    rt_event_create                          0x080049b9   Thumb Code    38  ipc.o(i.rt_event_create)
    rt_event_recv                            0x080049df   Thumb Code   218  ipc.o(i.rt_event_recv)
    rt_event_send                            0x08004ab9   Thumb Code   180  ipc.o(i.rt_event_send)
    rt_exit_critical                         0x08004b6d   Thumb Code    54  scheduler.o(i.rt_exit_critical)
    rt_free                                  0x08004ba9   Thumb Code   128  mem.o(i.rt_free)
    rt_heap_begin_get                        0x08004c89   Thumb Code     4  board.o(i.rt_heap_begin_get)
    rt_heap_end_get                          0x08004c91   Thumb Code     4  board.o(i.rt_heap_end_get)
    rt_hw_board_init                         0x08004c99   Thumb Code   144  board.o(i.rt_hw_board_init)
    rt_hw_console_output                     0x08004d39   Thumb Code    74  board.o(i.rt_hw_console_output)
    rt_hw_hard_fault_exception               0x08004d89   Thumb Code   108  cpuport.o(i.rt_hw_hard_fault_exception)
    rt_hw_stack_init                         0x08004e95   Thumb Code    74  cpuport.o(i.rt_hw_stack_init)
    rt_interrupt_enter                       0x08004ee5   Thumb Code    26  irq.o(i.rt_interrupt_enter)
    rt_interrupt_leave                       0x08004f05   Thumb Code    26  irq.o(i.rt_interrupt_leave)
    rt_kprintf                               0x08004fe9   Thumb Code    44  kservice.o(i.rt_kprintf)
    rt_malloc                                0x080050a9   Thumb Code   336  mem.o(i.rt_malloc)
    rt_memcpy                                0x08005215   Thumb Code   124  kservice.o(i.rt_memcpy)
    rt_memset                                0x08005291   Thumb Code    72  kservice.o(i.rt_memset)
    rt_mq_create                             0x080052d9   Thumb Code   128  ipc.o(i.rt_mq_create)
    rt_mq_delete                             0x08005359   Thumb Code    28  ipc.o(i.rt_mq_delete)
    rt_mq_recv                               0x08005375   Thumb Code   252  ipc.o(i.rt_mq_recv)
    rt_mq_send                               0x08005471   Thumb Code   140  ipc.o(i.rt_mq_send)
    rt_object_allocate                       0x080054fd   Thumb Code    74  object.o(i.rt_object_allocate)
    rt_object_delete                         0x08005547   Thumb Code    32  object.o(i.rt_object_delete)
    rt_object_detach                         0x08005567   Thumb Code    26  object.o(i.rt_object_detach)
    rt_object_get_information                0x08005581   Thumb Code    36  object.o(i.rt_object_get_information)
    rt_object_init                           0x080055a9   Thumb Code    60  object.o(i.rt_object_init)
    rt_object_is_systemobject                0x080055e5   Thumb Code    18  object.o(i.rt_object_is_systemobject)
    rt_schedule                              0x080055f9   Thumb Code   118  scheduler.o(i.rt_schedule)
    rt_schedule_insert_thread                0x08005689   Thumb Code    72  scheduler.o(i.rt_schedule_insert_thread)
    rt_schedule_remove_thread                0x080056d9   Thumb Code    76  scheduler.o(i.rt_schedule_remove_thread)
    rt_sem_init                              0x0800572d   Thumb Code    38  ipc.o(i.rt_sem_init)
    rt_sem_release                           0x08005753   Thumb Code    58  ipc.o(i.rt_sem_release)
    rt_sem_take                              0x0800578d   Thumb Code   116  ipc.o(i.rt_sem_take)
    rt_show_version                          0x08005801   Thumb Code    38  kservice.o(i.rt_show_version)
    rt_strncpy                               0x080058b1   Thumb Code    52  kservice.o(i.rt_strncpy)
    rt_system_heap_init                      0x080058e5   Thumb Code   160  mem.o(i.rt_system_heap_init)
    rt_system_scheduler_init                 0x080059dd   Thumb Code    52  scheduler.o(i.rt_system_scheduler_init)
    rt_system_scheduler_start                0x08005a29   Thumb Code    36  scheduler.o(i.rt_system_scheduler_start)
    rt_system_timer_init                     0x08005a59   Thumb Code    24  timer.o(i.rt_system_timer_init)
    rt_system_timer_thread_init              0x08005a75   Thumb Code     2  timer.o(i.rt_system_timer_thread_init)
    rt_thread_create                         0x08005a77   Thumb Code    80  thread.o(i.rt_thread_create)
    rt_thread_delay                          0x08005ac7   Thumb Code    12  thread.o(i.rt_thread_delay)
    rt_thread_exit                           0x08005ad5   Thumb Code    76  thread.o(i.rt_thread_exit)
    rt_thread_idle_excute                    0x08005b31   Thumb Code   128  idle.o(i.rt_thread_idle_excute)
    rt_thread_idle_init                      0x08005bb5   Thumb Code    38  idle.o(i.rt_thread_idle_init)
    rt_thread_init                           0x08005bf1   Thumb Code    52  thread.o(i.rt_thread_init)
    rt_thread_resume                         0x08005c25   Thumb Code    60  thread.o(i.rt_thread_resume)
    rt_thread_self                           0x08005c61   Thumb Code     6  thread.o(i.rt_thread_self)
    rt_thread_sleep                          0x08005c6d   Thumb Code    62  thread.o(i.rt_thread_sleep)
    rt_thread_startup                        0x08005cb1   Thumb Code    44  thread.o(i.rt_thread_startup)
    rt_thread_suspend                        0x08005cdd   Thumb Code    68  thread.o(i.rt_thread_suspend)
    rt_thread_timeout                        0x08005d21   Thumb Code    32  thread.o(i.rt_thread_timeout)
    rt_thread_yield                          0x08005d41   Thumb Code    92  thread.o(i.rt_thread_yield)
    rt_tick_get                              0x08005da5   Thumb Code     6  clock.o(i.rt_tick_get)
    rt_tick_increase                         0x08005db1   Thumb Code    42  clock.o(i.rt_tick_increase)
    rt_timer_check                           0x08005de1   Thumb Code   118  timer.o(i.rt_timer_check)
    rt_timer_control                         0x08005e5d   Thumb Code    56  timer.o(i.rt_timer_control)
    rt_timer_detach                          0x08005e95   Thumb Code    32  timer.o(i.rt_timer_detach)
    rt_timer_init                            0x08005eb5   Thumb Code    46  timer.o(i.rt_timer_init)
    rt_timer_start                           0x08005ee5   Thumb Code   238  timer.o(i.rt_timer_start)
    rt_timer_stop                            0x08005fdd   Thumb Code    48  timer.o(i.rt_timer_stop)
    rtthread_startup                         0x0800601d   Thumb Code    42  components.o(i.rtthread_startup)
    thread_Key_entry                         0x08006049   Thumb Code   266  main.o(i.thread_Key_entry)
    thread_lcd_entry                         0x08006175   Thumb Code   194  main.o(i.thread_lcd_entry)
    ui_0                                     0x08006269   Thumb Code    30  main.o(i.ui_0)
    ui_1                                     0x08006289   Thumb Code   378  main.o(i.ui_1)
    ui_2                                     0x08006451   Thumb Code   870  main.o(i.ui_2)
    ui_3                                     0x08006805   Thumb Code  1948  main.o(i.ui_3)
    ui_4                                     0x08006fdd   Thumb Code  1302  main.o(i.ui_4)
    ui_5                                     0x080074f9   Thumb Code   660  main.o(i.ui_5)
    ui_clear                                 0x080077f5   Thumb Code    28  main.o(i.ui_clear)
    ui_welcome                               0x08007811   Thumb Code    64  main.o(i.ui_welcome)
    ascii_1206                               0x08007868   Data          12  lcd.o(.constdata)
    ascii_2412                               0x08007874   Data          48  lcd.o(.constdata)
    tfont12                                  0x080078a4   Data          26  lcd.o(.constdata)
    tfont16                                  0x080078be   Data        3026  lcd.o(.constdata)
    tfont24                                  0x08008490   Data          74  lcd.o(.constdata)
    tfont32                                  0x080084da   Data         520  lcd.o(.constdata)
    __lowest_bit_bitmap                      0x080086e2   Data         256  kservice.o(.constdata)
    __rt_init_rti_start                      0x08008804   Data           4  components.o(.rti_fn.0)
    __rt_init_rti_board_start                0x08008808   Data           4  components.o(.rti_fn.0.end)
    __rt_init_rti_board_end                  0x0800880c   Data           4  components.o(.rti_fn.1.end)
    __rt_init_rti_end                        0x08008810   Data           4  components.o(.rti_fn.6.end)
    Region$$Table$$Base                      0x08008814   Number         0  anon$$obj.o(Region$$Table)
    Region$$Table$$Limit                     0x08008834   Number         0  anon$$obj.o(Region$$Table)
    SystemCoreClock                          0x20000000   Data           4  system_stm32f4xx.o(.data)
    AHBPrescTable                            0x20000004   Data          16  system_stm32f4xx.o(.data)
    tempre_value                             0x20000024   Data           4  main.o(.data)
    lastui                                   0x20000034   Data           4  main.o(.data)
    nowui                                    0x20000038   Data           4  main.o(.data)
    uiSelect                                 0x2000003c   Data           1  main.o(.data)
    signalUIselectChange                     0x2000003d   Data           1  main.o(.data)
    signalUIchange                           0x2000003e   Data           1  main.o(.data)
    signalValueChange                        0x2000003f   Data           1  main.o(.data)
    now_running_ui                           0x20000040   Data           4  main.o(.data)
    table                                    0x20000044   Data         120  main.o(.data)
    RTC_TimeGlobal                           0x200000bc   Data           4  main.o(.data)
    RTC_DateGlobal                           0x200000c0   Data           4  main.o(.data)
    RTC_TimeGlobal_temp                      0x200000c4   Data           4  main.o(.data)
    RTC_DateGlobal_temp                      0x200000c8   Data           4  main.o(.data)
    keyQueue                                 0x200000d8   Data           4  main.o(.data)
    IsFirstTimeUse                           0x200000dc   Data           1  main.o(.data)
    stateSuspendthread_control               0x200000dd   Data           1  main.o(.data)
    breathSetting                            0x200000e0   Data          32  main.o(.data)
    breathSettingBuff                        0x20000100   Data          32  main.o(.data)
    breathSettingP                           0x20000120   Data          40  main.o(.data)
    runningSetting                           0x20000148   Data           6  main.o(.data)
    runningSettingBuff                       0x2000014e   Data           6  main.o(.data)
    runningSettingP                          0x20000154   Data          24  main.o(.data)
    SDP810                                   0x2000016c   Data          12  sdp8xx.o(.data)
    IIC1                                     0x20000178   Data          48  siic.o(.data)
    IIC2                                     0x200001a8   Data          48  siic.o(.data)
    IIC3                                     0x200001d8   Data          48  siic.o(.data)
    ascii_1608                               0x20000208   Data        1520  lcd.o(.data)
    ascii_3216                               0x200007f8   Data        1664  lcd.o(.data)
    rt_interrupt_nest                        0x20000e7c   Data           1  irq.o(.data)
    rt_current_thread                        0x20000efc   Data           4  scheduler.o(.data)
    rt_current_priority                      0x20000f00   Data           1  scheduler.o(.data)
    rt_thread_ready_priority_group           0x20000f04   Data           4  scheduler.o(.data)
    rt_thread_defunct                        0x20000f08   Data           8  scheduler.o(.data)
    rt_interrupt_from_thread                 0x20000f1c   Data           4  cpuport.o(.data)
    rt_interrupt_to_thread                   0x20000f20   Data           4  cpuport.o(.data)
    rt_thread_switch_interrupt_flag          0x20000f24   Data           4  cpuport.o(.data)
    myInfosFlash                             0x20000f2c   Data         840  main.o(.bss)
    myInfos                                  0x20001274   Data          44  main.o(.bss)
    rt_thread_priority_table                 0x200024c0   Data          64  scheduler.o(.bss)
    __initial_sp                             0x20002900   Data           0  startup_stm32f40xx.o(STACK)



==============================================================================

Memory Map of the image

  Image Entry point : 0x08000189

  Load Region LR_IROM1 (Base: 0x08000000, Size: 0x00009760, Max: 0x00100000, ABSOLUTE, COMPRESSED[0x00008ed4])

    Execution Region ER_IROM1 (Exec base: 0x08000000, Load base: 0x08000000, Size: 0x00008834, Max: 0x00100000, ABSOLUTE)

    Exec Addr    Load Addr    Size         Type   Attr      Idx    E Section Name        Object

    0x08000000   0x08000000   0x00000188   Data   RO            3    RESET               startup_stm32f40xx.o
    0x08000188   0x08000188   0x00000000   Code   RO         6883  * .ARM.Collect$$$$00000000  mc_w.l(entry.o)
    0x08000188   0x08000188   0x00000004   Code   RO         6924    .ARM.Collect$$$$00000001  mc_w.l(entry2.o)
    0x0800018c   0x0800018c   0x00000004   Code   RO         6927    .ARM.Collect$$$$00000004  mc_w.l(entry5.o)
    0x08000190   0x08000190   0x00000000   Code   RO         6929    .ARM.Collect$$$$00000008  mc_w.l(entry7b.o)
    0x08000190   0x08000190   0x00000000   Code   RO         6931    .ARM.Collect$$$$0000000A  mc_w.l(entry8b.o)
    0x08000190   0x08000190   0x00000008   Code   RO         6932    .ARM.Collect$$$$0000000B  mc_w.l(entry9a.o)
    0x08000198   0x08000198   0x00000000   Code   RO         6934    .ARM.Collect$$$$0000000D  mc_w.l(entry10a.o)
    0x08000198   0x08000198   0x00000000   Code   RO         6936    .ARM.Collect$$$$0000000F  mc_w.l(entry11a.o)
    0x08000198   0x08000198   0x00000004   Code   RO         6925    .ARM.Collect$$$$00002712  mc_w.l(entry2.o)
    0x0800019c   0x0800019c   0x00000024   Code   RO            4    .text               startup_stm32f40xx.o
    0x080001c0   0x080001c0   0x00000110   Code   RO         6774    .text               context_rvds.o
    0x080002d0   0x080002d0   0x00000024   Code   RO         6886    .text               mc_w.l(memcpya.o)
    0x080002f4   0x080002f4   0x000000de   Code   RO         6918    .text               mf_w.l(ddiv.o)
    0x080003d2   0x080003d2   0x00000022   Code   RO         6920    .text               mf_w.l(dflti.o)
    0x080003f4   0x080003f4   0x00000038   Code   RO         6922    .text               mf_w.l(d2f.o)
    0x0800042c   0x0800042c   0x0000002c   Code   RO         6939    .text               mc_w.l(uidiv.o)
    0x08000458   0x08000458   0x00000062   Code   RO         6941    .text               mc_w.l(uldiv.o)
    0x080004ba   0x080004ba   0x00000000   Code   RO         6943    .text               mc_w.l(iusefp.o)
    0x080004ba   0x080004ba   0x0000006e   Code   RO         6944    .text               mf_w.l(fepilogue.o)
    0x08000528   0x08000528   0x000000ba   Code   RO         6946    .text               mf_w.l(depilogue.o)
    0x080005e2   0x080005e2   0x0000014e   Code   RO         6948    .text               mf_w.l(dadd.o)
    0x08000730   0x08000730   0x000000e4   Code   RO         6950    .text               mf_w.l(dmul.o)
    0x08000814   0x08000814   0x00000030   Code   RO         6952    .text               mf_w.l(dfixul.o)
    0x08000844   0x08000844   0x00000030   Code   RO         6954    .text               mf_w.l(cdrcmple.o)
    0x08000874   0x08000874   0x00000024   Code   RO         6956    .text               mc_w.l(init.o)
    0x08000898   0x08000898   0x0000001e   Code   RO         6958    .text               mc_w.l(llshl.o)
    0x080008b6   0x080008b6   0x00000020   Code   RO         6960    .text               mc_w.l(llushr.o)
    0x080008d6   0x080008d6   0x00000024   Code   RO         6962    .text               mc_w.l(llsshr.o)
    0x080008fa   0x080008fa   0x00000056   Code   RO         6972    .text               mc_w.l(__dczerorl2.o)
    0x08000950   0x08000950   0x0000000e   Code   RO         5787    i.$Sub$$main        components.o
    0x0800095e   0x0800095e   0x00000002   PAD
    0x08000960   0x08000960   0x0000003c   Code   RO         5186    i.AIR_BLOWER_CONTROL_GPIO_Init  air_blower.o
    0x0800099c   0x0800099c   0x00000038   Code   RO         5705    i.Check_WKUP        wkup.o
    0x080009d4   0x080009d4   0x000000a8   Code   RO         5078    i.Debug_USART_Config  bsp_debug_usart.o
    0x08000a7c   0x08000a7c   0x0000009e   Code   RO         5466    i.Draw_Circle       lcd.o
    0x08000b1a   0x08000b1a   0x00000014   Code   RO         5706    i.EXTI0_IRQHandler  wkup.o
    0x08000b2e   0x08000b2e   0x00000002   PAD
    0x08000b30   0x08000b30   0x0000000c   Code   RO         1344    i.EXTI_ClearITPendingBit  stm32f4xx_exti.o
    0x08000b3c   0x08000b3c   0x00000094   Code   RO         1349    i.EXTI_Init         stm32f4xx_exti.o
    0x08000bd0   0x08000bd0   0x00000088   Code   RO         1415    i.FLASH_EraseSector  stm32f4xx_flash.o
    0x08000c58   0x08000c58   0x00000054   Code   RO         1417    i.FLASH_GetStatus   stm32f4xx_flash.o
    0x08000cac   0x08000cac   0x00000014   Code   RO         1421    i.FLASH_Lock        stm32f4xx_flash.o
    0x08000cc0   0x08000cc0   0x00000050   Code   RO         1445    i.FLASH_ProgramWord  stm32f4xx_flash.o
    0x08000d10   0x08000d10   0x00000024   Code   RO         1447    i.FLASH_Unlock      stm32f4xx_flash.o
    0x08000d34   0x08000d34   0x00000022   Code   RO         1448    i.FLASH_WaitForLastOperation  stm32f4xx_flash.o
    0x08000d56   0x08000d56   0x00000002   PAD
    0x08000d58   0x08000d58   0x00000150   Code   RO         4765    i.Feature_thread_entry  main.o
    0x08000ea8   0x08000ea8   0x00000090   Code   RO         1857    i.GPIO_Init         stm32f4xx_gpio.o
    0x08000f38   0x08000f38   0x00000046   Code   RO         1858    i.GPIO_PinAFConfig  stm32f4xx_gpio.o
    0x08000f7e   0x08000f7e   0x00000012   Code   RO         1861    i.GPIO_ReadInputDataBit  stm32f4xx_gpio.o
    0x08000f90   0x08000f90   0x00000004   Code   RO         1864    i.GPIO_ResetBits    stm32f4xx_gpio.o
    0x08000f94   0x08000f94   0x00000004   Code   RO         1865    i.GPIO_SetBits      stm32f4xx_gpio.o
    0x08000f98   0x08000f98   0x000000ae   Code   RO         5216    i.GZP6859D_ReadCombinedModeData  xgzp6859.o
    0x08001046   0x08001046   0x00000038   Code   RO         5260    i.IIC_Ack_t         siic.o
    0x0800107e   0x0800107e   0x00000054   Code   RO         5261    i.IIC_Init_t        siic.o
    0x080010d2   0x080010d2   0x00000030   Code   RO         5262    i.IIC_NAck_t        siic.o
    0x08001102   0x08001102   0x00000058   Code   RO         5263    i.IIC_ReadByte_t    siic.o
    0x0800115a   0x0800115a   0x00000022   Code   RO         5264    i.IIC_SCL           siic.o
    0x0800117c   0x0800117c   0x00000022   Code   RO         5265    i.IIC_SDA           siic.o
    0x0800119e   0x0800119e   0x00000066   Code   RO         5266    i.IIC_SendByte_t    siic.o
    0x08001204   0x08001204   0x00000038   Code   RO         5267    i.IIC_Start_t       siic.o
    0x0800123c   0x0800123c   0x0000002a   Code   RO         5268    i.IIC_Stop_t        siic.o
    0x08001266   0x08001266   0x00000042   Code   RO         5269    i.IIC_WaitAck_t     siic.o
    0x080012a8   0x080012a8   0x000000ac   Code   RO         5344    i.KEY_Init          key.o
    0x08001354   0x08001354   0x0000003a   Code   RO         5398    i.LCD_Address_Set   lcd_init.o
    0x0800138e   0x0800138e   0x0000001c   Code   RO         5470    i.LCD_DrawPoint     lcd.o
    0x080013aa   0x080013aa   0x0000004a   Code   RO         5472    i.LCD_Fill          lcd.o
    0x080013f4   0x080013f4   0x000001d4   Code   RO         5399    i.LCD_Init          lcd_init.o
    0x080015c8   0x080015c8   0x00000158   Code   RO         5473    i.LCD_ShowChar      lcd.o
    0x08001720   0x08001720   0x0000008c   Code   RO         5474    i.LCD_ShowChinese   lcd.o
    0x080017ac   0x080017ac   0x00000148   Code   RO         5475    i.LCD_ShowChinese12x12  lcd.o
    0x080018f4   0x080018f4   0x00000138   Code   RO         5476    i.LCD_ShowChinese16x16  lcd.o
    0x08001a2c   0x08001a2c   0x00000148   Code   RO         5477    i.LCD_ShowChinese24x24  lcd.o
    0x08001b74   0x08001b74   0x00000138   Code   RO         5478    i.LCD_ShowChinese32x32  lcd.o
    0x08001cac   0x08001cac   0x000000b4   Code   RO         5479    i.LCD_ShowFloatNum1  lcd.o
    0x08001d60   0x08001d60   0x00000096   Code   RO         5480    i.LCD_ShowIntNum    lcd.o
    0x08001df6   0x08001df6   0x00000042   Code   RO         5482    i.LCD_ShowString    lcd.o
    0x08001e38   0x08001e38   0x00000012   Code   RO         5400    i.LCD_WR_DATA       lcd_init.o
    0x08001e4a   0x08001e4a   0x0000000c   Code   RO         5401    i.LCD_WR_DATA8      lcd_init.o
    0x08001e56   0x08001e56   0x00000002   PAD
    0x08001e58   0x08001e58   0x00000024   Code   RO         5402    i.LCD_WR_REG        lcd_init.o
    0x08001e7c   0x08001e7c   0x00000048   Code   RO         5403    i.LCD_Writ_Bus      lcd_init.o
    0x08001ec4   0x08001ec4   0x00000048   Code   RO         5602    i.LED_Init          led.o
    0x08001f0c   0x08001f0c   0x00000026   Code   RO         5079    i.NVIC_Configuration  bsp_debug_usart.o
    0x08001f32   0x08001f32   0x00000002   PAD
    0x08001f34   0x08001f34   0x00000078   Code   RO          155    i.NVIC_Init         misc.o
    0x08001fac   0x08001fac   0x00000014   Code   RO          156    i.NVIC_PriorityGroupConfig  misc.o
    0x08001fc0   0x08001fc0   0x00000034   Code   RO         6818    i.PID_SET           ventilator_function.o
    0x08001ff4   0x08001ff4   0x000000fc   Code   RO         6819    i.PID_SETPRESSURE   ventilator_function.o
    0x080020f0   0x080020f0   0x0000000c   Code   RO         2426    i.PWR_BackupAccessCmd  stm32f4xx_pwr.o
    0x080020fc   0x080020fc   0x00000014   Code   RO         2428    i.PWR_ClearFlag     stm32f4xx_pwr.o
    0x08002110   0x08002110   0x00000028   Code   RO         2430    i.PWR_EnterSTANDBYMode  stm32f4xx_pwr.o
    0x08002138   0x08002138   0x0000000c   Code   RO         2441    i.PWR_WakeUpPinCmd  stm32f4xx_pwr.o
    0x08002144   0x08002144   0x00000020   Code   RO         2561    i.RCC_AHB1PeriphClockCmd  stm32f4xx_rcc.o
    0x08002164   0x08002164   0x00000020   Code   RO         2563    i.RCC_AHB1PeriphResetCmd  stm32f4xx_rcc.o
    0x08002184   0x08002184   0x00000020   Code   RO         2570    i.RCC_APB1PeriphClockCmd  stm32f4xx_rcc.o
    0x080021a4   0x080021a4   0x00000020   Code   RO         2573    i.RCC_APB2PeriphClockCmd  stm32f4xx_rcc.o
    0x080021c4   0x080021c4   0x000000e8   Code   RO         2582    i.RCC_GetClocksFreq  stm32f4xx_rcc.o
    0x080022ac   0x080022ac   0x00000040   Code   RO         2583    i.RCC_GetFlagStatus  stm32f4xx_rcc.o
    0x080022ec   0x080022ec   0x0000002c   Code   RO         2591    i.RCC_LSEConfig     stm32f4xx_rcc.o
    0x08002318   0x08002318   0x0000000c   Code   RO         2605    i.RCC_RTCCLKCmd     stm32f4xx_rcc.o
    0x08002324   0x08002324   0x0000003c   Code   RO         2606    i.RCC_RTCCLKConfig  stm32f4xx_rcc.o
    0x08002360   0x08002360   0x00000016   Code   RO         2968    i.RTC_Bcd2ToByte    stm32f4xx_rtc.o
    0x08002376   0x08002376   0x0000001c   Code   RO         2970    i.RTC_ByteToBcd2    stm32f4xx_rtc.o
    0x08002392   0x08002392   0x00000002   PAD
    0x08002394   0x08002394   0x00000020   Code   RO         2974    i.RTC_ClearITPendingBit  stm32f4xx_rtc.o
    0x080023b4   0x080023b4   0x00000050   Code   RO         2980    i.RTC_EnterInitMode  stm32f4xx_rtc.o
    0x08002404   0x08002404   0x00000014   Code   RO         2981    i.RTC_ExitInitMode  stm32f4xx_rtc.o
    0x08002418   0x08002418   0x00000064   Code   RO         2993    i.RTC_ITConfig      stm32f4xx_rtc.o
    0x0800247c   0x0800247c   0x00000064   Code   RO         2994    i.RTC_Init          stm32f4xx_rtc.o
    0x080024e0   0x080024e0   0x000000c8   Code   RO         3000    i.RTC_SetDate       stm32f4xx_rtc.o
    0x080025a8   0x080025a8   0x000000d0   Code   RO         3001    i.RTC_SetTime       stm32f4xx_rtc.o
    0x08002678   0x08002678   0x00000060   Code   RO         3017    i.RTC_WaitForSynchro  stm32f4xx_rtc.o
    0x080026d8   0x080026d8   0x00000014   Code   RO         5270    i.SDA_READ          siic.o
    0x080026ec   0x080026ec   0x00000010   Code   RO         5141    i.SDP8XX_Init_t     sdp8xx.o
    0x080026fc   0x080026fc   0x00000094   Code   RO         5142    i.SDP8XX_ReadData_t  sdp8xx.o
    0x08002790   0x08002790   0x00000044   Code   RO         5143    i.SDP8XX_Write_Cmd_t  sdp8xx.o
    0x080027d4   0x080027d4   0x00000018   Code   RO         3719    i.SPI_Cmd           stm32f4xx_spi.o
    0x080027ec   0x080027ec   0x00000012   Code   RO         3727    i.SPI_I2S_GetFlagStatus  stm32f4xx_spi.o
    0x080027fe   0x080027fe   0x00000004   Code   RO         3731    i.SPI_I2S_SendData  stm32f4xx_spi.o
    0x08002802   0x08002802   0x0000003c   Code   RO         3732    i.SPI_Init          stm32f4xx_spi.o
    0x0800283e   0x0800283e   0x00000002   PAD
    0x08002840   0x08002840   0x00000040   Code   RO         3884    i.SYSCFG_EXTILineConfig  stm32f4xx_syscfg.o
    0x08002880   0x08002880   0x000000ec   Code   RO           13    i.SetSysClock       system_stm32f4xx.o
    0x0800296c   0x0800296c   0x0000003e   Code   RO         5707    i.Standby_mode      wkup.o
    0x080029aa   0x080029aa   0x00000010   Code   RO         5024    i.SysTick_Handler   board.o
    0x080029ba   0x080029ba   0x00000002   PAD
    0x080029bc   0x080029bc   0x00000068   Code   RO           15    i.SystemInit        system_stm32f4xx.o
    0x08002a24   0x08002a24   0x00000098   Code   RO         5187    i.TIMX_PWM_Init     air_blower.o
    0x08002abc   0x08002abc   0x00000018   Code   RO         3957    i.TIM_Cmd           stm32f4xx_tim.o
    0x08002ad4   0x08002ad4   0x0000007c   Code   RO         3986    i.TIM_OC1Init       stm32f4xx_tim.o
    0x08002b50   0x08002b50   0x00000012   Code   RO         3989    i.TIM_OC1PreloadConfig  stm32f4xx_tim.o
    0x08002b62   0x08002b62   0x00000002   PAD
    0x08002b64   0x08002b64   0x00000084   Code   RO         4029    i.TIM_TimeBaseInit  stm32f4xx_tim.o
    0x08002be8   0x08002be8   0x00000018   Code   RO         4511    i.USART_Cmd         stm32f4xx_usart.o
    0x08002c00   0x08002c00   0x0000001a   Code   RO         4514    i.USART_GetFlagStatus  stm32f4xx_usart.o
    0x08002c1a   0x08002c1a   0x0000004a   Code   RO         4517    i.USART_ITConfig    stm32f4xx_usart.o
    0x08002c64   0x08002c64   0x000000d4   Code   RO         4518    i.USART_Init        stm32f4xx_usart.o
    0x08002d38   0x08002d38   0x00000008   Code   RO         4528    i.USART_SendData    stm32f4xx_usart.o
    0x08002d40   0x08002d40   0x00000094   Code   RO         5708    i.WKUP_Init         wkup.o
    0x08002dd4   0x08002dd4   0x000000ec   Code   RO         6820    i.WPID_GetValue     ventilator_function.o
    0x08002ec0   0x08002ec0   0x00000010   Code   RO         5217    i.XGZP6859_Init     xgzp6859.o
    0x08002ed0   0x08002ed0   0x0000007c   Code   RO         5218    i.XGZP6859_ReadReg  xgzp6859.o
    0x08002f4c   0x08002f4c   0x00000044   Code   RO         5219    i.XGZP6859_WriteReg  xgzp6859.o
    0x08002f90   0x08002f90   0x0000002c   Code   RO         6896    i.__0vsnprintf      mc_w.l(printfa.o)
    0x08002fbc   0x08002fbc   0x0000004c   Code   RO         6158    i.__rt_ffs          kservice.o
    0x08003008   0x08003008   0x0000000e   Code   RO         6966    i.__scatterload_copy  mc_w.l(handlers.o)
    0x08003016   0x08003016   0x00000002   Code   RO         6967    i.__scatterload_null  mc_w.l(handlers.o)
    0x08003018   0x08003018   0x0000000e   Code   RO         6968    i.__scatterload_zeroinit  mc_w.l(handlers.o)
    0x08003026   0x08003026   0x00000002   PAD
    0x08003028   0x08003028   0x00000184   Code   RO         6898    i._fp_digits        mc_w.l(printfa.o)
    0x080031ac   0x080031ac   0x00000014   Code   RO         5861    i._has_defunct_thread  idle.o
    0x080031c0   0x080031c0   0x000006dc   Code   RO         6899    i._printf_core      mc_w.l(printfa.o)
    0x0800389c   0x0800389c   0x00000024   Code   RO         6900    i._printf_post_padding  mc_w.l(printfa.o)
    0x080038c0   0x080038c0   0x0000002e   Code   RO         6901    i._printf_pre_padding  mc_w.l(printfa.o)
    0x080038ee   0x080038ee   0x00000002   PAD
    0x080038f0   0x080038f0   0x00000084   Code   RO         6552    i._rt_thread_init   thread.o
    0x08003974   0x08003974   0x00000042   Code   RO         6667    i._rt_timer_init    timer.o
    0x080039b6   0x080039b6   0x0000002e   Code   RO         6668    i._rt_timer_remove  timer.o
    0x080039e4   0x080039e4   0x00000016   Code   RO         6902    i._snputc           mc_w.l(printfa.o)
    0x080039fa   0x080039fa   0x00000020   Code   RO         5709    i.delay_ms          wkup.o
    0x08003a1a   0x08003a1a   0x00000002   PAD
    0x08003a1c   0x08003a1c   0x00000054   Code   RO         5404    i.delay_us          lcd_init.o
    0x08003a70   0x08003a70   0x00000080   Code   RO         4766    i.flash_readInfo    main.o
    0x08003af0   0x08003af0   0x00000060   Code   RO         4767    i.flash_writeInfo   main.o
    0x08003b50   0x08003b50   0x0000008c   Code   RO         4768    i.humidification_thread_entry  main.o
    0x08003bdc   0x08003bdc   0x0000000e   Code   RO         5271    i.iic_delay         siic.o
    0x08003bea   0x08003bea   0x00000002   PAD
    0x08003bec   0x08003bec   0x000001a4   Code   RO         4769    i.key_UIchange      main.o
    0x08003d90   0x08003d90   0x0000029c   Code   RO         4770    i.key_sonSelect     main.o
    0x0800402c   0x0800402c   0x00000608   Code   RO         4771    i.key_valueChange   main.o
    0x08004634   0x08004634   0x000000c8   Code   RO         5405    i.lcdInit           lcd_init.o
    0x080046fc   0x080046fc   0x00000140   Code   RO         4772    i.main              main.o
    0x0800483c   0x0800483c   0x0000000e   Code   RO         5788    i.main_thread_entry  components.o
    0x0800484a   0x0800484a   0x00000016   Code   RO         5626    i.myRTC_Config      myrtc.o
    0x08004860   0x08004860   0x00000044   Code   RO         5628    i.myRTC_init        myrtc.o
    0x080048a4   0x080048a4   0x00000016   Code   RO         5483    i.mypow             lcd.o
    0x080048ba   0x080048ba   0x00000002   PAD
    0x080048bc   0x080048bc   0x00000078   Code   RO         6339    i.plug_holes        mem.o
    0x08004934   0x08004934   0x0000002c   Code   RO         5789    i.rt_application_init  components.o
    0x08004960   0x08004960   0x0000001c   Code   RO         5790    i.rt_components_board_init  components.o
    0x0800497c   0x0800497c   0x0000001c   Code   RO         5791    i.rt_components_init  components.o
    0x08004998   0x08004998   0x00000020   Code   RO         6471    i.rt_enter_critical  scheduler.o
    0x080049b8   0x080049b8   0x00000026   Code   RO         5902    i.rt_event_create   ipc.o
    0x080049de   0x080049de   0x000000da   Code   RO         5906    i.rt_event_recv     ipc.o
    0x08004ab8   0x08004ab8   0x000000b4   Code   RO         5907    i.rt_event_send     ipc.o
    0x08004b6c   0x08004b6c   0x0000003c   Code   RO         6472    i.rt_exit_critical  scheduler.o
    0x08004ba8   0x08004ba8   0x000000e0   Code   RO         6341    i.rt_free           mem.o
    0x08004c88   0x08004c88   0x00000008   Code   RO         5025    i.rt_heap_begin_get  board.o
    0x08004c90   0x08004c90   0x00000008   Code   RO         5026    i.rt_heap_end_get   board.o
    0x08004c98   0x08004c98   0x000000a0   Code   RO         5027    i.rt_hw_board_init  board.o
    0x08004d38   0x08004d38   0x00000050   Code   RO         5028    i.rt_hw_console_output  board.o
    0x08004d88   0x08004d88   0x0000010c   Code   RO         6780    i.rt_hw_hard_fault_exception  cpuport.o
    0x08004e94   0x08004e94   0x00000050   Code   RO         6781    i.rt_hw_stack_init  cpuport.o
    0x08004ee4   0x08004ee4   0x00000020   Code   RO         6131    i.rt_interrupt_enter  irq.o
    0x08004f04   0x08004f04   0x00000020   Code   RO         6133    i.rt_interrupt_leave  irq.o
    0x08004f24   0x08004f24   0x00000014   Code   RO         5908    i.rt_ipc_list_resume  ipc.o
    0x08004f38   0x08004f38   0x00000032   Code   RO         5909    i.rt_ipc_list_resume_all  ipc.o
    0x08004f6a   0x08004f6a   0x0000006c   Code   RO         5910    i.rt_ipc_list_suspend  ipc.o
    0x08004fd6   0x08004fd6   0x00000010   Code   RO         5911    i.rt_ipc_object_init  ipc.o
    0x08004fe6   0x08004fe6   0x00000002   PAD
    0x08004fe8   0x08004fe8   0x00000030   Code   RO         6164    i.rt_kprintf        kservice.o
    0x08005018   0x08005018   0x00000006   Code   RO         5912    i.rt_list_init      ipc.o
    0x0800501e   0x0800501e   0x00000006   Code   RO         6473    i.rt_list_init      scheduler.o
    0x08005024   0x08005024   0x00000006   Code   RO         6669    i.rt_list_init      timer.o
    0x0800502a   0x0800502a   0x0000000e   Code   RO         6401    i.rt_list_insert_after  object.o
    0x08005038   0x08005038   0x0000000e   Code   RO         6553    i.rt_list_insert_after  thread.o
    0x08005046   0x08005046   0x0000000e   Code   RO         6670    i.rt_list_insert_after  timer.o
    0x08005054   0x08005054   0x0000000e   Code   RO         5913    i.rt_list_insert_before  ipc.o
    0x08005062   0x08005062   0x00000010   Code   RO         5914    i.rt_list_isempty   ipc.o
    0x08005072   0x08005072   0x00000010   Code   RO         6671    i.rt_list_isempty   timer.o
    0x08005082   0x08005082   0x00000012   Code   RO         6402    i.rt_list_remove    object.o
    0x08005094   0x08005094   0x00000012   Code   RO         6554    i.rt_list_remove    thread.o
    0x080050a6   0x080050a6   0x00000002   PAD
    0x080050a8   0x080050a8   0x0000016c   Code   RO         6342    i.rt_malloc         mem.o
    0x08005214   0x08005214   0x0000007c   Code   RO         6168    i.rt_memcpy         kservice.o
    0x08005290   0x08005290   0x00000048   Code   RO         6170    i.rt_memset         kservice.o
    0x080052d8   0x080052d8   0x00000080   Code   RO         5924    i.rt_mq_create      ipc.o
    0x08005358   0x08005358   0x0000001c   Code   RO         5925    i.rt_mq_delete      ipc.o
    0x08005374   0x08005374   0x000000fc   Code   RO         5928    i.rt_mq_recv        ipc.o
    0x08005470   0x08005470   0x0000008c   Code   RO         5929    i.rt_mq_send        ipc.o
    0x080054fc   0x080054fc   0x0000004a   Code   RO         6403    i.rt_object_allocate  object.o
    0x08005546   0x08005546   0x00000020   Code   RO         6404    i.rt_object_delete  object.o
    0x08005566   0x08005566   0x0000001a   Code   RO         6405    i.rt_object_detach  object.o
    0x08005580   0x08005580   0x00000028   Code   RO         6407    i.rt_object_get_information  object.o
    0x080055a8   0x080055a8   0x0000003c   Code   RO         6408    i.rt_object_init    object.o
    0x080055e4   0x080055e4   0x00000012   Code   RO         6409    i.rt_object_is_systemobject  object.o
    0x080055f6   0x080055f6   0x00000002   PAD
    0x080055f8   0x080055f8   0x00000090   Code   RO         6474    i.rt_schedule       scheduler.o
    0x08005688   0x08005688   0x00000050   Code   RO         6475    i.rt_schedule_insert_thread  scheduler.o
    0x080056d8   0x080056d8   0x00000054   Code   RO         6476    i.rt_schedule_remove_thread  scheduler.o
    0x0800572c   0x0800572c   0x00000026   Code   RO         5935    i.rt_sem_init       ipc.o
    0x08005752   0x08005752   0x0000003a   Code   RO         5936    i.rt_sem_release    ipc.o
    0x0800578c   0x0800578c   0x00000074   Code   RO         5937    i.rt_sem_take       ipc.o
    0x08005800   0x08005800   0x000000b0   Code   RO         6172    i.rt_show_version   kservice.o
    0x080058b0   0x080058b0   0x00000034   Code   RO         6180    i.rt_strncpy        kservice.o
    0x080058e4   0x080058e4   0x000000f8   Code   RO         6345    i.rt_system_heap_init  mem.o
    0x080059dc   0x080059dc   0x0000004c   Code   RO         6477    i.rt_system_scheduler_init  scheduler.o
    0x08005a28   0x08005a28   0x00000030   Code   RO         6478    i.rt_system_scheduler_start  scheduler.o
    0x08005a58   0x08005a58   0x0000001c   Code   RO         6672    i.rt_system_timer_init  timer.o
    0x08005a74   0x08005a74   0x00000002   Code   RO         6673    i.rt_system_timer_thread_init  timer.o
    0x08005a76   0x08005a76   0x00000050   Code   RO         6556    i.rt_thread_create  thread.o
    0x08005ac6   0x08005ac6   0x0000000c   Code   RO         6557    i.rt_thread_delay   thread.o
    0x08005ad2   0x08005ad2   0x00000002   PAD
    0x08005ad4   0x08005ad4   0x00000054   Code   RO         6560    i.rt_thread_exit    thread.o
    0x08005b28   0x08005b28   0x00000008   Code   RO         5862    i.rt_thread_idle_entry  idle.o
    0x08005b30   0x08005b30   0x00000084   Code   RO         5863    i.rt_thread_idle_excute  idle.o
    0x08005bb4   0x08005bb4   0x0000003c   Code   RO         5865    i.rt_thread_idle_init  idle.o
    0x08005bf0   0x08005bf0   0x00000034   Code   RO         6562    i.rt_thread_init    thread.o
    0x08005c24   0x08005c24   0x0000003c   Code   RO         6563    i.rt_thread_resume  thread.o
    0x08005c60   0x08005c60   0x0000000c   Code   RO         6564    i.rt_thread_self    thread.o
    0x08005c6c   0x08005c6c   0x00000044   Code   RO         6565    i.rt_thread_sleep   thread.o
    0x08005cb0   0x08005cb0   0x0000002c   Code   RO         6566    i.rt_thread_startup  thread.o
    0x08005cdc   0x08005cdc   0x00000044   Code   RO         6567    i.rt_thread_suspend  thread.o
    0x08005d20   0x08005d20   0x00000020   Code   RO         6568    i.rt_thread_timeout  thread.o
    0x08005d40   0x08005d40   0x00000064   Code   RO         6569    i.rt_thread_yield   thread.o
    0x08005da4   0x08005da4   0x0000000c   Code   RO         5751    i.rt_tick_get       clock.o
    0x08005db0   0x08005db0   0x00000030   Code   RO         5752    i.rt_tick_increase  clock.o
    0x08005de0   0x08005de0   0x0000007c   Code   RO         6674    i.rt_timer_check    timer.o
    0x08005e5c   0x08005e5c   0x00000038   Code   RO         6675    i.rt_timer_control  timer.o
    0x08005e94   0x08005e94   0x00000020   Code   RO         6678    i.rt_timer_detach   timer.o
    0x08005eb4   0x08005eb4   0x0000002e   Code   RO         6679    i.rt_timer_init     timer.o
    0x08005ee2   0x08005ee2   0x00000002   PAD
    0x08005ee4   0x08005ee4   0x000000f8   Code   RO         6682    i.rt_timer_start    timer.o
    0x08005fdc   0x08005fdc   0x00000030   Code   RO         6683    i.rt_timer_stop     timer.o
    0x0800600c   0x0800600c   0x00000004   Code   RO         5792    i.rti_board_end     components.o
    0x08006010   0x08006010   0x00000004   Code   RO         5793    i.rti_board_start   components.o
    0x08006014   0x08006014   0x00000004   Code   RO         5794    i.rti_end           components.o
    0x08006018   0x08006018   0x00000004   Code   RO         5795    i.rti_start         components.o
    0x0800601c   0x0800601c   0x0000002a   Code   RO         5796    i.rtthread_startup  components.o
    0x08006046   0x08006046   0x00000002   PAD
    0x08006048   0x08006048   0x0000012c   Code   RO         4773    i.thread_Key_entry  main.o
    0x08006174   0x08006174   0x000000f4   Code   RO         4774    i.thread_lcd_entry  main.o
    0x08006268   0x08006268   0x0000001e   Code   RO         4776    i.ui_0              main.o
    0x08006286   0x08006286   0x00000002   PAD
    0x08006288   0x08006288   0x000001c8   Code   RO         4777    i.ui_1              main.o
    0x08006450   0x08006450   0x000003b4   Code   RO         4778    i.ui_2              main.o
    0x08006804   0x08006804   0x000007d8   Code   RO         4779    i.ui_3              main.o
    0x08006fdc   0x08006fdc   0x0000051c   Code   RO         4780    i.ui_4              main.o
    0x080074f8   0x080074f8   0x000002fc   Code   RO         4781    i.ui_5              main.o
    0x080077f4   0x080077f4   0x0000001c   Code   RO         4782    i.ui_clear          main.o
    0x08007810   0x08007810   0x00000058   Code   RO         4783    i.ui_welcome        main.o
    0x08007868   0x08007868   0x00000e7a   Data   RO         5484    .constdata          lcd.o
    0x080086e2   0x080086e2   0x00000122   Data   RO         6187    .constdata          kservice.o
    0x08008804   0x08008804   0x00000004   Data   RO         5797    .rti_fn.0           components.o
    0x08008808   0x08008808   0x00000004   Data   RO         5798    .rti_fn.0.end       components.o
    0x0800880c   0x0800880c   0x00000004   Data   RO         5799    .rti_fn.1.end       components.o
    0x08008810   0x08008810   0x00000004   Data   RO         5800    .rti_fn.6.end       components.o
    0x08008814   0x08008814   0x00000020   Data   RO         6964    Region$$Table       anon$$obj.o


    Execution Region RW_IRAM2 (Exec base: 0x10000000, Load base: 0x08008ed4, Size: 0x00000000, Max: 0x00010000, ABSOLUTE)

    **** No section assigned to this execution region ****


    Execution Region RW_IRAM1 (Exec base: 0x20000000, Load base: 0x08008834, Size: 0x00002900, Max: 0x00020000, ABSOLUTE, COMPRESSED[0x000006a0])

    Exec Addr    Load Addr    Size         Type   Attr      Idx    E Section Name        Object

    0x20000000   COMPRESSED   0x00000014   Data   RW           16    .data               system_stm32f4xx.o
    0x20000014   COMPRESSED   0x00000010   Data   RW         2614    .data               stm32f4xx_rcc.o
    0x20000024   COMPRESSED   0x00000148   Data   RW         4785    .data               main.o
    0x2000016c   COMPRESSED   0x0000000c   Data   RW         5144    .data               sdp8xx.o
    0x20000178   COMPRESSED   0x00000090   Data   RW         5272    .data               siic.o
    0x20000208   COMPRESSED   0x00000c70   Data   RW         5485    .data               lcd.o
    0x20000e78   COMPRESSED   0x00000004   Data   RW         5754    .data               clock.o
    0x20000e7c   COMPRESSED   0x00000001   Data   RW         6134    .data               irq.o
    0x20000e7d   COMPRESSED   0x00000003   PAD
    0x20000e80   COMPRESSED   0x00000018   Data   RW         6347    .data               mem.o
    0x20000e98   COMPRESSED   0x00000060   Data   RW         6411    .data               object.o
    0x20000ef8   COMPRESSED   0x00000018   Data   RW         6480    .data               scheduler.o
    0x20000f10   COMPRESSED   0x0000000c   Data   RW         6684    .data               timer.o
    0x20000f1c   COMPRESSED   0x00000010   Data   RW         6782    .data               cpuport.o
    0x20000f2c        -       0x00000374   Zero   RW         4784    .bss                main.o
    0x200012a0        -       0x00001000   Zero   RW         5029    .bss                board.o
    0x200022a0        -       0x00000180   Zero   RW         5866    .bss                idle.o
    0x20002420        -       0x00000080   Zero   RW         6186    .bss                kservice.o
    0x200024a0        -       0x00000020   Zero   RW         6346    .bss                mem.o
    0x200024c0        -       0x00000040   Zero   RW         6479    .bss                scheduler.o
    0x20002500        -       0x00000400   Zero   RW            1    STACK               startup_stm32f40xx.o


==============================================================================

Image component sizes


      Code (inc. data)   RO Data    RW Data    ZI Data      Debug   Object Name

       212         14          0          0          0       1527   air_blower.o
       272         30          0          0       4096      30073   board.o
       206         10          0          0          0       1361   bsp_debug_usart.o
        60         12          0          4          0       1433   clock.o
       186         28         16          0          0       6828   components.o
       272         26          0          0          0        880   context_rvds.o
       348        166          0         16          0       3934   cpuport.o
       220         30          0          0        384       5562   idle.o
      1426          0          0          0          0      16095   ipc.o
        64         12          0          1          0       1878   irq.o
       172         12          0          0          0        667   key.o
       548        148        290          0        128       7573   kservice.o
      2442         46       3706       3184          0      14530   lcd.o
       948         42          0          0          0       5528   lcd_init.o
        72         14          0          0          0        599   led.o
      9826       1244          0        328        884      26126   main.o
       956        224          0         24         32       4384   mem.o
       140         24          0          0          0       1939   misc.o
        90          4          0          0          0       1180   myrtc.o
       282          4          0         96          0       8600   object.o
       530         88          0         24         64       8830   scheduler.o
       232         14          0         12          0       3385   sdp8xx.o
       644          0          0        144          0       8673   siic.o
        36          8        392          0       1024       1004   startup_stm32f40xx.o
       160         12          0          0          0       1905   stm32f4xx_exti.o
       390         34          0          0          0       4855   stm32f4xx_flash.o
       240          0          0          0          0       4295   stm32f4xx_gpio.o
        84         26          0          0          0       2568   stm32f4xx_pwr.o
       540         66          0         16          0       8931   stm32f4xx_rcc.o
       886         50          0          0          0       8590   stm32f4xx_rtc.o
       106          0          0          0          0       3576   stm32f4xx_spi.o
        64          4          0          0          0        776   stm32f4xx_syscfg.o
       298         38          0          0          0       3794   stm32f4xx_tim.o
       344          8          0          0          0       4893   stm32f4xx_usart.o
       340         32          0         20          0     329849   system_stm32f4xx.o
       776         36          0          0          0      12663   thread.o
       732         20          0         12          0      11996   timer.o
       540         50          0          0          0       2824   ventilator_function.o
       318         12          0          0          0       3135   wkup.o
       382         16          0          0          0       3320   xgzp6859.o

    ----------------------------------------------------------------------
     26422       2604       4436       3884       6612     570559   Object Totals
         0          0         32          0          0          0   (incl. Generated)
        38          0          0          3          0          0   (incl. Padding)

    ----------------------------------------------------------------------

      Code (inc. data)   RO Data    RW Data    ZI Data      Debug   Library Member Name

        86          0          0          0          0          0   __dczerorl2.o
         0          0          0          0          0          0   entry.o
         0          0          0          0          0          0   entry10a.o
         0          0          0          0          0          0   entry11a.o
         8          4          0          0          0          0   entry2.o
         4          0          0          0          0          0   entry5.o
         0          0          0          0          0          0   entry7b.o
         0          0          0          0          0          0   entry8b.o
         8          4          0          0          0          0   entry9a.o
        30          0          0          0          0          0   handlers.o
        36          8          0          0          0         68   init.o
         0          0          0          0          0          0   iusefp.o
        30          0          0          0          0         68   llshl.o
        36          0          0          0          0         68   llsshr.o
        32          0          0          0          0         68   llushr.o
        36          0          0          0          0         68   memcpya.o
      2292         84          0          0          0        516   printfa.o
        44          0          0          0          0         80   uidiv.o
        98          0          0          0          0         92   uldiv.o
        48          0          0          0          0         68   cdrcmple.o
        56          0          0          0          0         88   d2f.o
       334          0          0          0          0        148   dadd.o
       222          0          0          0          0        100   ddiv.o
       186          0          0          0          0        176   depilogue.o
        48          0          0          0          0         68   dfixul.o
        34          0          0          0          0         76   dflti.o
       228          0          0          0          0         96   dmul.o
       110          0          0          0          0        168   fepilogue.o

    ----------------------------------------------------------------------
      4010        100          0          0          0       2016   Library Totals
         4          0          0          0          0          0   (incl. Padding)

    ----------------------------------------------------------------------

      Code (inc. data)   RO Data    RW Data    ZI Data      Debug   Library Name

      2740        100          0          0          0       1028   mc_w.l
      1266          0          0          0          0        988   mf_w.l

    ----------------------------------------------------------------------
      4010        100          0          0          0       2016   Library Totals

    ----------------------------------------------------------------------

==============================================================================


      Code (inc. data)   RO Data    RW Data    ZI Data      Debug   

     30432       2704       4436       3884       6612     550419   Grand Totals
     30432       2704       4436       1696       6612     550419   ELF Image Totals (compressed)
     30432       2704       4436       1696          0          0   ROM Totals

==============================================================================

    Total RO  Size (Code + RO Data)                34868 (  34.05kB)
    Total RW  Size (RW Data + ZI Data)             10496 (  10.25kB)
    Total ROM Size (Code + RO Data + RW Data)      36564 (  35.71kB)

==============================================================================

