Component: ARM Compiler 5.06 update 5 (build 528) Tool: armlink [4d35e2]

==============================================================================

Section Cross References

    startup_stm32f40xx.o(RESET) refers to startup_stm32f40xx.o(STACK) for __initial_sp
    startup_stm32f40xx.o(RESET) refers to startup_stm32f40xx.o(.text) for Reset_Handler
    startup_stm32f40xx.o(RESET) refers to context_rvds.o(.text) for HardFault_Handler
    startup_stm32f40xx.o(RESET) refers to board.o(i.SysTick_Handler) for SysTick_Handler
    startup_stm32f40xx.o(RESET) refers to rtc.o(i.RTC_WKUP_IRQHandler) for RTC_WKUP_IRQHandler
    startup_stm32f40xx.o(RESET) refers to wkup.o(i.EXTI0_IRQHandler) for EXTI0_IRQHandler
    startup_stm32f40xx.o(RESET) refers to rtc.o(i.RTC_Alarm_IRQHandler) for RTC_Alarm_IRQHandler
    startup_stm32f40xx.o(RESET) refers to stm32f4xx_it.o(i.TIM6_DAC_IRQHandler) for TIM6_DAC_IRQHandler
    startup_stm32f40xx.o(.text) refers to system_stm32f4xx.o(i.SystemInit) for SystemInit
    startup_stm32f40xx.o(.text) refers to entry.o(.ARM.Collect$$$$00000000) for __main
    system_stm32f4xx.o(i.SystemCoreClockUpdate) refers to system_stm32f4xx.o(.data) for SystemCoreClock
    system_stm32f4xx.o(i.SystemInit) refers to system_stm32f4xx.o(i.SetSysClock) for SetSysClock
    stm32f4xx_adc.o(i.ADC_DeInit) refers to stm32f4xx_rcc.o(i.RCC_APB2PeriphResetCmd) for RCC_APB2PeriphResetCmd
    stm32f4xx_can.o(i.CAN_DeInit) refers to stm32f4xx_rcc.o(i.RCC_APB1PeriphResetCmd) for RCC_APB1PeriphResetCmd
    stm32f4xx_can.o(i.CAN_GetITStatus) refers to stm32f4xx_can.o(i.CheckITStatus) for CheckITStatus
    stm32f4xx_cryp.o(i.CRYP_DeInit) refers to stm32f4xx_rcc.o(i.RCC_AHB2PeriphResetCmd) for RCC_AHB2PeriphResetCmd
    stm32f4xx_cryp_aes.o(i.CRYP_AES_CBC) refers to stm32f4xx_cryp.o(i.CRYP_KeyStructInit) for CRYP_KeyStructInit
    stm32f4xx_cryp_aes.o(i.CRYP_AES_CBC) refers to stm32f4xx_cryp.o(i.CRYP_FIFOFlush) for CRYP_FIFOFlush
    stm32f4xx_cryp_aes.o(i.CRYP_AES_CBC) refers to stm32f4xx_cryp.o(i.CRYP_Init) for CRYP_Init
    stm32f4xx_cryp_aes.o(i.CRYP_AES_CBC) refers to stm32f4xx_cryp.o(i.CRYP_KeyInit) for CRYP_KeyInit
    stm32f4xx_cryp_aes.o(i.CRYP_AES_CBC) refers to stm32f4xx_cryp.o(i.CRYP_Cmd) for CRYP_Cmd
    stm32f4xx_cryp_aes.o(i.CRYP_AES_CBC) refers to stm32f4xx_cryp.o(i.CRYP_GetFlagStatus) for CRYP_GetFlagStatus
    stm32f4xx_cryp_aes.o(i.CRYP_AES_CBC) refers to stm32f4xx_cryp.o(i.CRYP_IVInit) for CRYP_IVInit
    stm32f4xx_cryp_aes.o(i.CRYP_AES_CBC) refers to stm32f4xx_cryp.o(i.CRYP_GetCmdStatus) for CRYP_GetCmdStatus
    stm32f4xx_cryp_aes.o(i.CRYP_AES_CBC) refers to stm32f4xx_cryp.o(i.CRYP_DataIn) for CRYP_DataIn
    stm32f4xx_cryp_aes.o(i.CRYP_AES_CBC) refers to stm32f4xx_cryp.o(i.CRYP_DataOut) for CRYP_DataOut
    stm32f4xx_cryp_aes.o(i.CRYP_AES_CCM) refers to stm32f4xx_cryp.o(i.CRYP_KeyStructInit) for CRYP_KeyStructInit
    stm32f4xx_cryp_aes.o(i.CRYP_AES_CCM) refers to stm32f4xx_cryp.o(i.CRYP_FIFOFlush) for CRYP_FIFOFlush
    stm32f4xx_cryp_aes.o(i.CRYP_AES_CCM) refers to stm32f4xx_cryp.o(i.CRYP_KeyInit) for CRYP_KeyInit
    stm32f4xx_cryp_aes.o(i.CRYP_AES_CCM) refers to stm32f4xx_cryp.o(i.CRYP_IVInit) for CRYP_IVInit
    stm32f4xx_cryp_aes.o(i.CRYP_AES_CCM) refers to stm32f4xx_cryp.o(i.CRYP_Init) for CRYP_Init
    stm32f4xx_cryp_aes.o(i.CRYP_AES_CCM) refers to stm32f4xx_cryp.o(i.CRYP_PhaseConfig) for CRYP_PhaseConfig
    stm32f4xx_cryp_aes.o(i.CRYP_AES_CCM) refers to stm32f4xx_cryp.o(i.CRYP_DataIn) for CRYP_DataIn
    stm32f4xx_cryp_aes.o(i.CRYP_AES_CCM) refers to stm32f4xx_cryp.o(i.CRYP_Cmd) for CRYP_Cmd
    stm32f4xx_cryp_aes.o(i.CRYP_AES_CCM) refers to stm32f4xx_cryp.o(i.CRYP_GetCmdStatus) for CRYP_GetCmdStatus
    stm32f4xx_cryp_aes.o(i.CRYP_AES_CCM) refers to stm32f4xx_cryp.o(i.CRYP_GetFlagStatus) for CRYP_GetFlagStatus
    stm32f4xx_cryp_aes.o(i.CRYP_AES_CCM) refers to stm32f4xx_cryp.o(i.CRYP_DataOut) for CRYP_DataOut
    stm32f4xx_cryp_aes.o(i.CRYP_AES_CTR) refers to stm32f4xx_cryp.o(i.CRYP_KeyStructInit) for CRYP_KeyStructInit
    stm32f4xx_cryp_aes.o(i.CRYP_AES_CTR) refers to stm32f4xx_cryp.o(i.CRYP_KeyInit) for CRYP_KeyInit
    stm32f4xx_cryp_aes.o(i.CRYP_AES_CTR) refers to stm32f4xx_cryp.o(i.CRYP_Init) for CRYP_Init
    stm32f4xx_cryp_aes.o(i.CRYP_AES_CTR) refers to stm32f4xx_cryp.o(i.CRYP_IVInit) for CRYP_IVInit
    stm32f4xx_cryp_aes.o(i.CRYP_AES_CTR) refers to stm32f4xx_cryp.o(i.CRYP_FIFOFlush) for CRYP_FIFOFlush
    stm32f4xx_cryp_aes.o(i.CRYP_AES_CTR) refers to stm32f4xx_cryp.o(i.CRYP_Cmd) for CRYP_Cmd
    stm32f4xx_cryp_aes.o(i.CRYP_AES_CTR) refers to stm32f4xx_cryp.o(i.CRYP_GetCmdStatus) for CRYP_GetCmdStatus
    stm32f4xx_cryp_aes.o(i.CRYP_AES_CTR) refers to stm32f4xx_cryp.o(i.CRYP_DataIn) for CRYP_DataIn
    stm32f4xx_cryp_aes.o(i.CRYP_AES_CTR) refers to stm32f4xx_cryp.o(i.CRYP_GetFlagStatus) for CRYP_GetFlagStatus
    stm32f4xx_cryp_aes.o(i.CRYP_AES_CTR) refers to stm32f4xx_cryp.o(i.CRYP_DataOut) for CRYP_DataOut
[...]
    .data                                    0x20000f78   Section        4  stdout.o(.data)
    .bss                                     0x20000f7c   Section      916  main.o(.bss)
    rx_sem                                   0x20000f7c   Data          32  main.o(.bss)
    .bss                                     0x20001310   Section     4180  board.o(.bss)
    rt_heap                                  0x20001310   Data        4096  board.o(.bss)
    serial                                   0x20002310   Data          84  board.o(.bss)
    .bss                                     0x20002364   Section      384  idle.o(.bss)
    idle                                     0x20002364   Data         128  idle.o(.bss)
    rt_thread_stack                          0x200023e4   Data         256  idle.o(.bss)
    .bss                                     0x200024e4   Section      128  kservice.o(.bss)
    rt_log_buf                               0x200024e4   Data         128  kservice.o(.bss)
    .bss                                     0x20002564   Section       32  mem.o(.bss)
    heap_sem                                 0x20002564   Data          32  mem.o(.bss)
    .bss                                     0x20002584   Section       64  scheduler.o(.bss)
    STACK                                    0x200025c8   Section     1024  startup_stm32f40xx.o(STACK)

    Global Symbols

    Symbol Name                              Value     Ov Type        Size  Object(Section)

    BuildAttributes$$THM_ISAv4$E$P$D$K$B$S$7EM$VFPi3$EXTD16$VFPS$VFMA$PE$A:L22UL41UL21$X:L11$S22US41US21$IEEE1$IW$USESV6$~STKCKD$USESV7$~SHL$OTIME$ROPI$EBA8$MICROLIB$REQ8$PRES8$EABIv2 0x00000000   Number         0  anon$$obj.o ABSOLUTE
    __ARM_use_no_argv                        0x00000000   Number         0  main.o ABSOLUTE
    _printf_a                                0x00000000   Number         0  stubs.o ABSOLUTE
    _printf_c                                0x00000000   Number         0  stubs.o ABSOLUTE
    _printf_charcount                        0x00000000   Number         0  stubs.o ABSOLUTE
    _printf_d                                0x00000000   Number         0  stubs.o ABSOLUTE
    _printf_e                                0x00000000   Number         0  stubs.o ABSOLUTE
    _printf_f                                0x00000000   Number         0  stubs.o ABSOLUTE
    _printf_flags                            0x00000000   Number         0  stubs.o ABSOLUTE
    _printf_fp_dec                           0x00000000   Number         0  stubs.o ABSOLUTE
    _printf_fp_hex                           0x00000000   Number         0  stubs.o ABSOLUTE
    _printf_g                                0x00000000   Number         0  stubs.o ABSOLUTE
    _printf_i                                0x00000000   Number         0  stubs.o ABSOLUTE
    _printf_int_dec                          0x00000000   Number         0  stubs.o ABSOLUTE
    _printf_l                                0x00000000   Number         0  stubs.o ABSOLUTE
    _printf_lc                               0x00000000   Number         0  stubs.o ABSOLUTE
    _printf_ll                               0x00000000   Number         0  stubs.o ABSOLUTE
    _printf_lld                              0x00000000   Number         0  stubs.o ABSOLUTE
    _printf_lli                              0x00000000   Number         0  stubs.o ABSOLUTE
    _printf_llo                              0x00000000   Number         0  stubs.o ABSOLUTE
    _printf_llu                              0x00000000   Number         0  stubs.o ABSOLUTE
    _printf_llx                              0x00000000   Number         0  stubs.o ABSOLUTE
    _printf_longlong_dec                     0x00000000   Number         0  stubs.o ABSOLUTE
    _printf_longlong_hex                     0x00000000   Number         0  stubs.o ABSOLUTE
    _printf_longlong_oct                     0x00000000   Number         0  stubs.o ABSOLUTE
    _printf_ls                               0x00000000   Number         0  stubs.o ABSOLUTE
    _printf_mbtowc                           0x00000000   Number         0  stubs.o ABSOLUTE
    _printf_n                                0x00000000   Number         0  stubs.o ABSOLUTE
    _printf_o                                0x00000000   Number         0  stubs.o ABSOLUTE
    _printf_p                                0x00000000   Number         0  stubs.o ABSOLUTE
    _printf_percent                          0x00000000   Number         0  stubs.o ABSOLUTE
    _printf_pre_padding                      0x00000000   Number         0  stubs.o ABSOLUTE
    _printf_return_value                     0x00000000   Number         0  stubs.o ABSOLUTE
    _printf_s                                0x00000000   Number         0  stubs.o ABSOLUTE
    _printf_sizespec                         0x00000000   Number         0  stubs.o ABSOLUTE
    _printf_str                              0x00000000   Number         0  stubs.o ABSOLUTE
    _printf_truncate_signed                  0x00000000   Number         0  stubs.o ABSOLUTE
    _printf_truncate_unsigned                0x00000000   Number         0  stubs.o ABSOLUTE
    _printf_u                                0x00000000   Number         0  stubs.o ABSOLUTE
    _printf_wc                               0x00000000   Number         0  stubs.o ABSOLUTE
    _printf_wctomb                           0x00000000   Number         0  stubs.o ABSOLUTE
    _printf_widthprec                        0x00000000   Number         0  stubs.o ABSOLUTE
    _printf_x                                0x00000000   Number         0  stubs.o ABSOLUTE
    __cpp_initialize__aeabi_                  - Undefined Weak Reference
    __cxa_finalize                            - Undefined Weak Reference
    _clock_init                               - Undefined Weak Reference
    _microlib_exit                            - Undefined Weak Reference
    __Vectors_Size                           0x00000188   Number         0  startup_stm32f40xx.o ABSOLUTE
    __Vectors                                0x08000000   Data           4  startup_stm32f40xx.o(RESET)
    __Vectors_End                            0x08000188   Data           0  startup_stm32f40xx.o(RESET)
    __main                                   0x08000189   Thumb Code     0  entry.o(.ARM.Collect$$$$00000000)
    _main_stk                                0x08000189   Thumb Code     0  entry2.o(.ARM.Collect$$$$00000001)
    _main_scatterload                        0x0800018d   Thumb Code     0  entry5.o(.ARM.Collect$$$$00000004)
    __main_after_scatterload                 0x08000191   Thumb Code     0  entry5.o(.ARM.Collect$$$$00000004)
    _main_clock                              0x08000191   Thumb Code     0  entry7b.o(.ARM.Collect$$$$00000008)
    _main_cpp_init                           0x08000191   Thumb Code     0  entry8b.o(.ARM.Collect$$$$0000000A)
    _main_init                               0x08000191   Thumb Code     0  entry9a.o(.ARM.Collect$$$$0000000B)
    __rt_final_cpp                           0x08000199   Thumb Code     0  entry10a.o(.ARM.Collect$$$$0000000D)
    __rt_final_exit                          0x08000199   Thumb Code     0  entry11a.o(.ARM.Collect$$$$0000000F)
    Reset_Handler                            0x0800019d   Thumb Code     8  startup_stm32f40xx.o(.text)
    NMI_Handler                              0x080001a5   Thumb Code     2  startup_stm32f40xx.o(.text)
    MemManage_Handler                        0x080001a9   Thumb Code     2  startup_stm32f40xx.o(.text)
    BusFault_Handler                         0x080001ab   Thumb Code     2  startup_stm32f40xx.o(.text)
    UsageFault_Handler                       0x080001ad   Thumb Code     2  startup_stm32f40xx.o(.text)
    SVC_Handler                              0x080001af   Thumb Code     2  startup_stm32f40xx.o(.text)
    DebugMon_Handler                         0x080001b1   Thumb Code     2  startup_stm32f40xx.o(.text)
    ADC_IRQHandler                           0x080001b7   Thumb Code     0  startup_stm32f40xx.o(.text)
    CAN1_RX0_IRQHandler                      0x080001b7   Thumb Code     0  startup_stm32f40xx.o(.text)
    CAN1_RX1_IRQHandler                      0x080001b7   Thumb Code     0  startup_stm32f40xx.o(.text)
    CAN1_SCE_IRQHandler                      0x080001b7   Thumb Code     0  startup_stm32f40xx.o(.text)
    CAN1_TX_IRQHandler                       0x080001b7   Thumb Code     0  startup_stm32f40xx.o(.text)
    CAN2_RX0_IRQHandler                      0x080001b7   Thumb Code     0  startup_stm32f40xx.o(.text)
    CAN2_RX1_IRQHandler                      0x080001b7   Thumb Code     0  startup_stm32f40xx.o(.text)
    CAN2_SCE_IRQHandler                      0x080001b7   Thumb Code     0  startup_stm32f40xx.o(.text)
    CAN2_TX_IRQHandler                       0x080001b7   Thumb Code     0  startup_stm32f40xx.o(.text)
    CRYP_IRQHandler                          0x080001b7   Thumb Code     0  startup_stm32f40xx.o(.text)
    DCMI_IRQHandler                          0x080001b7   Thumb Code     0  startup_stm32f40xx.o(.text)
    DMA1_Stream0_IRQHandler                  0x080001b7   Thumb Code     0  startup_stm32f40xx.o(.text)
    DMA1_Stream1_IRQHandler                  0x080001b7   Thumb Code     0  startup_stm32f40xx.o(.text)
    DMA1_Stream2_IRQHandler                  0x080001b7   Thumb Code     0  startup_stm32f40xx.o(.text)
    DMA1_Stream3_IRQHandler                  0x080001b7   Thumb Code     0  startup_stm32f40xx.o(.text)
    DMA1_Stream4_IRQHandler                  0x080001b7   Thumb Code     0  startup_stm32f40xx.o(.text)
    DMA1_Stream5_IRQHandler                  0x080001b7   Thumb Code     0  startup_stm32f40xx.o(.text)
    DMA1_Stream6_IRQHandler                  0x080001b7   Thumb Code     0  startup_stm32f40xx.o(.text)
    DMA1_Stream7_IRQHandler                  0x080001b7   Thumb Code     0  startup_stm32f40xx.o(.text)
    DMA2_Stream0_IRQHandler                  0x080001b7   Thumb Code     0  startup_stm32f40xx.o(.text)
    DMA2_Stream1_IRQHandler                  0x080001b7   Thumb Code     0  startup_stm32f40xx.o(.text)
    DMA2_Stream2_IRQHandler                  0x080001b7   Thumb Code     0  startup_stm32f40xx.o(.text)
    DMA2_Stream3_IRQHandler                  0x080001b7   Thumb Code     0  startup_stm32f40xx.o(.text)
    DMA2_Stream4_IRQHandler                  0x080001b7   Thumb Code     0  startup_stm32f40xx.o(.text)
    DMA2_Stream5_IRQHandler                  0x080001b7   Thumb Code     0  startup_stm32f40xx.o(.text)
    DMA2_Stream6_IRQHandler                  0x080001b7   Thumb Code     0  startup_stm32f40xx.o(.text)
    DMA2_Stream7_IRQHandler                  0x080001b7   Thumb Code     0  startup_stm32f40xx.o(.text)
    ETH_IRQHandler                           0x080001b7   Thumb Code     0  startup_stm32f40xx.o(.text)
    ETH_WKUP_IRQHandler                      0x080001b7   Thumb Code     0  startup_stm32f40xx.o(.text)
    EXTI15_10_IRQHandler                     0x080001b7   Thumb Code     0  startup_stm32f40xx.o(.text)
    EXTI1_IRQHandler                         0x080001b7   Thumb Code     0  startup_stm32f40xx.o(.text)
    EXTI2_IRQHandler                         0x080001b7   Thumb Code     0  startup_stm32f40xx.o(.text)
    EXTI3_IRQHandler                         0x080001b7   Thumb Code     0  startup_stm32f40xx.o(.text)
    EXTI4_IRQHandler                         0x080001b7   Thumb Code     0  startup_stm32f40xx.o(.text)
    EXTI9_5_IRQHandler                       0x080001b7   Thumb Code     0  startup_stm32f40xx.o(.text)
    FLASH_IRQHandler                         0x080001b7   Thumb Code     0  startup_stm32f40xx.o(.text)
    FPU_IRQHandler                           0x080001b7   Thumb Code     0  startup_stm32f40xx.o(.text)
    FSMC_IRQHandler                          0x080001b7   Thumb Code     0  startup_stm32f40xx.o(.text)
    HASH_RNG_IRQHandler                      0x080001b7   Thumb Code     0  startup_stm32f40xx.o(.text)
    I2C1_ER_IRQHandler                       0x080001b7   Thumb Code     0  startup_stm32f40xx.o(.text)
    I2C1_EV_IRQHandler                       0x080001b7   Thumb Code     0  startup_stm32f40xx.o(.text)
    I2C2_ER_IRQHandler                       0x080001b7   Thumb Code     0  startup_stm32f40xx.o(.text)
    I2C2_EV_IRQHandler                       0x080001b7   Thumb Code     0  startup_stm32f40xx.o(.text)
    I2C3_ER_IRQHandler                       0x080001b7   Thumb Code     0  startup_stm32f40xx.o(.text)
    I2C3_EV_IRQHandler                       0x080001b7   Thumb Code     0  startup_stm32f40xx.o(.text)
    OTG_FS_IRQHandler                        0x080001b7   Thumb Code     0  startup_stm32f40xx.o(.text)
    OTG_FS_WKUP_IRQHandler                   0x080001b7   Thumb Code     0  startup_stm32f40xx.o(.text)
    OTG_HS_EP1_IN_IRQHandler                 0x080001b7   Thumb Code     0  startup_stm32f40xx.o(.text)
    OTG_HS_EP1_OUT_IRQHandler                0x080001b7   Thumb Code     0  startup_stm32f40xx.o(.text)
    OTG_HS_IRQHandler                        0x080001b7   Thumb Code     0  startup_stm32f40xx.o(.text)
    OTG_HS_WKUP_IRQHandler                   0x080001b7   Thumb Code     0  startup_stm32f40xx.o(.text)
    PVD_IRQHandler                           0x080001b7   Thumb Code     0  startup_stm32f40xx.o(.text)
    RCC_IRQHandler                           0x080001b7   Thumb Code     0  startup_stm32f40xx.o(.text)
    SDIO_IRQHandler                          0x080001b7   Thumb Code     0  startup_stm32f40xx.o(.text)
    SPI1_IRQHandler                          0x080001b7   Thumb Code     0  startup_stm32f40xx.o(.text)
    SPI2_IRQHandler                          0x080001b7   Thumb Code     0  startup_stm32f40xx.o(.text)
    SPI3_IRQHandler                          0x080001b7   Thumb Code     0  startup_stm32f40xx.o(.text)
    TAMP_STAMP_IRQHandler                    0x080001b7   Thumb Code     0  startup_stm32f40xx.o(.text)
    TIM1_BRK_TIM9_IRQHandler                 0x080001b7   Thumb Code     0  startup_stm32f40xx.o(.text)
    TIM1_CC_IRQHandler                       0x080001b7   Thumb Code     0  startup_stm32f40xx.o(.text)
    TIM1_TRG_COM_TIM11_IRQHandler            0x080001b7   Thumb Code     0  startup_stm32f40xx.o(.text)
    TIM1_UP_TIM10_IRQHandler                 0x080001b7   Thumb Code     0  startup_stm32f40xx.o(.text)
    TIM2_IRQHandler                          0x080001b7   Thumb Code     0  startup_stm32f40xx.o(.text)
    TIM3_IRQHandler                          0x080001b7   Thumb Code     0  startup_stm32f40xx.o(.text)
    TIM4_IRQHandler                          0x080001b7   Thumb Code     0  startup_stm32f40xx.o(.text)
    TIM5_IRQHandler                          0x080001b7   Thumb Code     0  startup_stm32f40xx.o(.text)
    TIM7_IRQHandler                          0x080001b7   Thumb Code     0  startup_stm32f40xx.o(.text)
    TIM8_BRK_TIM12_IRQHandler                0x080001b7   Thumb Code     0  startup_stm32f40xx.o(.text)
    TIM8_CC_IRQHandler                       0x080001b7   Thumb Code     0  startup_stm32f40xx.o(.text)
    TIM8_TRG_COM_TIM14_IRQHandler            0x080001b7   Thumb Code     0  startup_stm32f40xx.o(.text)
    TIM8_UP_TIM13_IRQHandler                 0x080001b7   Thumb Code     0  startup_stm32f40xx.o(.text)
    UART4_IRQHandler                         0x080001b7   Thumb Code     0  startup_stm32f40xx.o(.text)
    UART5_IRQHandler                         0x080001b7   Thumb Code     0  startup_stm32f40xx.o(.text)
    USART1_IRQHandler                        0x080001b7   Thumb Code     0  startup_stm32f40xx.o(.text)
    USART2_IRQHandler                        0x080001b7   Thumb Code     0  startup_stm32f40xx.o(.text)
    USART3_IRQHandler                        0x080001b7   Thumb Code     0  startup_stm32f40xx.o(.text)
    USART6_IRQHandler                        0x080001b7   Thumb Code     0  startup_stm32f40xx.o(.text)
    WWDG_IRQHandler                          0x080001b7   Thumb Code     0  startup_stm32f40xx.o(.text)
    rt_hw_interrupt_disable                  0x080001c1   Thumb Code     8  context_rvds.o(.text)
    rt_hw_interrupt_enable                   0x080001c9   Thumb Code     6  context_rvds.o(.text)
    rt_hw_context_switch                     0x080001cf   Thumb Code    32  context_rvds.o(.text)
    rt_hw_context_switch_interrupt           0x080001cf   Thumb Code     0  context_rvds.o(.text)
    PendSV_Handler                           0x080001ef   Thumb Code   108  context_rvds.o(.text)
    rt_hw_context_switch_to                  0x0800025b   Thumb Code    70  context_rvds.o(.text)
    rt_hw_interrupt_thread_switch            0x080002a1   Thumb Code     2  context_rvds.o(.text)
    HardFault_Handler                        0x080002a3   Thumb Code    20  context_rvds.o(.text)
    __aeabi_memcpy                           0x080002d1   Thumb Code    36  memcpya.o(.text)
    __aeabi_memcpy4                          0x080002d1   Thumb Code     0  memcpya.o(.text)
    __aeabi_memcpy8                          0x080002d1   Thumb Code     0  memcpya.o(.text)
    __aeabi_dadd                             0x080002f5   Thumb Code   322  dadd.o(.text)
    __aeabi_dsub                             0x08000437   Thumb Code     6  dadd.o(.text)
    __aeabi_drsub                            0x0800043d   Thumb Code     6  dadd.o(.text)
    __aeabi_dmul                             0x08000443   Thumb Code   228  dmul.o(.text)
    __aeabi_ddiv                             0x08000527   Thumb Code   222  ddiv.o(.text)
    __aeabi_i2d                              0x08000605   Thumb Code    34  dflti.o(.text)
    __aeabi_d2f                              0x08000627   Thumb Code    56  d2f.o(.text)
    __aeabi_uidiv                            0x0800065f   Thumb Code     0  uidiv.o(.text)
    __aeabi_uidivmod                         0x0800065f   Thumb Code    44  uidiv.o(.text)
    __aeabi_uldivmod                         0x0800068b   Thumb Code    98  uldiv.o(.text)
    __aeabi_llsl                             0x080006ed   Thumb Code    30  llshl.o(.text)
    _ll_shift_l                              0x080006ed   Thumb Code     0  llshl.o(.text)
    __aeabi_lasr                             0x0800070b   Thumb Code    36  llsshr.o(.text)
    _ll_sshift_r                             0x0800070b   Thumb Code     0  llsshr.o(.text)
    __I$use$fp                               0x0800072f   Thumb Code     0  iusefp.o(.text)
    _float_round                             0x0800072f   Thumb Code    18  fepilogue.o(.text)
    _float_epilogue                          0x08000741   Thumb Code    92  fepilogue.o(.text)
    _double_round                            0x0800079d   Thumb Code    30  depilogue.o(.text)
    _double_epilogue                         0x080007bb   Thumb Code   156  depilogue.o(.text)
    __aeabi_d2ulz                            0x08000857   Thumb Code    48  dfixul.o(.text)
    __aeabi_cdrcmple                         0x08000889   Thumb Code    48  cdrcmple.o(.text)
    __scatterload                            0x080008b9   Thumb Code    28  init.o(.text)
    __scatterload_rt2                        0x080008b9   Thumb Code     0  init.o(.text)
    __aeabi_llsr                             0x080008dd   Thumb Code    32  llushr.o(.text)
    _ll_ushift_r                             0x080008dd   Thumb Code     0  llushr.o(.text)
    __decompress                             0x080008fd   Thumb Code     0  __dczerorl2.o(.text)
    __decompress1                            0x080008fd   Thumb Code    86  __dczerorl2.o(.text)
    main                                     0x08000953   Thumb Code    14  components.o(i.$Sub$$main)
    AIR_BLOWER_CONTROL_GPIO_Init             0x08000961   Thumb Code    54  air_blower.o(i.AIR_BLOWER_CONTROL_GPIO_Init)
    BUZZER_Init                              0x08000a31   Thumb Code    56  buzzer.o(i.BUZZER_Init)
    BiPAP_clear_keep_time                    0x08000a71   Thumb Code    38  btim.o(i.BiPAP_clear_keep_time)
    Check_WKUP                               0x08000b85   Thumb Code    50  wkup.o(i.Check_WKUP)
    DS18B20_Get_Temp                         0x08000bf5   Thumb Code   194  ds18b20.o(i.DS18B20_Get_Temp)
    DS18B20_Init                             0x08000cc5   Thumb Code    16  ds18b20.o(i.DS18B20_Init)
    DS18B20_Read_Byte                        0x08000dad   Thumb Code    34  ds18b20.o(i.DS18B20_Read_Byte)
    DS18B20_Write_Byte                       0x08000dfd   Thumb Code    88  ds18b20.o(i.DS18B20_Write_Byte)
    Debug_USART_Config                       0x08000e59   Thumb Code   158  bsp_debug_usart.o(i.Debug_USART_Config)
    Debug_USART_Config8266                   0x08000f01   Thumb Code   152  main.o(i.Debug_USART_Config8266)
    Delay_us                                 0x08000fa1   Thumb Code    12  ds18b20.o(i.Delay_us)
    Draw_Circle                              0x08000fad   Thumb Code   158  lcd.o(i.Draw_Circle)
    EXTI0_IRQHandler                         0x0800104b   Thumb Code    20  wkup.o(i.EXTI0_IRQHandler)
    EXTI_ClearITPendingBit                   0x08001061   Thumb Code     6  stm32f4xx_exti.o(i.EXTI_ClearITPendingBit)
    FLASH_EraseSector                        0x0800106d   Thumb Code   130  stm32f4xx_flash.o(i.FLASH_EraseSector)
    FLASH_GetStatus                          0x080010f5   Thumb Code    80  stm32f4xx_flash.o(i.FLASH_GetStatus)
    FLASH_Lock                               0x08001149   Thumb Code    14  stm32f4xx_flash.o(i.FLASH_Lock)
    FLASH_ProgramWord                        0x0800115d   Thumb Code    74  stm32f4xx_flash.o(i.FLASH_ProgramWord)
    FLASH_Unlock                             0x080011ad   Thumb Code    24  stm32f4xx_flash.o(i.FLASH_Unlock)
    FLASH_WaitForLastOperation               0x080011d1   Thumb Code    34  stm32f4xx_flash.o(i.FLASH_WaitForLastOperation)
    GPIO_Init                                0x08001515   Thumb Code   144  stm32f4xx_gpio.o(i.GPIO_Init)
    GPIO_PinAFConfig                         0x080015a5   Thumb Code    70  stm32f4xx_gpio.o(i.GPIO_PinAFConfig)
    GPIO_ReadInputDataBit                    0x080015eb   Thumb Code    18  stm32f4xx_gpio.o(i.GPIO_ReadInputDataBit)
    GPIO_ResetBits                           0x080015fd   Thumb Code     4  stm32f4xx_gpio.o(i.GPIO_ResetBits)
    GPIO_SetBits                             0x08001601   Thumb Code     4  stm32f4xx_gpio.o(i.GPIO_SetBits)
    GZP6859D_ReadPressureModeData            0x08001605   Thumb Code    94  xgzp6859.o(i.GZP6859D_ReadPressureModeData)
    KEY_Init                                 0x080018cd   Thumb Code   204  key.o(i.KEY_Init)
    LCD_Address_Set                          0x080019a5   Thumb Code    58  lcd_init.o(i.LCD_Address_Set)
    LCD_DrawPoint                            0x080019df   Thumb Code    28  lcd.o(i.LCD_DrawPoint)
    LCD_Fill                                 0x080019fb   Thumb Code    74  lcd.o(i.LCD_Fill)
    LCD_Init                                 0x08001a45   Thumb Code   468  lcd_init.o(i.LCD_Init)
    LCD_ShowChar                             0x08001c21   Thumb Code   328  lcd.o(i.LCD_ShowChar)
    LCD_ShowChinese                          0x08001d79   Thumb Code   140  lcd.o(i.LCD_ShowChinese)
    LCD_ShowChinese12x12                     0x08001e05   Thumb Code   322  lcd.o(i.LCD_ShowChinese12x12)
    LCD_ShowChinese16x16                     0x08001f4d   Thumb Code   306  lcd.o(i.LCD_ShowChinese16x16)
    LCD_ShowChinese24x24                     0x08002085   Thumb Code   322  lcd.o(i.LCD_ShowChinese24x24)
    LCD_ShowChinese32x32                     0x080021cd   Thumb Code   306  lcd.o(i.LCD_ShowChinese32x32)
    LCD_ShowFloatNum1                        0x08002305   Thumb Code   174  lcd.o(i.LCD_ShowFloatNum1)
    LCD_ShowIntNum                           0x080023b9   Thumb Code   150  lcd.o(i.LCD_ShowIntNum)
    LCD_ShowString                           0x0800244f   Thumb Code    66  lcd.o(i.LCD_ShowString)
    LCD_WR_DATA                              0x08002491   Thumb Code    18  lcd_init.o(i.LCD_WR_DATA)
    LCD_WR_DATA8                             0x080024a3   Thumb Code    12  lcd_init.o(i.LCD_WR_DATA8)
    LCD_WR_REG                               0x080024b1   Thumb Code    32  lcd_init.o(i.LCD_WR_REG)
    LCD_Writ_Bus                             0x080024d5   Thumb Code    86  lcd_init.o(i.LCD_Writ_Bus)
    LED_Init                                 0x08002535   Thumb Code    58  led.o(i.LED_Init)
    My_RTC_Init                              0x0800257d   Thumb Code   114  rtc.o(i.My_RTC_Init)
    NVIC_Init                                0x08002615   Thumb Code   106  misc.o(i.NVIC_Init)
    NVIC_PriorityGroupConfig                 0x0800268d   Thumb Code    10  misc.o(i.NVIC_PriorityGroupConfig)
    PID_SET                                  0x080026a1   Thumb Code    26  ventilator_function.o(i.PID_SET)
    PID_SETPRESSURE                          0x080026c1   Thumb Code   214  ventilator_function.o(i.PID_SETPRESSURE)
    PID_SETPRESSURE_F                        0x080027bd   Thumb Code    86  ventilator_function.o(i.PID_SETPRESSURE_F)
    PID_SETPRESSURE_R                        0x08002829   Thumb Code    86  ventilator_function.o(i.PID_SETPRESSURE_R)
    PWR_BackupAccessCmd                      0x08002895   Thumb Code     6  stm32f4xx_pwr.o(i.PWR_BackupAccessCmd)
    PWR_ClearFlag                            0x080028a1   Thumb Code    14  stm32f4xx_pwr.o(i.PWR_ClearFlag)
    PWR_EnterSTANDBYMode                     0x080028b5   Thumb Code    32  stm32f4xx_pwr.o(i.PWR_EnterSTANDBYMode)
    PWR_WakeUpPinCmd                         0x080028dd   Thumb Code     6  stm32f4xx_pwr.o(i.PWR_WakeUpPinCmd)
    RCC_AHB1PeriphClockCmd                   0x080028e9   Thumb Code    26  stm32f4xx_rcc.o(i.RCC_AHB1PeriphClockCmd)
    RCC_AHB1PeriphResetCmd                   0x08002909   Thumb Code    26  stm32f4xx_rcc.o(i.RCC_AHB1PeriphResetCmd)
    RCC_APB1PeriphClockCmd                   0x08002929   Thumb Code    26  stm32f4xx_rcc.o(i.RCC_APB1PeriphClockCmd)
    RCC_APB2PeriphClockCmd                   0x08002949   Thumb Code    26  stm32f4xx_rcc.o(i.RCC_APB2PeriphClockCmd)
    RCC_GetClocksFreq                        0x08002969   Thumb Code   214  stm32f4xx_rcc.o(i.RCC_GetClocksFreq)
    RCC_GetFlagStatus                        0x08002a51   Thumb Code    60  stm32f4xx_rcc.o(i.RCC_GetFlagStatus)
    RCC_LSEConfig                            0x08002a91   Thumb Code    40  stm32f4xx_rcc.o(i.RCC_LSEConfig)
    RCC_RTCCLKCmd                            0x08002abd   Thumb Code     6  stm32f4xx_rcc.o(i.RCC_RTCCLKCmd)
    RCC_RTCCLKConfig                         0x08002ac9   Thumb Code    50  stm32f4xx_rcc.o(i.RCC_RTCCLKConfig)
    RTC_Alarm_IRQHandler                     0x08002b05   Thumb Code    36  rtc.o(i.RTC_Alarm_IRQHandler)
    RTC_ClearFlag                            0x08002b4d   Thumb Code    24  stm32f4xx_rtc.o(i.RTC_ClearFlag)
    RTC_ClearITPendingBit                    0x08002b69   Thumb Code    28  stm32f4xx_rtc.o(i.RTC_ClearITPendingBit)
    RTC_EnterInitMode                        0x08002b89   Thumb Code    76  stm32f4xx_rtc.o(i.RTC_EnterInitMode)
    RTC_ExitInitMode                         0x08002bd9   Thumb Code    14  stm32f4xx_rtc.o(i.RTC_ExitInitMode)
    RTC_GetDate                              0x08002bed   Thumb Code    68  stm32f4xx_rtc.o(i.RTC_GetDate)
    RTC_GetFlagStatus                        0x08002c39   Thumb Code    32  stm32f4xx_rtc.o(i.RTC_GetFlagStatus)
    RTC_GetTime                              0x08002c61   Thumb Code    72  stm32f4xx_rtc.o(i.RTC_GetTime)
    RTC_ITConfig                             0x08002cb1   Thumb Code    94  stm32f4xx_rtc.o(i.RTC_ITConfig)
    RTC_Init                                 0x08002d15   Thumb Code    94  stm32f4xx_rtc.o(i.RTC_Init)
    RTC_ReadBackupRegister                   0x08002d79   Thumb Code    26  stm32f4xx_rtc.o(i.RTC_ReadBackupRegister)
    RTC_WKUP_IRQHandler                      0x08002d99   Thumb Code    30  rtc.o(i.RTC_WKUP_IRQHandler)
    RTC_WriteBackupRegister                  0x08002db9   Thumb Code    24  stm32f4xx_rtc.o(i.RTC_WriteBackupRegister)
    SHT20_Init                               0x08002ed1   Thumb Code    10  sht20.o(i.SHT20_Init)
    Standby_mode                             0x08002fcd   Thumb Code    62  wkup.o(i.Standby_mode)
    SysTick_Handler                          0x0800300b   Thumb Code    16  board.o(i.SysTick_Handler)
    SystemInit                               0x0800301d   Thumb Code    88  system_stm32f4xx.o(i.SystemInit)
    TIM6_DAC_IRQHandler                      0x08003085   Thumb Code    32  stm32f4xx_it.o(i.TIM6_DAC_IRQHandler)
    TIMX_PWM_Init                            0x080030ad   Thumb Code   144  air_blower.o(i.TIMX_PWM_Init)
    TIM_ClearFlag                            0x08003145   Thumb Code     6  stm32f4xx_tim.o(i.TIM_ClearFlag)
    TIM_ClearITPendingBit                    0x0800314b   Thumb Code     6  stm32f4xx_tim.o(i.TIM_ClearITPendingBit)
    TIM_Cmd                                  0x08003151   Thumb Code    24  stm32f4xx_tim.o(i.TIM_Cmd)
    TIM_ETRConfig                            0x08003169   Thumb Code    28  stm32f4xx_tim.o(i.TIM_ETRConfig)
    TIM_GetITStatus                          0x08003185   Thumb Code    34  stm32f4xx_tim.o(i.TIM_GetITStatus)
    TIM_ITConfig                             0x080031a7   Thumb Code    18  stm32f4xx_tim.o(i.TIM_ITConfig)
    TIM_OC1Init                              0x080031b9   Thumb Code   114  stm32f4xx_tim.o(i.TIM_OC1Init)
    TIM_OC1PreloadConfig                     0x08003235   Thumb Code    18  stm32f4xx_tim.o(i.TIM_OC1PreloadConfig)
    TIM_OC2Init                              0x08003249   Thumb Code   154  stm32f4xx_tim.o(i.TIM_OC2Init)
    TIM_OC2PreloadConfig                     0x080032ed   Thumb Code    26  stm32f4xx_tim.o(i.TIM_OC2PreloadConfig)
    TIM_SetCompare1                          0x08003307   Thumb Code     4  stm32f4xx_tim.o(i.TIM_SetCompare1)
    TIM_TimeBaseInit                         0x0800330d   Thumb Code   104  stm32f4xx_tim.o(i.TIM_TimeBaseInit)
    USART_Cmd                                0x08003391   Thumb Code    24  stm32f4xx_usart.o(i.USART_Cmd)
    USART_GetFlagStatus                      0x080033a9   Thumb Code    26  stm32f4xx_usart.o(i.USART_GetFlagStatus)
    USART_ITConfig                           0x080033c3   Thumb Code    74  stm32f4xx_usart.o(i.USART_ITConfig)
    USART_Init                               0x0800340d   Thumb Code   204  stm32f4xx_usart.o(i.USART_Init)
    USART_SendData                           0x080034e1   Thumb Code     8  stm32f4xx_usart.o(i.USART_SendData)
    Usart_SendByte                           0x080034e9   Thumb Code    30  bsp_debug_usart.o(i.Usart_SendByte)
    Usart_SendString                         0x08003507   Thumb Code    42  bsp_debug_usart.o(i.Usart_SendString)
    WPID_GetValue                            0x08003531   Thumb Code   248  ventilator_function.o(i.WPID_GetValue)
    XGZP6859_Init                            0x08003631   Thumb Code    12  xgzp6859.o(i.XGZP6859_Init)
    __0printf                                0x08003701   Thumb Code    22  printfa.o(i.__0printf)
    __1printf                                0x08003701   Thumb Code     0  printfa.o(i.__0printf)
    __2printf                                0x08003701   Thumb Code     0  printfa.o(i.__0printf)
    __c89printf                              0x08003701   Thumb Code     0  printfa.o(i.__0printf)
    printf                                   0x08003701   Thumb Code     0  printfa.o(i.__0printf)
    __0sprintf                               0x08003721   Thumb Code    34  printfa.o(i.__0sprintf)
    __1sprintf                               0x08003721   Thumb Code     0  printfa.o(i.__0sprintf)
    __2sprintf                               0x08003721   Thumb Code     0  printfa.o(i.__0sprintf)
    __c89sprintf                             0x08003721   Thumb Code     0  printfa.o(i.__0sprintf)
    sprintf                                  0x08003721   Thumb Code     0  printfa.o(i.__0sprintf)
    __0vsnprintf                             0x08003749   Thumb Code    40  printfa.o(i.__0vsnprintf)
    __1vsnprintf                             0x08003749   Thumb Code     0  printfa.o(i.__0vsnprintf)
    __2vsnprintf                             0x08003749   Thumb Code     0  printfa.o(i.__0vsnprintf)
    __c89vsnprintf                           0x08003749   Thumb Code     0  printfa.o(i.__0vsnprintf)
    vsnprintf                                0x08003749   Thumb Code     0  printfa.o(i.__0vsnprintf)
    __rt_ffs                                 0x08003775   Thumb Code    70  kservice.o(i.__rt_ffs)
    __scatterload_copy                       0x080037c1   Thumb Code    14  handlers.o(i.__scatterload_copy)
    __scatterload_null                       0x080037cf   Thumb Code     2  handlers.o(i.__scatterload_null)
    __scatterload_zeroinit                   0x080037d1   Thumb Code    14  handlers.o(i.__scatterload_zeroinit)
    btim_init                                0x0800433d   Thumb Code    90  btim.o(i.btim_init)
    flash_readInfo                           0x080044b5   Thumb Code   102  main.o(i.flash_readInfo)
    flash_writeInfo                          0x08004535   Thumb Code    80  main.o(i.flash_writeInfo)
    fputc                                    0x08004595   Thumb Code    32  bsp_debug_usart.o(i.fputc)
    key_UIchange                             0x08004829   Thumb Code   366  main.o(i.key_UIchange)
    key_sonSelect                            0x080049b9   Thumb Code   660  main.o(i.key_sonSelect)
    key_valueChange                          0x08004c71   Thumb Code  1320  main.o(i.key_valueChange)
    lcdInit                                  0x080051ad   Thumb Code   108  lcd_init.o(i.lcdInit)
    $Super$$main                             0x08005221   Thumb Code   334  main.o(i.main)
    main_thread_entry                        0x080054a1   Thumb Code    14  components.o(i.main_thread_entry)
    mypow                                    0x080054af   Thumb Code    22  lcd.o(i.mypow)
    rt_application_init                      0x080056c9   Thumb Code    32  components.o(i.rt_application_init)
    rt_components_board_init                 0x080056f5   Thumb Code    20  components.o(i.rt_components_board_init)
    rt_components_init                       0x08005711   Thumb Code    20  components.o(i.rt_components_init)
    rt_console_set_device                    0x0800572d   Thumb Code    48  kservice.o(i.rt_console_set_device)
    rt_device_close                          0x08005761   Thumb Code    54  device.o(i.rt_device_close)
    rt_device_find                           0x08005797   Thumb Code    82  device.o(i.rt_device_find)
    rt_device_open                           0x080057e9   Thumb Code   122  device.o(i.rt_device_open)
    rt_device_register                       0x0800589d   Thumb Code    52  device.o(i.rt_device_register)
    rt_device_write                          0x080058d1   Thumb Code    62  device.o(i.rt_device_write)
    rt_enter_critical                        0x08005951   Thumb Code    28  scheduler.o(i.rt_enter_critical)
    rt_event_create                          0x08005971   Thumb Code    38  ipc.o(i.rt_event_create)
    rt_event_recv                            0x08005997   Thumb Code   218  ipc.o(i.rt_event_recv)
    rt_event_send                            0x08005a71   Thumb Code   180  ipc.o(i.rt_event_send)
    rt_exit_critical                         0x08005b25   Thumb Code    54  scheduler.o(i.rt_exit_critical)
    rt_free                                  0x08005b61   Thumb Code   128  mem.o(i.rt_free)
    rt_heap_begin_get                        0x08005c41   Thumb Code     4  board.o(i.rt_heap_begin_get)
    rt_heap_end_get                          0x08005c49   Thumb Code     4  board.o(i.rt_heap_end_get)
    rt_hw_board_init                         0x08005c51   Thumb Code   266  board.o(i.rt_hw_board_init)
    rt_hw_console_output                     0x08005d81   Thumb Code    74  board.o(i.rt_hw_console_output)
    rt_hw_hard_fault_exception               0x08005dd1   Thumb Code   108  cpuport.o(i.rt_hw_hard_fault_exception)
    rt_hw_serial_register                    0x08005edd   Thumb Code    66  serial.o(i.rt_hw_serial_register)
    rt_hw_stack_init                         0x08005f39   Thumb Code    74  cpuport.o(i.rt_hw_stack_init)
    rt_interrupt_enter                       0x08005f89   Thumb Code    26  irq.o(i.rt_interrupt_enter)
    rt_interrupt_get_nest                    0x08005fa9   Thumb Code     6  irq.o(i.rt_interrupt_get_nest)
    rt_interrupt_leave                       0x08005fb5   Thumb Code    26  irq.o(i.rt_interrupt_leave)
    rt_kprintf                               0x08006065   Thumb Code    96  kservice.o(i.rt_kprintf)
    rt_malloc                                0x0800615d   Thumb Code   336  mem.o(i.rt_malloc)
    rt_memcpy                                0x080062c9   Thumb Code   124  kservice.o(i.rt_memcpy)
    rt_memset                                0x08006345   Thumb Code    72  kservice.o(i.rt_memset)
    rt_object_allocate                       0x0800638d   Thumb Code    74  object.o(i.rt_object_allocate)
    rt_object_delete                         0x080063d7   Thumb Code    32  object.o(i.rt_object_delete)
    rt_object_detach                         0x080063f7   Thumb Code    26  object.o(i.rt_object_detach)
    rt_object_get_information                0x08006411   Thumb Code    36  object.o(i.rt_object_get_information)
    rt_object_init                           0x08006439   Thumb Code    60  object.o(i.rt_object_init)
    rt_object_is_systemobject                0x08006475   Thumb Code    18  object.o(i.rt_object_is_systemobject)
    rt_schedule                              0x08006489   Thumb Code   118  scheduler.o(i.rt_schedule)
    rt_schedule_insert_thread                0x08006519   Thumb Code    72  scheduler.o(i.rt_schedule_insert_thread)
    rt_schedule_remove_thread                0x08006569   Thumb Code    76  scheduler.o(i.rt_schedule_remove_thread)
    rt_sem_init                              0x080065bd   Thumb Code    38  ipc.o(i.rt_sem_init)
    rt_sem_release                           0x080065e3   Thumb Code    58  ipc.o(i.rt_sem_release)
    rt_sem_take                              0x0800661d   Thumb Code   116  ipc.o(i.rt_sem_take)
    rt_set_errno                             0x08006b2d   Thumb Code    36  kservice.o(i.rt_set_errno)
    rt_show_version                          0x08006b55   Thumb Code    38  kservice.o(i.rt_show_version)
    rt_sprintf                               0x08006c05   Thumb Code    34  kservice.o(i.rt_sprintf)
    rt_strlen                                0x08006c27   Thumb Code    18  kservice.o(i.rt_strlen)
    rt_strncmp                               0x08006c39   Thumb Code    40  kservice.o(i.rt_strncmp)
    rt_strncpy                               0x08006c61   Thumb Code    52  kservice.o(i.rt_strncpy)
    rt_system_heap_init                      0x08006c95   Thumb Code   160  mem.o(i.rt_system_heap_init)
    rt_system_scheduler_init                 0x08006d8d   Thumb Code    52  scheduler.o(i.rt_system_scheduler_init)
    rt_system_scheduler_start                0x08006dd9   Thumb Code    36  scheduler.o(i.rt_system_scheduler_start)
    rt_system_timer_init                     0x08006e09   Thumb Code    24  timer.o(i.rt_system_timer_init)
    rt_system_timer_thread_init              0x08006e25   Thumb Code     2  timer.o(i.rt_system_timer_thread_init)
    rt_thread_create                         0x08006e27   Thumb Code    80  thread.o(i.rt_thread_create)
    rt_thread_delay                          0x08006e77   Thumb Code    12  thread.o(i.rt_thread_delay)
    rt_thread_exit                           0x08006e85   Thumb Code    76  thread.o(i.rt_thread_exit)
    rt_thread_idle_excute                    0x08006ee1   Thumb Code   128  idle.o(i.rt_thread_idle_excute)
    rt_thread_idle_init                      0x08006f65   Thumb Code    38  idle.o(i.rt_thread_idle_init)
    rt_thread_init                           0x08006fa1   Thumb Code    52  thread.o(i.rt_thread_init)
    rt_thread_resume                         0x08006fd5   Thumb Code    60  thread.o(i.rt_thread_resume)
    rt_thread_self                           0x08007011   Thumb Code     6  thread.o(i.rt_thread_self)
    rt_thread_sleep                          0x0800701d   Thumb Code    62  thread.o(i.rt_thread_sleep)
    rt_thread_startup                        0x08007061   Thumb Code    44  thread.o(i.rt_thread_startup)
    rt_thread_suspend                        0x0800708d   Thumb Code    68  thread.o(i.rt_thread_suspend)
    rt_thread_timeout                        0x080070d1   Thumb Code    32  thread.o(i.rt_thread_timeout)
    rt_thread_yield                          0x080070f1   Thumb Code    92  thread.o(i.rt_thread_yield)
    rt_tick_get                              0x08007155   Thumb Code     6  clock.o(i.rt_tick_get)
    rt_tick_increase                         0x08007161   Thumb Code    42  clock.o(i.rt_tick_increase)
    rt_timer_check                           0x08007191   Thumb Code   118  timer.o(i.rt_timer_check)
    rt_timer_control                         0x0800720d   Thumb Code    56  timer.o(i.rt_timer_control)
    rt_timer_create                          0x08007245   Thumb Code    54  timer.o(i.rt_timer_create)
    rt_timer_detach                          0x0800727b   Thumb Code    32  timer.o(i.rt_timer_detach)
    rt_timer_init                            0x0800729b   Thumb Code    46  timer.o(i.rt_timer_init)
    rt_timer_start                           0x080072c9   Thumb Code   238  timer.o(i.rt_timer_start)
    rt_timer_stop                            0x080073c1   Thumb Code    48  timer.o(i.rt_timer_stop)
    rt_vsnprintf                             0x080073f1   Thumb Code   800  kservice.o(i.rt_vsnprintf)
    rt_vsprintf                              0x08007719   Thumb Code    22  kservice.o(i.rt_vsprintf)
    rtthread_startup                         0x0800773f   Thumb Code    42  components.o(i.rtthread_startup)
    temperature_PWM_Init                     0x08007791   Thumb Code   166  humidification.o(i.temperature_PWM_Init)
    ui_0                                     0x08007a15   Thumb Code     2  main.o(i.ui_0)
    ui_1                                     0x08007a19   Thumb Code   726  main.o(i.ui_1)
    ui_2                                     0x08007d65   Thumb Code   844  main.o(i.ui_2)
    ui_3                                     0x080080fd   Thumb Code  1266  main.o(i.ui_3)
    ui_4                                     0x080085f5   Thumb Code   856  main.o(i.ui_4)
    ui_5                                     0x080089e1   Thumb Code   596  main.o(i.ui_5)
    ui_clear                                 0x08008c95   Thumb Code    24  main.o(i.ui_clear)
    ui_welcome                               0x08008cad   Thumb Code    58  main.o(i.ui_welcome)
    us_delay1                                0x08008d01   Thumb Code    54  ds18b20.o(i.us_delay1)
    ascii_1206                               0x08008d54   Data          12  lcd.o(.constdata)
    ascii_2412                               0x08008d60   Data        4560  lcd.o(.constdata)
    tfont12                                  0x08009f30   Data          26  lcd.o(.constdata)
    tfont16                                  0x08009f4a   Data        3434  lcd.o(.constdata)
    tfont24                                  0x0800acb4   Data        5994  lcd.o(.constdata)
    tfont32                                  0x0800c41e   Data         520  lcd.o(.constdata)
    gImage_121                               0x0800c626   Data       45000  lcd.o(.constdata)
    __lowest_bit_bitmap                      0x080175ee   Data         256  kservice.o(.constdata)
    __rt_init_rti_start                      0x08017710   Data           4  components.o(.rti_fn.0)
    __rt_init_rti_board_start                0x08017714   Data           4  components.o(.rti_fn.0.end)
    __rt_init_rti_board_end                  0x08017718   Data           4  components.o(.rti_fn.1.end)
    __rt_init_rti_end                        0x0801771c   Data           4  components.o(.rti_fn.6.end)
    Region$$Table$$Base                      0x08017720   Number         0  anon$$obj.o(Region$$Table)
    Region$$Table$$Limit                     0x08017740   Number         0  anon$$obj.o(Region$$Table)
    SystemCoreClock                          0x20000000   Data           4  system_stm32f4xx.o(.data)
    AHBPrescTable                            0x20000004   Data          16  system_stm32f4xx.o(.data)
    tempre_value                             0x20000024   Data           4  main.o(.data)
    tempre_value_pre                         0x20000028   Data           4  main.o(.data)
    Tem_flag                                 0x2000002c   Data           1  main.o(.data)
    Tem_flag_yn                              0x2000002d   Data           1  main.o(.data)
    preassure                                0x20000030   Data           4  main.o(.data)
    preassure_really                         0x20000034   Data           4  main.o(.data)
    cs_flag                                  0x20000038   Data           4  main.o(.data)
    lastui                                   0x20000070   Data           4  main.o(.data)
    nowui                                    0x20000074   Data           4  main.o(.data)
    uiSelect                                 0x20000078   Data           1  main.o(.data)
    signalUIselectChange                     0x20000079   Data           1  main.o(.data)
    signalUIchange                           0x2000007a   Data           1  main.o(.data)
    signalValueChange                        0x2000007b   Data           1  main.o(.data)
    now_running_ui                           0x2000007c   Data           4  main.o(.data)
    table                                    0x20000080   Data         120  main.o(.data)
    IsFirstTimeUse                           0x200000f8   Data           1  main.o(.data)
    stateSuspendthread_control               0x200000f9   Data           1  main.o(.data)
    RTC_TimeStruct                           0x200000fa   Data           4  main.o(.data)
    RTC_DateStruct                           0x200000fe   Data           4  main.o(.data)
    breathSetting                            0x20000104   Data          32  main.o(.data)
    breathSettingBuff                        0x20000124   Data          32  main.o(.data)
    breathSettingP                           0x20000144   Data          40  main.o(.data)
    runningSetting                           0x2000016c   Data           6  main.o(.data)
    runningSettingBuff                       0x20000172   Data           6  main.o(.data)
    runningSettingP                          0x20000178   Data          24  main.o(.data)
    SDP810                                   0x2000019c   Data          12  sdp8xx.o(.data)
    IIC1                                     0x200001a8   Data          48  siic.o(.data)
    IIC2                                     0x200001d8   Data          48  siic.o(.data)
    IIC3                                     0x20000208   Data          48  siic.o(.data)
    ascii_1608                               0x20000238   Data        1520  lcd.o(.data)
    ascii_3216                               0x20000828   Data        1664  lcd.o(.data)
    time_cnt                                 0x20000ea8   Data           2  btim.o(.data)
    rt_interrupt_nest                        0x20000eb0   Data           1  irq.o(.data)
    rt_current_thread                        0x20000f48   Data           4  scheduler.o(.data)
    rt_current_priority                      0x20000f4c   Data           1  scheduler.o(.data)
    rt_thread_ready_priority_group           0x20000f50   Data           4  scheduler.o(.data)
    rt_thread_defunct                        0x20000f54   Data           8  scheduler.o(.data)
    rt_interrupt_from_thread                 0x20000f68   Data           4  cpuport.o(.data)
    rt_interrupt_to_thread                   0x20000f6c   Data           4  cpuport.o(.data)
    rt_thread_switch_interrupt_flag          0x20000f70   Data           4  cpuport.o(.data)
    __stdout                                 0x20000f78   Data           4  stdout.o(.data)
    myInfosFlash                             0x20000f9c   Data         840  main.o(.bss)
    myInfos                                  0x200012e4   Data          44  main.o(.bss)
    rt_thread_priority_table                 0x20002584   Data          64  scheduler.o(.bss)
    __initial_sp                             0x200029c8   Data           0  startup_stm32f40xx.o(STACK)



==============================================================================

Memory Map of the image

  Image Entry point : 0x08000189

  Load Region LR_IROM1 (Base: 0x08000000, Size: 0x000186bc, Max: 0x00100000, ABSOLUTE, COMPRESSED[0x00017df4])

    Execution Region ER_IROM1 (Exec base: 0x08000000, Load base: 0x08000000, Size: 0x00017740, Max: 0x00100000, ABSOLUTE)

    Exec Addr    Load Addr    Size         Type   Attr      Idx    E Section Name        Object

    0x08000000   0x08000000   0x00000188   Data   RO            3    RESET               startup_stm32f40xx.o
    0x08000188   0x08000188   0x00000000   Code   RO         7387  * .ARM.Collect$$$$00000000  mc_w.l(entry.o)
    0x08000188   0x08000188   0x00000004   Code   RO         7667    .ARM.Collect$$$$00000001  mc_w.l(entry2.o)
    0x0800018c   0x0800018c   0x00000004   Code   RO         7670    .ARM.Collect$$$$00000004  mc_w.l(entry5.o)
    0x08000190   0x08000190   0x00000000   Code   RO         7672    .ARM.Collect$$$$00000008  mc_w.l(entry7b.o)
    0x08000190   0x08000190   0x00000000   Code   RO         7674    .ARM.Collect$$$$0000000A  mc_w.l(entry8b.o)
    0x08000190   0x08000190   0x00000008   Code   RO         7675    .ARM.Collect$$$$0000000B  mc_w.l(entry9a.o)
    0x08000198   0x08000198   0x00000000   Code   RO         7677    .ARM.Collect$$$$0000000D  mc_w.l(entry10a.o)
    0x08000198   0x08000198   0x00000000   Code   RO         7679    .ARM.Collect$$$$0000000F  mc_w.l(entry11a.o)
    0x08000198   0x08000198   0x00000004   Code   RO         7668    .ARM.Collect$$$$00002712  mc_w.l(entry2.o)
    0x0800019c   0x0800019c   0x00000024   Code   RO            4    .text               startup_stm32f40xx.o
    0x080001c0   0x080001c0   0x00000110   Code   RO         7173    .text               context_rvds.o
    0x080002d0   0x080002d0   0x00000024   Code   RO         7390    .text               mc_w.l(memcpya.o)
    0x080002f4   0x080002f4   0x0000014e   Code   RO         7655    .text               mf_w.l(dadd.o)
    0x08000442   0x08000442   0x000000e4   Code   RO         7657    .text               mf_w.l(dmul.o)
    0x08000526   0x08000526   0x000000de   Code   RO         7659    .text               mf_w.l(ddiv.o)
    0x08000604   0x08000604   0x00000022   Code   RO         7661    .text               mf_w.l(dflti.o)
    0x08000626   0x08000626   0x00000038   Code   RO         7665    .text               mf_w.l(d2f.o)
    0x0800065e   0x0800065e   0x0000002c   Code   RO         7682    .text               mc_w.l(uidiv.o)
    0x0800068a   0x0800068a   0x00000062   Code   RO         7684    .text               mc_w.l(uldiv.o)
    0x080006ec   0x080006ec   0x0000001e   Code   RO         7686    .text               mc_w.l(llshl.o)
    0x0800070a   0x0800070a   0x00000024   Code   RO         7688    .text               mc_w.l(llsshr.o)
    0x0800072e   0x0800072e   0x00000000   Code   RO         7690    .text               mc_w.l(iusefp.o)
    0x0800072e   0x0800072e   0x0000006e   Code   RO         7691    .text               mf_w.l(fepilogue.o)
    0x0800079c   0x0800079c   0x000000ba   Code   RO         7693    .text               mf_w.l(depilogue.o)
    0x08000856   0x08000856   0x00000030   Code   RO         7695    .text               mf_w.l(dfixul.o)
    0x08000886   0x08000886   0x00000002   PAD
    0x08000888   0x08000888   0x00000030   Code   RO         7697    .text               mf_w.l(cdrcmple.o)
    0x080008b8   0x080008b8   0x00000024   Code   RO         7699    .text               mc_w.l(init.o)
    0x080008dc   0x080008dc   0x00000020   Code   RO         7701    .text               mc_w.l(llushr.o)
    0x080008fc   0x080008fc   0x00000056   Code   RO         7711    .text               mc_w.l(__dczerorl2.o)
    0x08000952   0x08000952   0x0000000e   Code   RO         6090    i.$Sub$$main        components.o
    0x08000960   0x08000960   0x0000003c   Code   RO         5265    i.AIR_BLOWER_CONTROL_GPIO_Init  air_blower.o
    0x0800099c   0x0800099c   0x0000004c   Code   RO         4765    i.Alarm_thread_entry  main.o
    0x080009e8   0x080009e8   0x00000048   Code   RO         4766    i.Alarm_timer_callback  main.o
    0x08000a30   0x08000a30   0x00000040   Code   RO         5800    i.BUZZER_Init       buzzer.o
    0x08000a70   0x08000a70   0x00000030   Code   RO         5866    i.BiPAP_clear_keep_time  btim.o
    0x08000aa0   0x08000aa0   0x000000e4   Code   RO         4767    i.CI_entry          main.o
    0x08000b84   0x08000b84   0x00000038   Code   RO         5753    i.Check_WKUP        wkup.o
    0x08000bbc   0x08000bbc   0x00000038   Code   RO         5965    i.DS18B20_GPIO_Config  ds18b20.o
    0x08000bf4   0x08000bf4   0x000000d0   Code   RO         5966    i.DS18B20_Get_Temp  ds18b20.o
    0x08000cc4   0x08000cc4   0x00000010   Code   RO         5967    i.DS18B20_Init      ds18b20.o
    0x08000cd4   0x08000cd4   0x00000020   Code   RO         5968    i.DS18B20_Mode_IPU  ds18b20.o
    0x08000cf4   0x08000cf4   0x00000028   Code   RO         5969    i.DS18B20_Mode_Out_PP  ds18b20.o
    0x08000d1c   0x08000d1c   0x00000058   Code   RO         5970    i.DS18B20_Presence  ds18b20.o
    0x08000d74   0x08000d74   0x00000038   Code   RO         5971    i.DS18B20_Read_Bit  ds18b20.o
    0x08000dac   0x08000dac   0x00000022   Code   RO         5972    i.DS18B20_Read_Byte  ds18b20.o
    0x08000dce   0x08000dce   0x00000002   PAD
    0x08000dd0   0x08000dd0   0x0000002c   Code   RO         5973    i.DS18B20_Rst       ds18b20.o
    0x08000dfc   0x08000dfc   0x0000005c   Code   RO         5975    i.DS18B20_Write_Byte  ds18b20.o
    0x08000e58   0x08000e58   0x000000a8   Code   RO         5157    i.Debug_USART_Config  bsp_debug_usart.o
    0x08000f00   0x08000f00   0x000000a0   Code   RO         4768    i.Debug_USART_Config8266  main.o
    0x08000fa0   0x08000fa0   0x0000000c   Code   RO         5976    i.Delay_us          ds18b20.o
    0x08000fac   0x08000fac   0x0000009e   Code   RO         5551    i.Draw_Circle       lcd.o
    0x0800104a   0x0800104a   0x00000014   Code   RO         5754    i.EXTI0_IRQHandler  wkup.o
    0x0800105e   0x0800105e   0x00000002   PAD
    0x08001060   0x08001060   0x0000000c   Code   RO         1344    i.EXTI_ClearITPendingBit  stm32f4xx_exti.o
    0x0800106c   0x0800106c   0x00000088   Code   RO         1415    i.FLASH_EraseSector  stm32f4xx_flash.o
    0x080010f4   0x080010f4   0x00000054   Code   RO         1417    i.FLASH_GetStatus   stm32f4xx_flash.o
    0x08001148   0x08001148   0x00000014   Code   RO         1421    i.FLASH_Lock        stm32f4xx_flash.o
    0x0800115c   0x0800115c   0x00000050   Code   RO         1445    i.FLASH_ProgramWord  stm32f4xx_flash.o
    0x080011ac   0x080011ac   0x00000024   Code   RO         1447    i.FLASH_Unlock      stm32f4xx_flash.o
    0x080011d0   0x080011d0   0x00000022   Code   RO         1448    i.FLASH_WaitForLastOperation  stm32f4xx_flash.o
    0x080011f2   0x080011f2   0x00000002   PAD
    0x080011f4   0x080011f4   0x00000320   Code   RO         4769    i.Feature_thread_entry  main.o
    0x08001514   0x08001514   0x00000090   Code   RO         1857    i.GPIO_Init         stm32f4xx_gpio.o
    0x080015a4   0x080015a4   0x00000046   Code   RO         1858    i.GPIO_PinAFConfig  stm32f4xx_gpio.o
    0x080015ea   0x080015ea   0x00000012   Code   RO         1861    i.GPIO_ReadInputDataBit  stm32f4xx_gpio.o
    0x080015fc   0x080015fc   0x00000004   Code   RO         1864    i.GPIO_ResetBits    stm32f4xx_gpio.o
    0x08001600   0x08001600   0x00000004   Code   RO         1865    i.GPIO_SetBits      stm32f4xx_gpio.o
    0x08001604   0x08001604   0x0000005e   Code   RO         5296    i.GZP6859D_ReadPressureModeData  xgzp6859.o
    0x08001662   0x08001662   0x00000038   Code   RO         5345    i.IIC_Ack_t         siic.o
    0x0800169a   0x0800169a   0x0000005c   Code   RO         5346    i.IIC_Init_t        siic.o
    0x080016f6   0x080016f6   0x00000030   Code   RO         5347    i.IIC_NAck_t        siic.o
    0x08001726   0x08001726   0x00000058   Code   RO         5348    i.IIC_ReadByte_t    siic.o
    0x0800177e   0x0800177e   0x00000022   Code   RO         5349    i.IIC_SCL           siic.o
    0x080017a0   0x080017a0   0x00000022   Code   RO         5350    i.IIC_SDA           siic.o
    0x080017c2   0x080017c2   0x00000066   Code   RO         5351    i.IIC_SendByte_t    siic.o
    0x08001828   0x08001828   0x00000038   Code   RO         5352    i.IIC_Start_t       siic.o
    0x08001860   0x08001860   0x0000002a   Code   RO         5353    i.IIC_Stop_t        siic.o
    0x0800188a   0x0800188a   0x00000042   Code   RO         5354    i.IIC_WaitAck_t     siic.o
    0x080018cc   0x080018cc   0x000000d8   Code   RO         5429    i.KEY_Init          key.o
    0x080019a4   0x080019a4   0x0000003a   Code   RO         5483    i.LCD_Address_Set   lcd_init.o
    0x080019de   0x080019de   0x0000001c   Code   RO         5555    i.LCD_DrawPoint     lcd.o
    0x080019fa   0x080019fa   0x0000004a   Code   RO         5557    i.LCD_Fill          lcd.o
    0x08001a44   0x08001a44   0x000001dc   Code   RO         5484    i.LCD_Init          lcd_init.o
    0x08001c20   0x08001c20   0x00000158   Code   RO         5558    i.LCD_ShowChar      lcd.o
    0x08001d78   0x08001d78   0x0000008c   Code   RO         5559    i.LCD_ShowChinese   lcd.o
    0x08001e04   0x08001e04   0x00000148   Code   RO         5560    i.LCD_ShowChinese12x12  lcd.o
    0x08001f4c   0x08001f4c   0x00000138   Code   RO         5561    i.LCD_ShowChinese16x16  lcd.o
    0x08002084   0x08002084   0x00000148   Code   RO         5562    i.LCD_ShowChinese24x24  lcd.o
    0x080021cc   0x080021cc   0x00000138   Code   RO         5563    i.LCD_ShowChinese32x32  lcd.o
    0x08002304   0x08002304   0x000000b4   Code   RO         5564    i.LCD_ShowFloatNum1  lcd.o
    0x080023b8   0x080023b8   0x00000096   Code   RO         5565    i.LCD_ShowIntNum    lcd.o
    0x0800244e   0x0800244e   0x00000042   Code   RO         5567    i.LCD_ShowString    lcd.o
    0x08002490   0x08002490   0x00000012   Code   RO         5485    i.LCD_WR_DATA       lcd_init.o
    0x080024a2   0x080024a2   0x0000000c   Code   RO         5486    i.LCD_WR_DATA8      lcd_init.o
    0x080024ae   0x080024ae   0x00000002   PAD
    0x080024b0   0x080024b0   0x00000024   Code   RO         5487    i.LCD_WR_REG        lcd_init.o
    0x080024d4   0x080024d4   0x00000060   Code   RO         5488    i.LCD_Writ_Bus      lcd_init.o
    0x08002534   0x08002534   0x00000048   Code   RO         5687    i.LED_Init          led.o
    0x0800257c   0x0800257c   0x00000072   Code   RO         5902    i.My_RTC_Init       rtc.o
    0x080025ee   0x080025ee   0x00000026   Code   RO         5158    i.NVIC_Configuration  bsp_debug_usart.o
    0x08002614   0x08002614   0x00000078   Code   RO          155    i.NVIC_Init         misc.o
    0x0800268c   0x0800268c   0x00000014   Code   RO          156    i.NVIC_PriorityGroupConfig  misc.o
    0x080026a0   0x080026a0   0x00000020   Code   RO         7217    i.PID_SET           ventilator_function.o
    0x080026c0   0x080026c0   0x000000fc   Code   RO         7218    i.PID_SETPRESSURE   ventilator_function.o
    0x080027bc   0x080027bc   0x0000006c   Code   RO         7219    i.PID_SETPRESSURE_F  ventilator_function.o
    0x08002828   0x08002828   0x0000006c   Code   RO         7220    i.PID_SETPRESSURE_R  ventilator_function.o
    0x08002894   0x08002894   0x0000000c   Code   RO         2426    i.PWR_BackupAccessCmd  stm32f4xx_pwr.o
    0x080028a0   0x080028a0   0x00000014   Code   RO         2428    i.PWR_ClearFlag     stm32f4xx_pwr.o
    0x080028b4   0x080028b4   0x00000028   Code   RO         2430    i.PWR_EnterSTANDBYMode  stm32f4xx_pwr.o
    0x080028dc   0x080028dc   0x0000000c   Code   RO         2441    i.PWR_WakeUpPinCmd  stm32f4xx_pwr.o
    0x080028e8   0x080028e8   0x00000020   Code   RO         2561    i.RCC_AHB1PeriphClockCmd  stm32f4xx_rcc.o
    0x08002908   0x08002908   0x00000020   Code   RO         2563    i.RCC_AHB1PeriphResetCmd  stm32f4xx_rcc.o
    0x08002928   0x08002928   0x00000020   Code   RO         2570    i.RCC_APB1PeriphClockCmd  stm32f4xx_rcc.o
    0x08002948   0x08002948   0x00000020   Code   RO         2573    i.RCC_APB2PeriphClockCmd  stm32f4xx_rcc.o
    0x08002968   0x08002968   0x000000e8   Code   RO         2582    i.RCC_GetClocksFreq  stm32f4xx_rcc.o
    0x08002a50   0x08002a50   0x00000040   Code   RO         2583    i.RCC_GetFlagStatus  stm32f4xx_rcc.o
    0x08002a90   0x08002a90   0x0000002c   Code   RO         2591    i.RCC_LSEConfig     stm32f4xx_rcc.o
    0x08002abc   0x08002abc   0x0000000c   Code   RO         2605    i.RCC_RTCCLKCmd     stm32f4xx_rcc.o
    0x08002ac8   0x08002ac8   0x0000003c   Code   RO         2606    i.RCC_RTCCLKConfig  stm32f4xx_rcc.o
    0x08002b04   0x08002b04   0x00000030   Code   RO         5903    i.RTC_Alarm_IRQHandler  rtc.o
    0x08002b34   0x08002b34   0x00000016   Code   RO         2968    i.RTC_Bcd2ToByte    stm32f4xx_rtc.o
    0x08002b4a   0x08002b4a   0x00000002   PAD
    0x08002b4c   0x08002b4c   0x0000001c   Code   RO         2973    i.RTC_ClearFlag     stm32f4xx_rtc.o
    0x08002b68   0x08002b68   0x00000020   Code   RO         2974    i.RTC_ClearITPendingBit  stm32f4xx_rtc.o
    0x08002b88   0x08002b88   0x00000050   Code   RO         2980    i.RTC_EnterInitMode  stm32f4xx_rtc.o
    0x08002bd8   0x08002bd8   0x00000014   Code   RO         2981    i.RTC_ExitInitMode  stm32f4xx_rtc.o
    0x08002bec   0x08002bec   0x0000004c   Code   RO         2984    i.RTC_GetDate       stm32f4xx_rtc.o
    0x08002c38   0x08002c38   0x00000028   Code   RO         2985    i.RTC_GetFlagStatus  stm32f4xx_rtc.o
    0x08002c60   0x08002c60   0x00000050   Code   RO         2989    i.RTC_GetTime       stm32f4xx_rtc.o
    0x08002cb0   0x08002cb0   0x00000064   Code   RO         2993    i.RTC_ITConfig      stm32f4xx_rtc.o
    0x08002d14   0x08002d14   0x00000064   Code   RO         2994    i.RTC_Init          stm32f4xx_rtc.o
    0x08002d78   0x08002d78   0x00000020   Code   RO         2997    i.RTC_ReadBackupRegister  stm32f4xx_rtc.o
    0x08002d98   0x08002d98   0x0000001e   Code   RO         5908    i.RTC_WKUP_IRQHandler  rtc.o
    0x08002db6   0x08002db6   0x00000002   PAD
    0x08002db8   0x08002db8   0x0000001c   Code   RO         3020    i.RTC_WriteBackupRegister  stm32f4xx_rtc.o
    0x08002dd4   0x08002dd4   0x00000014   Code   RO         5355    i.SDA_READ          siic.o
    0x08002de8   0x08002de8   0x00000010   Code   RO         5220    i.SDP8XX_Init_t     sdp8xx.o
    0x08002df8   0x08002df8   0x00000094   Code   RO         5221    i.SDP8XX_ReadData_t  sdp8xx.o
    0x08002e8c   0x08002e8c   0x00000044   Code   RO         5222    i.SDP8XX_Write_Cmd_t  sdp8xx.o
    0x08002ed0   0x08002ed0   0x00000010   Code   RO         5827    i.SHT20_Init        sht20.o
    0x08002ee0   0x08002ee0   0x000000ec   Code   RO           13    i.SetSysClock       system_stm32f4xx.o
    0x08002fcc   0x08002fcc   0x0000003e   Code   RO         5755    i.Standby_mode      wkup.o
    0x0800300a   0x0800300a   0x00000010   Code   RO         5063    i.SysTick_Handler   board.o
    0x0800301a   0x0800301a   0x00000002   PAD
    0x0800301c   0x0800301c   0x00000068   Code   RO           15    i.SystemInit        system_stm32f4xx.o
    0x08003084   0x08003084   0x00000028   Code   RO         5039    i.TIM6_DAC_IRQHandler  stm32f4xx_it.o
    0x080030ac   0x080030ac   0x00000098   Code   RO         5266    i.TIMX_PWM_Init     air_blower.o
    0x08003144   0x08003144   0x00000006   Code   RO         3951    i.TIM_ClearFlag     stm32f4xx_tim.o
    0x0800314a   0x0800314a   0x00000006   Code   RO         3952    i.TIM_ClearITPendingBit  stm32f4xx_tim.o
    0x08003150   0x08003150   0x00000018   Code   RO         3957    i.TIM_Cmd           stm32f4xx_tim.o
    0x08003168   0x08003168   0x0000001c   Code   RO         3965    i.TIM_ETRConfig     stm32f4xx_tim.o
    0x08003184   0x08003184   0x00000022   Code   RO         3978    i.TIM_GetITStatus   stm32f4xx_tim.o
    0x080031a6   0x080031a6   0x00000012   Code   RO         3982    i.TIM_ITConfig      stm32f4xx_tim.o
    0x080031b8   0x080031b8   0x0000007c   Code   RO         3986    i.TIM_OC1Init       stm32f4xx_tim.o
    0x08003234   0x08003234   0x00000012   Code   RO         3989    i.TIM_OC1PreloadConfig  stm32f4xx_tim.o
    0x08003246   0x08003246   0x00000002   PAD
    0x08003248   0x08003248   0x000000a4   Code   RO         3991    i.TIM_OC2Init       stm32f4xx_tim.o
    0x080032ec   0x080032ec   0x0000001a   Code   RO         3994    i.TIM_OC2PreloadConfig  stm32f4xx_tim.o
    0x08003306   0x08003306   0x00000004   Code   RO         4019    i.TIM_SetCompare1   stm32f4xx_tim.o
    0x0800330a   0x0800330a   0x00000002   PAD
    0x0800330c   0x0800330c   0x00000084   Code   RO         4029    i.TIM_TimeBaseInit  stm32f4xx_tim.o
    0x08003390   0x08003390   0x00000018   Code   RO         4511    i.USART_Cmd         stm32f4xx_usart.o
    0x080033a8   0x080033a8   0x0000001a   Code   RO         4514    i.USART_GetFlagStatus  stm32f4xx_usart.o
    0x080033c2   0x080033c2   0x0000004a   Code   RO         4517    i.USART_ITConfig    stm32f4xx_usart.o
    0x0800340c   0x0800340c   0x000000d4   Code   RO         4518    i.USART_Init        stm32f4xx_usart.o
    0x080034e0   0x080034e0   0x00000008   Code   RO         4528    i.USART_SendData    stm32f4xx_usart.o
    0x080034e8   0x080034e8   0x0000001e   Code   RO         5159    i.Usart_SendByte    bsp_debug_usart.o
    0x08003506   0x08003506   0x0000002a   Code   RO         5161    i.Usart_SendString  bsp_debug_usart.o
    0x08003530   0x08003530   0x00000100   Code   RO         7224    i.WPID_GetValue     ventilator_function.o
    0x08003630   0x08003630   0x00000010   Code   RO         5297    i.XGZP6859_Init     xgzp6859.o
    0x08003640   0x08003640   0x0000007c   Code   RO         5298    i.XGZP6859_ReadReg  xgzp6859.o
    0x080036bc   0x080036bc   0x00000044   Code   RO         5299    i.XGZP6859_WriteReg  xgzp6859.o
    0x08003700   0x08003700   0x00000020   Code   RO         7627    i.__0printf         mc_w.l(printfa.o)
    0x08003720   0x08003720   0x00000028   Code   RO         7629    i.__0sprintf        mc_w.l(printfa.o)
    0x08003748   0x08003748   0x0000002c   Code   RO         7632    i.__0vsnprintf      mc_w.l(printfa.o)
    0x08003774   0x08003774   0x0000004c   Code   RO         6545    i.__rt_ffs          kservice.o
    0x080037c0   0x080037c0   0x0000000e   Code   RO         7705    i.__scatterload_copy  mc_w.l(handlers.o)
    0x080037ce   0x080037ce   0x00000002   Code   RO         7706    i.__scatterload_null  mc_w.l(handlers.o)
    0x080037d0   0x080037d0   0x0000000e   Code   RO         7707    i.__scatterload_zeroinit  mc_w.l(handlers.o)
    0x080037de   0x080037de   0x00000002   PAD
    0x080037e0   0x080037e0   0x00000184   Code   RO         7634    i._fp_digits        mc_w.l(printfa.o)
    0x08003964   0x08003964   0x00000014   Code   RO         6248    i._has_defunct_thread  idle.o
    0x08003978   0x08003978   0x000006dc   Code   RO         7635    i._printf_core      mc_w.l(printfa.o)
    0x08004054   0x08004054   0x00000024   Code   RO         7636    i._printf_post_padding  mc_w.l(printfa.o)
    0x08004078   0x08004078   0x0000002e   Code   RO         7637    i._printf_pre_padding  mc_w.l(printfa.o)
    0x080040a6   0x080040a6   0x00000002   PAD
    0x080040a8   0x080040a8   0x00000084   Code   RO         6951    i._rt_thread_init   thread.o
    0x0800412c   0x0800412c   0x00000042   Code   RO         7066    i._rt_timer_init    timer.o
    0x0800416e   0x0800416e   0x0000002e   Code   RO         7067    i._rt_timer_remove  timer.o
    0x0800419c   0x0800419c   0x000000d4   Code   RO         7306    i._serial_dma_rx    serial.o
    0x08004270   0x08004270   0x0000003c   Code   RO         7307    i._serial_fifo_calc_recved_len  serial.o
    0x080042ac   0x080042ac   0x00000070   Code   RO         7308    i._serial_int_rx    serial.o
    0x0800431c   0x0800431c   0x00000016   Code   RO         7638    i._snputc           mc_w.l(printfa.o)
    0x08004332   0x08004332   0x0000000a   Code   RO         7639    i._sputc            mc_w.l(printfa.o)
    0x0800433c   0x0800433c   0x00000060   Code   RO         5867    i.btim_init         btim.o
    0x0800439c   0x0800439c   0x000000a4   Code   RO         4770    i.data_acquisition_entry  main.o
    0x08004440   0x08004440   0x00000020   Code   RO         5757    i.delay_ms          wkup.o
    0x08004460   0x08004460   0x00000054   Code   RO         5489    i.delay_us          lcd_init.o
    0x080044b4   0x080044b4   0x00000080   Code   RO         4771    i.flash_readInfo    main.o
    0x08004534   0x08004534   0x00000060   Code   RO         4772    i.flash_writeInfo   main.o
    0x08004594   0x08004594   0x00000024   Code   RO         5163    i.fputc             bsp_debug_usart.o
    0x080045b8   0x080045b8   0x00000260   Code   RO         4773    i.humidification_thread_entry  main.o
    0x08004818   0x08004818   0x0000000e   Code   RO         5356    i.iic_delay         siic.o
    0x08004826   0x08004826   0x00000002   PAD
    0x08004828   0x08004828   0x00000190   Code   RO         4774    i.key_UIchange      main.o
    0x080049b8   0x080049b8   0x000002b8   Code   RO         4775    i.key_sonSelect     main.o
    0x08004c70   0x08004c70   0x0000053c   Code   RO         4776    i.key_valueChange   main.o
    0x080051ac   0x080051ac   0x00000074   Code   RO         5490    i.lcdInit           lcd_init.o
    0x08005220   0x08005220   0x00000280   Code   RO         4777    i.main              main.o
    0x080054a0   0x080054a0   0x0000000e   Code   RO         6091    i.main_thread_entry  components.o
    0x080054ae   0x080054ae   0x00000016   Code   RO         5568    i.mypow             lcd.o
    0x080054c4   0x080054c4   0x00000078   Code   RO         6738    i.plug_holes        mem.o
    0x0800553c   0x0800553c   0x0000018c   Code   RO         6547    i.print_number      kservice.o
    0x080056c8   0x080056c8   0x0000002c   Code   RO         6092    i.rt_application_init  components.o
    0x080056f4   0x080056f4   0x0000001c   Code   RO         6093    i.rt_components_board_init  components.o
    0x08005710   0x08005710   0x0000001c   Code   RO         6094    i.rt_components_init  components.o
    0x0800572c   0x0800572c   0x00000034   Code   RO         6549    i.rt_console_set_device  kservice.o
    0x08005760   0x08005760   0x00000036   Code   RO         6158    i.rt_device_close   device.o
    0x08005796   0x08005796   0x00000052   Code   RO         6162    i.rt_device_find    device.o
    0x080057e8   0x080057e8   0x000000b4   Code   RO         6165    i.rt_device_open    device.o
    0x0800589c   0x0800589c   0x00000034   Code   RO         6167    i.rt_device_register  device.o
    0x080058d0   0x080058d0   0x0000003e   Code   RO         6171    i.rt_device_write   device.o
    0x0800590e   0x0800590e   0x0000000c   Code   RO         7309    i.rt_dma_calc_recved_len  serial.o
    0x0800591a   0x0800591a   0x00000036   Code   RO         7310    i.rt_dma_recv_update_get_index  serial.o
    0x08005950   0x08005950   0x00000020   Code   RO         6870    i.rt_enter_critical  scheduler.o
    0x08005970   0x08005970   0x00000026   Code   RO         6289    i.rt_event_create   ipc.o
    0x08005996   0x08005996   0x000000da   Code   RO         6293    i.rt_event_recv     ipc.o
    0x08005a70   0x08005a70   0x000000b4   Code   RO         6294    i.rt_event_send     ipc.o
    0x08005b24   0x08005b24   0x0000003c   Code   RO         6871    i.rt_exit_critical  scheduler.o
    0x08005b60   0x08005b60   0x000000e0   Code   RO         6740    i.rt_free           mem.o
    0x08005c40   0x08005c40   0x00000008   Code   RO         5064    i.rt_heap_begin_get  board.o
    0x08005c48   0x08005c48   0x00000008   Code   RO         5065    i.rt_heap_end_get   board.o
    0x08005c50   0x08005c50   0x00000130   Code   RO         5066    i.rt_hw_board_init  board.o
    0x08005d80   0x08005d80   0x00000050   Code   RO         5067    i.rt_hw_console_output  board.o
    0x08005dd0   0x08005dd0   0x0000010c   Code   RO         7179    i.rt_hw_hard_fault_exception  cpuport.o
    0x08005edc   0x08005edc   0x0000005c   Code   RO         7313    i.rt_hw_serial_register  serial.o
    0x08005f38   0x08005f38   0x00000050   Code   RO         7180    i.rt_hw_stack_init  cpuport.o
    0x08005f88   0x08005f88   0x00000020   Code   RO         6518    i.rt_interrupt_enter  irq.o
    0x08005fa8   0x08005fa8   0x0000000c   Code   RO         6519    i.rt_interrupt_get_nest  irq.o
    0x08005fb4   0x08005fb4   0x00000020   Code   RO         6520    i.rt_interrupt_leave  irq.o
    0x08005fd4   0x08005fd4   0x00000014   Code   RO         6295    i.rt_ipc_list_resume  ipc.o
    0x08005fe8   0x08005fe8   0x0000006c   Code   RO         6297    i.rt_ipc_list_suspend  ipc.o
    0x08006054   0x08006054   0x00000010   Code   RO         6298    i.rt_ipc_object_init  ipc.o
    0x08006064   0x08006064   0x00000068   Code   RO         6553    i.rt_kprintf        kservice.o
    0x080060cc   0x080060cc   0x00000006   Code   RO         6299    i.rt_list_init      ipc.o
    0x080060d2   0x080060d2   0x00000006   Code   RO         6872    i.rt_list_init      scheduler.o
    0x080060d8   0x080060d8   0x00000006   Code   RO         7068    i.rt_list_init      timer.o
    0x080060de   0x080060de   0x0000000e   Code   RO         6800    i.rt_list_insert_after  object.o
    0x080060ec   0x080060ec   0x0000000e   Code   RO         6952    i.rt_list_insert_after  thread.o
    0x080060fa   0x080060fa   0x0000000e   Code   RO         7069    i.rt_list_insert_after  timer.o
    0x08006108   0x08006108   0x0000000e   Code   RO         6300    i.rt_list_insert_before  ipc.o
    0x08006116   0x08006116   0x00000010   Code   RO         6301    i.rt_list_isempty   ipc.o
    0x08006126   0x08006126   0x00000010   Code   RO         7070    i.rt_list_isempty   timer.o
    0x08006136   0x08006136   0x00000012   Code   RO         6801    i.rt_list_remove    object.o
    0x08006148   0x08006148   0x00000012   Code   RO         6953    i.rt_list_remove    thread.o
    0x0800615a   0x0800615a   0x00000002   PAD
    0x0800615c   0x0800615c   0x0000016c   Code   RO         6741    i.rt_malloc         mem.o
    0x080062c8   0x080062c8   0x0000007c   Code   RO         6557    i.rt_memcpy         kservice.o
    0x08006344   0x08006344   0x00000048   Code   RO         6559    i.rt_memset         kservice.o
    0x0800638c   0x0800638c   0x0000004a   Code   RO         6802    i.rt_object_allocate  object.o
    0x080063d6   0x080063d6   0x00000020   Code   RO         6803    i.rt_object_delete  object.o
    0x080063f6   0x080063f6   0x0000001a   Code   RO         6804    i.rt_object_detach  object.o
    0x08006410   0x08006410   0x00000028   Code   RO         6806    i.rt_object_get_information  object.o
    0x08006438   0x08006438   0x0000003c   Code   RO         6807    i.rt_object_init    object.o
    0x08006474   0x08006474   0x00000012   Code   RO         6808    i.rt_object_is_systemobject  object.o
    0x08006486   0x08006486   0x00000002   PAD
    0x08006488   0x08006488   0x00000090   Code   RO         6873    i.rt_schedule       scheduler.o
    0x08006518   0x08006518   0x00000050   Code   RO         6874    i.rt_schedule_insert_thread  scheduler.o
    0x08006568   0x08006568   0x00000054   Code   RO         6875    i.rt_schedule_remove_thread  scheduler.o
    0x080065bc   0x080065bc   0x00000026   Code   RO         6322    i.rt_sem_init       ipc.o
    0x080065e2   0x080065e2   0x0000003a   Code   RO         6323    i.rt_sem_release    ipc.o
    0x0800661c   0x0800661c   0x00000074   Code   RO         6324    i.rt_sem_take       ipc.o
    0x08006690   0x08006690   0x000000c8   Code   RO         7314    i.rt_serial_close   serial.o
    0x08006758   0x08006758   0x00000082   Code   RO         7315    i.rt_serial_control  serial.o
    0x080067da   0x080067da   0x00000026   Code   RO         7316    i.rt_serial_init    serial.o
    0x08006800   0x08006800   0x000001ce   Code   RO         7317    i.rt_serial_open    serial.o
    0x080069ce   0x080069ce   0x00000074   Code   RO         7318    i.rt_serial_read    serial.o
    0x08006a42   0x08006a42   0x000000e8   Code   RO         7319    i.rt_serial_write   serial.o
    0x08006b2a   0x08006b2a   0x00000002   PAD
    0x08006b2c   0x08006b2c   0x00000028   Code   RO         6560    i.rt_set_errno      kservice.o
    0x08006b54   0x08006b54   0x000000b0   Code   RO         6561    i.rt_show_version   kservice.o
    0x08006c04   0x08006c04   0x00000022   Code   RO         6563    i.rt_sprintf        kservice.o
    0x08006c26   0x08006c26   0x00000012   Code   RO         6567    i.rt_strlen         kservice.o
    0x08006c38   0x08006c38   0x00000028   Code   RO         6568    i.rt_strncmp        kservice.o
    0x08006c60   0x08006c60   0x00000034   Code   RO         6569    i.rt_strncpy        kservice.o
    0x08006c94   0x08006c94   0x000000f8   Code   RO         6744    i.rt_system_heap_init  mem.o
    0x08006d8c   0x08006d8c   0x0000004c   Code   RO         6876    i.rt_system_scheduler_init  scheduler.o
    0x08006dd8   0x08006dd8   0x00000030   Code   RO         6877    i.rt_system_scheduler_start  scheduler.o
    0x08006e08   0x08006e08   0x0000001c   Code   RO         7071    i.rt_system_timer_init  timer.o
    0x08006e24   0x08006e24   0x00000002   Code   RO         7072    i.rt_system_timer_thread_init  timer.o
    0x08006e26   0x08006e26   0x00000050   Code   RO         6955    i.rt_thread_create  thread.o
    0x08006e76   0x08006e76   0x0000000c   Code   RO         6956    i.rt_thread_delay   thread.o
    0x08006e82   0x08006e82   0x00000002   PAD
    0x08006e84   0x08006e84   0x00000054   Code   RO         6959    i.rt_thread_exit    thread.o
    0x08006ed8   0x08006ed8   0x00000008   Code   RO         6249    i.rt_thread_idle_entry  idle.o
    0x08006ee0   0x08006ee0   0x00000084   Code   RO         6250    i.rt_thread_idle_excute  idle.o
    0x08006f64   0x08006f64   0x0000003c   Code   RO         6252    i.rt_thread_idle_init  idle.o
    0x08006fa0   0x08006fa0   0x00000034   Code   RO         6961    i.rt_thread_init    thread.o
    0x08006fd4   0x08006fd4   0x0000003c   Code   RO         6962    i.rt_thread_resume  thread.o
    0x08007010   0x08007010   0x0000000c   Code   RO         6963    i.rt_thread_self    thread.o
    0x0800701c   0x0800701c   0x00000044   Code   RO         6964    i.rt_thread_sleep   thread.o
    0x08007060   0x08007060   0x0000002c   Code   RO         6965    i.rt_thread_startup  thread.o
    0x0800708c   0x0800708c   0x00000044   Code   RO         6966    i.rt_thread_suspend  thread.o
    0x080070d0   0x080070d0   0x00000020   Code   RO         6967    i.rt_thread_timeout  thread.o
    0x080070f0   0x080070f0   0x00000064   Code   RO         6968    i.rt_thread_yield   thread.o
    0x08007154   0x08007154   0x0000000c   Code   RO         6054    i.rt_tick_get       clock.o
    0x08007160   0x08007160   0x00000030   Code   RO         6055    i.rt_tick_increase  clock.o
    0x08007190   0x08007190   0x0000007c   Code   RO         7073    i.rt_timer_check    timer.o
    0x0800720c   0x0800720c   0x00000038   Code   RO         7074    i.rt_timer_control  timer.o
    0x08007244   0x08007244   0x00000036   Code   RO         7075    i.rt_timer_create   timer.o
    0x0800727a   0x0800727a   0x00000020   Code   RO         7077    i.rt_timer_detach   timer.o
    0x0800729a   0x0800729a   0x0000002e   Code   RO         7078    i.rt_timer_init     timer.o
    0x080072c8   0x080072c8   0x000000f8   Code   RO         7081    i.rt_timer_start    timer.o
    0x080073c0   0x080073c0   0x00000030   Code   RO         7082    i.rt_timer_stop     timer.o
    0x080073f0   0x080073f0   0x00000328   Code   RO         6572    i.rt_vsnprintf      kservice.o
    0x08007718   0x08007718   0x00000016   Code   RO         6573    i.rt_vsprintf       kservice.o
    0x0800772e   0x0800772e   0x00000004   Code   RO         6095    i.rti_board_end     components.o
    0x08007732   0x08007732   0x00000004   Code   RO         6096    i.rti_board_start   components.o
    0x08007736   0x08007736   0x00000004   Code   RO         6097    i.rti_end           components.o
    0x0800773a   0x0800773a   0x00000004   Code   RO         6098    i.rti_start         components.o
    0x0800773e   0x0800773e   0x0000002a   Code   RO         6099    i.rtthread_startup  components.o
    0x08007768   0x08007768   0x00000026   Code   RO         6574    i.skip_atoi         kservice.o
    0x0800778e   0x0800778e   0x00000002   PAD
    0x08007790   0x08007790   0x000000ac   Code   RO         5459    i.temperature_PWM_Init  humidification.o
    0x0800783c   0x0800783c   0x000001ac   Code   RO         4778    i.thread_lcd_entry  main.o
    0x080079e8   0x080079e8   0x0000000e   Code   RO         5068    i.uart_configure    board.o
    0x080079f6   0x080079f6   0x00000002   PAD
    0x080079f8   0x080079f8   0x0000001c   Code   RO         5069    i.uart_putc         board.o
    0x08007a14   0x08007a14   0x00000002   Code   RO         4780    i.ui_0              main.o
    0x08007a16   0x08007a16   0x00000002   PAD
    0x08007a18   0x08007a18   0x0000034c   Code   RO         4781    i.ui_1              main.o
    0x08007d64   0x08007d64   0x00000398   Code   RO         4782    i.ui_2              main.o
    0x080080fc   0x080080fc   0x000004f8   Code   RO         4783    i.ui_3              main.o
    0x080085f4   0x080085f4   0x000003ec   Code   RO         4784    i.ui_4              main.o
    0x080089e0   0x080089e0   0x000002b4   Code   RO         4785    i.ui_5              main.o
    0x08008c94   0x08008c94   0x00000018   Code   RO         4786    i.ui_clear          main.o
    0x08008cac   0x08008cac   0x00000054   Code   RO         4787    i.ui_welcome        main.o
    0x08008d00   0x08008d00   0x00000040   Code   RO         5977    i.us_delay1         ds18b20.o
    0x08008d40   0x08008d40   0x00000014   Data   RO         5071    .constdata          board.o
    0x08008d54   0x08008d54   0x0000e89a   Data   RO         5569    .constdata          lcd.o
    0x080175ee   0x080175ee   0x00000122   Data   RO         6576    .constdata          kservice.o
    0x08017710   0x08017710   0x00000004   Data   RO         6100    .rti_fn.0           components.o
    0x08017714   0x08017714   0x00000004   Data   RO         6101    .rti_fn.0.end       components.o
    0x08017718   0x08017718   0x00000004   Data   RO         6102    .rti_fn.1.end       components.o
    0x0801771c   0x0801771c   0x00000004   Data   RO         6103    .rti_fn.6.end       components.o
    0x08017720   0x08017720   0x00000020   Data   RO         7703    Region$$Table       anon$$obj.o


    Execution Region RW_IRAM2 (Exec base: 0x10000000, Load base: 0x08017df4, Size: 0x00000000, Max: 0x00010000, ABSOLUTE)

    **** No section assigned to this execution region ****


    Execution Region RW_IRAM1 (Exec base: 0x20000000, Load base: 0x08017740, Size: 0x000029c8, Max: 0x00020000, ABSOLUTE, COMPRESSED[0x000006b4])

    Exec Addr    Load Addr    Size         Type   Attr      Idx    E Section Name        Object

    0x20000000   COMPRESSED   0x00000014   Data   RW           16    .data               system_stm32f4xx.o
    0x20000014   COMPRESSED   0x00000010   Data   RW         2614    .data               stm32f4xx_rcc.o
    0x20000024   COMPRESSED   0x0000016e   Data   RW         4789    .data               main.o
    0x20000192   COMPRESSED   0x00000002   PAD
    0x20000194   COMPRESSED   0x00000008   Data   RW         5072    .data               board.o
    0x2000019c   COMPRESSED   0x0000000c   Data   RW         5223    .data               sdp8xx.o
    0x200001a8   COMPRESSED   0x00000090   Data   RW         5357    .data               siic.o
    0x20000238   COMPRESSED   0x00000c70   Data   RW         5570    .data               lcd.o
    0x20000ea8   COMPRESSED   0x00000002   Data   RW         5868    .data               btim.o
    0x20000eaa   COMPRESSED   0x00000002   PAD
    0x20000eac   COMPRESSED   0x00000004   Data   RW         6057    .data               clock.o
    0x20000eb0   COMPRESSED   0x00000001   Data   RW         6521    .data               irq.o
    0x20000eb1   COMPRESSED   0x00000003   PAD
    0x20000eb4   COMPRESSED   0x00000008   Data   RW         6577    .data               kservice.o
    0x20000ebc   COMPRESSED   0x00000018   Data   RW         6746    .data               mem.o
    0x20000ed4   COMPRESSED   0x00000070   Data   RW         6810    .data               object.o
    0x20000f44   COMPRESSED   0x00000018   Data   RW         6879    .data               scheduler.o
    0x20000f5c   COMPRESSED   0x0000000c   Data   RW         7083    .data               timer.o
    0x20000f68   COMPRESSED   0x00000010   Data   RW         7181    .data               cpuport.o
    0x20000f78   COMPRESSED   0x00000004   Data   RW         7681    .data               mc_w.l(stdout.o)
    0x20000f7c        -       0x00000394   Zero   RW         4788    .bss                main.o
    0x20001310        -       0x00001054   Zero   RW         5070    .bss                board.o
    0x20002364        -       0x00000180   Zero   RW         6253    .bss                idle.o
    0x200024e4        -       0x00000080   Zero   RW         6575    .bss                kservice.o
    0x20002564        -       0x00000020   Zero   RW         6745    .bss                mem.o
    0x20002584        -       0x00000040   Zero   RW         6878    .bss                scheduler.o
    0x200025c4   COMPRESSED   0x00000004   PAD
    0x200025c8        -       0x00000400   Zero   RW            1    STACK               startup_stm32f40xx.o


==============================================================================

Image component sizes


      Code (inc. data)   RO Data    RW Data    ZI Data      Debug   Object Name

       212         14          0          0          0       1407   air_blower.o
       458         58         20          8       4180      34537   board.o
       314         14          0          0          0       4769   bsp_debug_usart.o
       144         16          0          2          0       1331   btim.o
        64          8          0          0          0        554   buzzer.o
        60         12          0          4          0       1249   clock.o
       186         28         16          0          0       6104   components.o
       272         26          0          0          0        840   context_rvds.o
       348        166          0         16          0       3686   cpuport.o
       430         58          0          0          0       4199   device.o
       742         60          0          0          0       7030   ds18b20.o
       172          6          0          0          0        843   humidification.o
       220         30          0          0        384       5126   idle.o
       828          0          0          0          0      10807   ipc.o
        76         18          0          1          0       2150   irq.o
       216         12          0          0          0        635   key.o
      2052        176        290          8        128      13435   kservice.o
      2442         46      59546       3184          0      13609   lcd.o
       896         40          0          0          0       4972   lcd_init.o
        72         14          0          0          0        535   led.o
     10678       1510          0        366        916      32310   main.o
       956        224          0         24         32       4004   mem.o
       140         24          0          0          0       1759   misc.o
       282          4          0        112          0       7952   object.o
       192         12          0          0          0       1723   rtc.o
       530         88          0         24         64       8154   scheduler.o
       232         14          0         12          0       3025   sdp8xx.o
      1720         26          0          0          0      12132   serial.o
        16          6          0          0          0        489   sht20.o
       652          0          0        144          0       7821   siic.o
        36          8        392          0       1024        964   startup_stm32f40xx.o
        12          6          0          0          0        605   stm32f4xx_exti.o
       390         34          0          0          0       4431   stm32f4xx_flash.o
       240          0          0          0          0       3927   stm32f4xx_gpio.o
        40          8          0          0          0        514   stm32f4xx_it.o
        84         26          0          0          0       2328   stm32f4xx_pwr.o
       540         66          0         16          0       8263   stm32f4xx_rcc.o
       638         64          0          0          0       9052   stm32f4xx_rtc.o
       584         48          0          0          0       9026   stm32f4xx_tim.o
       344          8          0          0          0       4533   stm32f4xx_usart.o
       340         32          0         20          0     318201   system_stm32f4xx.o
       776         36          0          0          0      11747   thread.o
       786         20          0         12          0      11894   timer.o
       756         96          0          0          0       3904   ventilator_function.o
       170          6          0          0          0       2139   wkup.o
       302         16          0          0          0       2880   xgzp6859.o

    ----------------------------------------------------------------------
     31674       3184      60296       3960       6732     591595   Object Totals
         0          0         32          0          0          0   (incl. Generated)
        34          0          0          7          4          0   (incl. Padding)

    ----------------------------------------------------------------------

      Code (inc. data)   RO Data    RW Data    ZI Data      Debug   Library Member Name

        86          0          0          0          0          0   __dczerorl2.o
         0          0          0          0          0          0   entry.o
         0          0          0          0          0          0   entry10a.o
         0          0          0          0          0          0   entry11a.o
         8          4          0          0          0          0   entry2.o
         4          0          0          0          0          0   entry5.o
         0          0          0          0          0          0   entry7b.o
         0          0          0          0          0          0   entry8b.o
         8          4          0          0          0          0   entry9a.o
        30          0          0          0          0          0   handlers.o
        36          8          0          0          0         68   init.o
         0          0          0          0          0          0   iusefp.o
        30          0          0          0          0         68   llshl.o
        36          0          0          0          0         68   llsshr.o
        32          0          0          0          0         68   llushr.o
        36          0          0          0          0         68   memcpya.o
      2374        100          0          0          0        752   printfa.o
         0          0          0          4          0          0   stdout.o
        44          0          0          0          0         80   uidiv.o
        98          0          0          0          0         92   uldiv.o
        48          0          0          0          0         68   cdrcmple.o
        56          0          0          0          0         88   d2f.o
       334          0          0          0          0        148   dadd.o
       222          0          0          0          0        100   ddiv.o
       186          0          0          0          0        176   depilogue.o
        48          0          0          0          0         68   dfixul.o
        34          0          0          0          0         76   dflti.o
       228          0          0          0          0         96   dmul.o
       110          0          0          0          0        168   fepilogue.o

    ----------------------------------------------------------------------
      4094        116          0          4          0       2252   Library Totals
         6          0          0          0          0          0   (incl. Padding)

    ----------------------------------------------------------------------

      Code (inc. data)   RO Data    RW Data    ZI Data      Debug   Library Name

      2822        116          0          4          0       1264   mc_w.l
      1266          0          0          0          0        988   mf_w.l

    ----------------------------------------------------------------------
      4094        116          0          4          0       2252   Library Totals

    ----------------------------------------------------------------------

==============================================================================


      Code (inc. data)   RO Data    RW Data    ZI Data      Debug   

     35768       3300      60296       3964       6732     565835   Grand Totals
     35768       3300      60296       1716       6732     565835   ELF Image Totals (compressed)
     35768       3300      60296       1716          0          0   ROM Totals

==============================================================================

    Total RO  Size (Code + RO Data)                96064 (  93.81kB)
    Total RW  Size (RW Data + ZI Data)             10696 (  10.45kB)
    Total ROM Size (Code + RO Data + RW Data)      97780 (  95.49kB)

==============================================================================

